Component: ARM Compiler 5.06 update 4 (build 422) Tool: armlink [4d35d2]

==============================================================================

Section Cross References

    startup_stm32f103xb.o(STACK) refers (Special) to heapauxi.o(.text) for __use_two_region_memory
    startup_stm32f103xb.o(HEAP) refers (Special) to heapauxi.o(.text) for __use_two_region_memory
    startup_stm32f103xb.o(RESET) refers (Special) to heapauxi.o(.text) for __use_two_region_memory
    startup_stm32f103xb.o(RESET) refers to startup_stm32f103xb.o(STACK) for __initial_sp
    startup_stm32f103xb.o(RESET) refers to startup_stm32f103xb.o(.text) for Reset_Handler
    startup_stm32f103xb.o(RESET) refers to stm32f1xx_it.o(i.NMI_Handler) for NMI_Handler
    startup_stm32f103xb.o(RESET) refers to stm32f1xx_it.o(i.HardFault_Handler) for HardFault_Handler
    startup_stm32f103xb.o(RESET) refers to stm32f1xx_it.o(i.MemManage_Handler) for MemManage_Handler
    startup_stm32f103xb.o(RESET) refers to stm32f1xx_it.o(i.BusFault_Handler) for BusFault_Handler
    startup_stm32f103xb.o(RESET) refers to stm32f1xx_it.o(i.UsageFault_Handler) for UsageFault_Handler
    startup_stm32f103xb.o(RESET) refers to stm32f1xx_it.o(i.SVC_Handler) for SVC_Handler
    startup_stm32f103xb.o(RESET) refers to stm32f1xx_it.o(i.DebugMon_Handler) for DebugMon_Handler
    startup_stm32f103xb.o(RESET) refers to stm32f1xx_it.o(i.PendSV_Handler) for PendSV_Handler
    startup_stm32f103xb.o(RESET) refers to stm32f1xx_it.o(i.SysTick_Handler) for SysTick_Handler
    startup_stm32f103xb.o(RESET) refers to stm32f1xx_it.o(i.USART1_IRQHandler) for USART1_IRQHandler
    startup_stm32f103xb.o(.text) refers (Special) to heapauxi.o(.text) for __use_two_region_memory
    startup_stm32f103xb.o(.text) refers to system_stm32f1xx.o(i.SystemInit) for SystemInit
    startup_stm32f103xb.o(.text) refers to __main.o(!!!main) for __main
    startup_stm32f103xb.o(.text) refers to startup_stm32f103xb.o(HEAP) for Heap_Mem
    startup_stm32f103xb.o(.text) refers to startup_stm32f103xb.o(STACK) for Stack_Mem
    carmotor.o(i.CarMotor_init) refers to stm32f1xx_hal_tim.o(i.HAL_TIM_PWM_Start) for HAL_TIM_PWM_Start
    carmotor.o(i.CarMotor_init) refers to tim.o(.bss) for htim3
    carmotor.o(i.Frontal_Right_run2back) refers to tim.o(.bss) for htim4
    carmotor.o(i.Frontal_Right_run2forward) refers to tim.o(.bss) for htim4
    carmotor.o(i.Frontal_left_run2back) refers to tim.o(.bss) for htim4
    carmotor.o(i.Frontal_left_run2forward) refers to tim.o(.bss) for htim4
    carmotor.o(i.back_Right_run2back) refers to tim.o(.bss) for htim3
    carmotor.o(i.back_Right_run2forward) refers to tim.o(.bss) for htim3
    carmotor.o(i.back_left_run2back) refers to tim.o(.bss) for htim3
    carmotor.o(i.back_left_run2forward) refers to tim.o(.bss) for htim3
    carmotor.o(i.carMove2B) refers to fmul.o(x$fpl$fmul) for __aeabi_fmul
    carmotor.o(i.carMove2B) refers to ffixu.o(x$fpl$ffixu) for __aeabi_f2uiz
    carmotor.o(i.carMove2B) refers to carmotor.o(i.Frontal_left_run2back) for Frontal_left_run2back
    carmotor.o(i.carMove2B) refers to carmotor.o(i.Frontal_Right_run2back) for Frontal_Right_run2back
    carmotor.o(i.carMove2B) refers to carmotor.o(i.back_left_run2back) for back_left_run2back
    carmotor.o(i.carMove2B) refers to carmotor.o(i.back_Right_run2back) for back_Right_run2back
    carmotor.o(i.carMove2F) refers to fmul.o(x$fpl$fmul) for __aeabi_fmul
    carmotor.o(i.carMove2F) refers to ffixu.o(x$fpl$ffixu) for __aeabi_f2uiz
    carmotor.o(i.carMove2F) refers to carmotor.o(i.Frontal_left_run2forward) for Frontal_left_run2forward
    carmotor.o(i.carMove2F) refers to carmotor.o(i.Frontal_Right_run2forward) for Frontal_Right_run2forward
    carmotor.o(i.carMove2F) refers to carmotor.o(i.back_left_run2forward) for back_left_run2forward
    carmotor.o(i.carMove2F) refers to carmotor.o(i.back_Right_run2forward) for back_Right_run2forward
    carmotor.o(i.carMove2L) refers to fmul.o(x$fpl$fmul) for __aeabi_fmul
    carmotor.o(i.carMove2L) refers to ffixu.o(x$fpl$ffixu) for __aeabi_f2uiz
    carmotor.o(i.carMove2L) refers to carmotor.o(i.Frontal_left_run2forward) for Frontal_left_run2forward
    carmotor.o(i.carMove2L) refers to carmotor.o(i.Frontal_Right_run2back) for Frontal_Right_run2back
    carmotor.o(i.carMove2L) refers to carmotor.o(i.back_Right_run2back) for back_Right_run2back
    carmotor.o(i.carMove2L) refers to carmotor.o(i.back_Right_run2forward) for back_Right_run2forward
    carmotor.o(i.carMove2R) refers to fmul.o(x$fpl$fmul) for __aeabi_fmul
    carmotor.o(i.carMove2R) refers to ffixu.o(x$fpl$ffixu) for __aeabi_f2uiz
    carmotor.o(i.carMove2R) refers to carmotor.o(i.Frontal_left_run2back) for Frontal_left_run2back
    carmotor.o(i.carMove2R) refers to carmotor.o(i.Frontal_Right_run2forward) for Frontal_Right_run2forward
    carmotor.o(i.carMove2R) refers to carmotor.o(i.back_left_run2forward) for back_left_run2forward
[...]
    ../clib/signal.c                         0x00000000   Number         0  defsig_general.o ABSOLUTE
    ../clib/signal.c                         0x00000000   Number         0  defsig_fpe_inner.o ABSOLUTE
    ../clib/signal.c                         0x00000000   Number         0  defsig_rtred_inner.o ABSOLUTE
    ../clib/signal.c                         0x00000000   Number         0  __raise.o ABSOLUTE
    ../clib/signal.c                         0x00000000   Number         0  defsig_stak_inner.o ABSOLUTE
    ../clib/signal.c                         0x00000000   Number         0  defsig_rtmem_outer.o ABSOLUTE
    ../clib/signal.c                         0x00000000   Number         0  defsig_exit.o ABSOLUTE
    ../clib/signal.c                         0x00000000   Number         0  defsig_pvfn_inner.o ABSOLUTE
    ../clib/signal.c                         0x00000000   Number         0  defsig_cppl_inner.o ABSOLUTE
    ../clib/signal.c                         0x00000000   Number         0  defsig_segv_inner.o ABSOLUTE
    ../clib/signal.c                         0x00000000   Number         0  defsig_other.o ABSOLUTE
    ../clib/signal.c                         0x00000000   Number         0  defsig_abrt_inner.o ABSOLUTE
    ../clib/signal.c                         0x00000000   Number         0  defsig_rtmem_formal.o ABSOLUTE
    ../clib/signal.s                         0x00000000   Number         0  defsig.o ABSOLUTE
    ../clib/stdlib.c                         0x00000000   Number         0  exit.o ABSOLUTE
    ../fplib/d2f.s                           0x00000000   Number         0  d2f.o ABSOLUTE
    ../fplib/daddsub.s                       0x00000000   Number         0  daddsub_clz.o ABSOLUTE
    ../fplib/dflt.s                          0x00000000   Number         0  dflt_clz.o ABSOLUTE
    ../fplib/dmul.s                          0x00000000   Number         0  dmul.o ABSOLUTE
    ../fplib/dnaninf.s                       0x00000000   Number         0  dnaninf.o ABSOLUTE
    ../fplib/dretinf.s                       0x00000000   Number         0  dretinf.o ABSOLUTE
    ../fplib/f2d.s                           0x00000000   Number         0  f2d.o ABSOLUTE
    ../fplib/faddsub.s                       0x00000000   Number         0  faddsub_clz.o ABSOLUTE
    ../fplib/ffix.s                          0x00000000   Number         0  ffix.o ABSOLUTE
    ../fplib/ffixu.s                         0x00000000   Number         0  ffixu.o ABSOLUTE
    ../fplib/fflt.s                          0x00000000   Number         0  fflt_clz.o ABSOLUTE
    ../fplib/fmul.s                          0x00000000   Number         0  fmul.o ABSOLUTE
    ../fplib/fnaninf.s                       0x00000000   Number         0  fnaninf.o ABSOLUTE
    ../fplib/fpinit.s                        0x00000000   Number         0  fpinit.o ABSOLUTE
    ../fplib/fretinf.s                       0x00000000   Number         0  fretinf.o ABSOLUTE
    ../fplib/istatus.s                       0x00000000   Number         0  istatus.o ABSOLUTE
    ../fplib/printf1.s                       0x00000000   Number         0  printf1.o ABSOLUTE
    ../fplib/usenofp.s                       0x00000000   Number         0  usenofp.o ABSOLUTE
    ../mathlib/fpclassify.c                  0x00000000   Number         0  fpclassify.o ABSOLUTE
    ..\Core\Src\ArmCamera.c                  0x00000000   Number         0  armcamera.o ABSOLUTE
    ..\Core\Src\CarMotor.c                   0x00000000   Number         0  carmotor.o ABSOLUTE
    ..\Core\Src\Transmit2Pi.c                0x00000000   Number         0  transmit2pi.o ABSOLUTE
    ..\Core\Src\gpio.c                       0x00000000   Number         0  gpio.o ABSOLUTE
    ..\Core\Src\main.c                       0x00000000   Number         0  main.o ABSOLUTE
    ..\Core\Src\stm32f1xx_hal_msp.c          0x00000000   Number         0  stm32f1xx_hal_msp.o ABSOLUTE
    ..\Core\Src\stm32f1xx_it.c               0x00000000   Number         0  stm32f1xx_it.o ABSOLUTE
    ..\Core\Src\system_stm32f1xx.c           0x00000000   Number         0  system_stm32f1xx.o ABSOLUTE
    ..\Core\Src\tim.c                        0x00000000   Number         0  tim.o ABSOLUTE
    ..\Core\Src\usart.c                      0x00000000   Number         0  usart.o ABSOLUTE
    ..\Drivers\STM32F1xx_HAL_Driver\Src\stm32f1xx_hal.c 0x00000000   Number         0  stm32f1xx_hal.o ABSOLUTE
    ..\Drivers\STM32F1xx_HAL_Driver\Src\stm32f1xx_hal_cortex.c 0x00000000   Number         0  stm32f1xx_hal_cortex.o ABSOLUTE
    ..\Drivers\STM32F1xx_HAL_Driver\Src\stm32f1xx_hal_dma.c 0x00000000   Number         0  stm32f1xx_hal_dma.o ABSOLUTE
    ..\Drivers\STM32F1xx_HAL_Driver\Src\stm32f1xx_hal_exti.c 0x00000000   Number         0  stm32f1xx_hal_exti.o ABSOLUTE
    ..\Drivers\STM32F1xx_HAL_Driver\Src\stm32f1xx_hal_flash.c 0x00000000   Number         0  stm32f1xx_hal_flash.o ABSOLUTE
    ..\Drivers\STM32F1xx_HAL_Driver\Src\stm32f1xx_hal_flash_ex.c 0x00000000   Number         0  stm32f1xx_hal_flash_ex.o ABSOLUTE
    ..\Drivers\STM32F1xx_HAL_Driver\Src\stm32f1xx_hal_gpio.c 0x00000000   Number         0  stm32f1xx_hal_gpio.o ABSOLUTE
    ..\Drivers\STM32F1xx_HAL_Driver\Src\stm32f1xx_hal_gpio_ex.c 0x00000000   Number         0  stm32f1xx_hal_gpio_ex.o ABSOLUTE
    ..\Drivers\STM32F1xx_HAL_Driver\Src\stm32f1xx_hal_pwr.c 0x00000000   Number         0  stm32f1xx_hal_pwr.o ABSOLUTE
    ..\Drivers\STM32F1xx_HAL_Driver\Src\stm32f1xx_hal_rcc.c 0x00000000   Number         0  stm32f1xx_hal_rcc.o ABSOLUTE
    ..\Drivers\STM32F1xx_HAL_Driver\Src\stm32f1xx_hal_rcc_ex.c 0x00000000   Number         0  stm32f1xx_hal_rcc_ex.o ABSOLUTE
    ..\Drivers\STM32F1xx_HAL_Driver\Src\stm32f1xx_hal_tim.c 0x00000000   Number         0  stm32f1xx_hal_tim.o ABSOLUTE
    ..\Drivers\STM32F1xx_HAL_Driver\Src\stm32f1xx_hal_tim_ex.c 0x00000000   Number         0  stm32f1xx_hal_tim_ex.o ABSOLUTE
    ..\Drivers\STM32F1xx_HAL_Driver\Src\stm32f1xx_hal_uart.c 0x00000000   Number         0  stm32f1xx_hal_uart.o ABSOLUTE
    ..\\Core\\Src\\ArmCamera.c               0x00000000   Number         0  armcamera.o ABSOLUTE
    ..\\Core\\Src\\CarMotor.c                0x00000000   Number         0  carmotor.o ABSOLUTE
    ..\\Core\\Src\\Transmit2Pi.c             0x00000000   Number         0  transmit2pi.o ABSOLUTE
    dc.s                                     0x00000000   Number         0  dc.o ABSOLUTE
    startup_stm32f103xb.s                    0x00000000   Number         0  startup_stm32f103xb.o ABSOLUTE
    RESET                                    0x08000000   Section      236  startup_stm32f103xb.o(RESET)
    !!!main                                  0x080000ec   Section        8  __main.o(!!!main)
    !!!scatter                               0x080000f4   Section       52  __scatter.o(!!!scatter)
    !!handler_copy                           0x08000128   Section       26  __scatter_copy.o(!!handler_copy)
    !!handler_zi                             0x08000144   Section       28  __scatter_zi.o(!!handler_zi)
    .ARM.Collect$$_printf_percent$$00000000  0x08000160   Section        0  _printf_percent.o(.ARM.Collect$$_printf_percent$$00000000)
    .ARM.Collect$$_printf_percent$$00000003  0x08000160   Section        6  _printf_f.o(.ARM.Collect$$_printf_percent$$00000003)
    .ARM.Collect$$_printf_percent$$00000017  0x08000166   Section        4  _printf_percent_end.o(.ARM.Collect$$_printf_percent$$00000017)
    .ARM.Collect$$libinit$$00000000          0x0800016a   Section        2  libinit.o(.ARM.Collect$$libinit$$00000000)
    .ARM.Collect$$libinit$$00000002          0x0800016c   Section        0  libinit2.o(.ARM.Collect$$libinit$$00000002)
    .ARM.Collect$$libinit$$00000004          0x0800016c   Section        0  libinit2.o(.ARM.Collect$$libinit$$00000004)
    .ARM.Collect$$libinit$$0000000A          0x0800016c   Section        0  libinit2.o(.ARM.Collect$$libinit$$0000000A)
    .ARM.Collect$$libinit$$0000000C          0x0800016c   Section        0  libinit2.o(.ARM.Collect$$libinit$$0000000C)
    .ARM.Collect$$libinit$$0000000E          0x0800016c   Section        0  libinit2.o(.ARM.Collect$$libinit$$0000000E)
    .ARM.Collect$$libinit$$0000000F          0x0800016c   Section        6  libinit2.o(.ARM.Collect$$libinit$$0000000F)
    .ARM.Collect$$libinit$$00000011          0x08000172   Section        0  libinit2.o(.ARM.Collect$$libinit$$00000011)
    .ARM.Collect$$libinit$$00000013          0x08000172   Section        0  libinit2.o(.ARM.Collect$$libinit$$00000013)
    .ARM.Collect$$libinit$$00000015          0x08000172   Section        0  libinit2.o(.ARM.Collect$$libinit$$00000015)
    .ARM.Collect$$libinit$$00000016          0x08000172   Section       10  libinit2.o(.ARM.Collect$$libinit$$00000016)
    .ARM.Collect$$libinit$$00000017          0x0800017c   Section        0  libinit2.o(.ARM.Collect$$libinit$$00000017)
    .ARM.Collect$$libinit$$00000019          0x0800017c   Section        0  libinit2.o(.ARM.Collect$$libinit$$00000019)
    .ARM.Collect$$libinit$$0000001B          0x0800017c   Section        0  libinit2.o(.ARM.Collect$$libinit$$0000001B)
    .ARM.Collect$$libinit$$0000001D          0x0800017c   Section        0  libinit2.o(.ARM.Collect$$libinit$$0000001D)
    .ARM.Collect$$libinit$$0000001F          0x0800017c   Section        0  libinit2.o(.ARM.Collect$$libinit$$0000001F)
    .ARM.Collect$$libinit$$00000021          0x0800017c   Section        0  libinit2.o(.ARM.Collect$$libinit$$00000021)
    .ARM.Collect$$libinit$$00000023          0x0800017c   Section        0  libinit2.o(.ARM.Collect$$libinit$$00000023)
    .ARM.Collect$$libinit$$00000025          0x0800017c   Section        0  libinit2.o(.ARM.Collect$$libinit$$00000025)
    .ARM.Collect$$libinit$$0000002C          0x0800017c   Section        0  libinit2.o(.ARM.Collect$$libinit$$0000002C)
    .ARM.Collect$$libinit$$0000002E          0x0800017c   Section        0  libinit2.o(.ARM.Collect$$libinit$$0000002E)
    .ARM.Collect$$libinit$$00000030          0x0800017c   Section        0  libinit2.o(.ARM.Collect$$libinit$$00000030)
    .ARM.Collect$$libinit$$00000032          0x0800017c   Section        0  libinit2.o(.ARM.Collect$$libinit$$00000032)
    .ARM.Collect$$libinit$$00000033          0x0800017c   Section        2  libinit2.o(.ARM.Collect$$libinit$$00000033)
    .ARM.Collect$$libshutdown$$00000000      0x0800017e   Section        2  libshutdown.o(.ARM.Collect$$libshutdown$$00000000)
    .ARM.Collect$$libshutdown$$00000002      0x08000180   Section        0  libshutdown2.o(.ARM.Collect$$libshutdown$$00000002)
    .ARM.Collect$$libshutdown$$00000004      0x08000180   Section        0  libshutdown2.o(.ARM.Collect$$libshutdown$$00000004)
    .ARM.Collect$$libshutdown$$00000007      0x08000180   Section        0  libshutdown2.o(.ARM.Collect$$libshutdown$$00000007)
    .ARM.Collect$$libshutdown$$0000000A      0x08000180   Section        0  libshutdown2.o(.ARM.Collect$$libshutdown$$0000000A)
    .ARM.Collect$$libshutdown$$0000000C      0x08000180   Section        0  libshutdown2.o(.ARM.Collect$$libshutdown$$0000000C)
    .ARM.Collect$$libshutdown$$0000000F      0x08000180   Section        0  libshutdown2.o(.ARM.Collect$$libshutdown$$0000000F)
    .ARM.Collect$$libshutdown$$00000010      0x08000180   Section        2  libshutdown2.o(.ARM.Collect$$libshutdown$$00000010)
    .ARM.Collect$$rtentry$$00000000          0x08000182   Section        0  __rtentry.o(.ARM.Collect$$rtentry$$00000000)
    .ARM.Collect$$rtentry$$00000002          0x08000182   Section        0  __rtentry2.o(.ARM.Collect$$rtentry$$00000002)
    .ARM.Collect$$rtentry$$00000004          0x08000182   Section        6  __rtentry4.o(.ARM.Collect$$rtentry$$00000004)
    .ARM.Collect$$rtentry$$00000009          0x08000188   Section        0  __rtentry2.o(.ARM.Collect$$rtentry$$00000009)
    .ARM.Collect$$rtentry$$0000000A          0x08000188   Section        4  __rtentry2.o(.ARM.Collect$$rtentry$$0000000A)
    .ARM.Collect$$rtentry$$0000000C          0x0800018c   Section        0  __rtentry2.o(.ARM.Collect$$rtentry$$0000000C)
    .ARM.Collect$$rtentry$$0000000D          0x0800018c   Section        8  __rtentry2.o(.ARM.Collect$$rtentry$$0000000D)
    .ARM.Collect$$rtexit$$00000000           0x08000194   Section        2  rtexit.o(.ARM.Collect$$rtexit$$00000000)
    .ARM.Collect$$rtexit$$00000002           0x08000196   Section        0  rtexit2.o(.ARM.Collect$$rtexit$$00000002)
    .ARM.Collect$$rtexit$$00000003           0x08000196   Section        4  rtexit2.o(.ARM.Collect$$rtexit$$00000003)
    .ARM.Collect$$rtexit$$00000004           0x0800019a   Section        6  rtexit2.o(.ARM.Collect$$rtexit$$00000004)
    .text                                    0x080001a0   Section       64  startup_stm32f103xb.o(.text)
    .text                                    0x080001e0   Section        0  noretval__2sprintf.o(.text)
    .text                                    0x08000208   Section        0  __printf_wp.o(.text)
    .text                                    0x08000316   Section       68  rt_memclr.o(.text)
    .text                                    0x0800035a   Section       78  rt_memclr_w.o(.text)
    .text                                    0x080003a8   Section        0  heapauxi.o(.text)
    .text                                    0x080003ae   Section        0  _printf_fp_dec.o(.text)
    _fp_digits                               0x080003b1   Thumb Code   428  _printf_fp_dec.o(.text)
    .text                                    0x080007c8   Section        0  _printf_char_common.o(.text)
    _printf_input_char                       0x080007c9   Thumb Code    10  _printf_char_common.o(.text)
    .text                                    0x080007f8   Section        0  _sputc.o(.text)
    .text                                    0x08000804   Section        8  rt_locale_intlibspace.o(.text)
    .text                                    0x0800080c   Section      138  lludiv10.o(.text)
    .text                                    0x08000898   Section        0  _printf_fp_infnan.o(.text)
    .text                                    0x08000918   Section        0  bigflt0.o(.text)
    .text                                    0x080009f4   Section        8  libspace.o(.text)
    .text                                    0x080009fc   Section       74  sys_stackheap_outer.o(.text)
    .text                                    0x08000a46   Section        0  exit.o(.text)
    .text                                    0x08000a58   Section      128  strcmpv7m.o(.text)
    .text                                    0x08000ad8   Section        0  sys_exit.o(.text)
    .text                                    0x08000ae4   Section        2  use_no_semi.o(.text)
    .text                                    0x08000ae6   Section        0  indicate_semi.o(.text)
    CL$$btod_d2e                             0x08000ae6   Section       62  btod.o(CL$$btod_d2e)
    CL$$btod_d2e_denorm_low                  0x08000b24   Section       70  btod.o(CL$$btod_d2e_denorm_low)
    CL$$btod_d2e_norm_op1                    0x08000b6a   Section       96  btod.o(CL$$btod_d2e_norm_op1)
    CL$$btod_div_common                      0x08000bca   Section      824  btod.o(CL$$btod_div_common)
    CL$$btod_e2e                             0x08000f02   Section      198  btod.o(CL$$btod_e2e)
    CL$$btod_ediv                            0x08000fc8   Section       40  btod.o(CL$$btod_ediv)
    CL$$btod_emul                            0x08000ff0   Section       40  btod.o(CL$$btod_emul)
    CL$$btod_mult_common                     0x08001018   Section      580  btod.o(CL$$btod_mult_common)
    i.AC_init                                0x0800125c   Section        0  armcamera.o(i.AC_init)
    i.BusFault_Handler                       0x08001284   Section        0  stm32f1xx_it.o(i.BusFault_Handler)
    i.CarMotor_init                          0x08001288   Section        0  carmotor.o(i.CarMotor_init)
    i.DebugMon_Handler                       0x080012d8   Section        0  stm32f1xx_it.o(i.DebugMon_Handler)
    i.Error_Handler                          0x080012da   Section        0  main.o(i.Error_Handler)
    i.Frontal_Right_run2back                 0x080012e0   Section        0  carmotor.o(i.Frontal_Right_run2back)
    i.Frontal_Right_run2forward              0x080012f4   Section        0  carmotor.o(i.Frontal_Right_run2forward)
    i.Frontal_left_run2back                  0x08001308   Section        0  carmotor.o(i.Frontal_left_run2back)
    i.Frontal_left_run2forward               0x0800131c   Section        0  carmotor.o(i.Frontal_left_run2forward)
    i.HAL_DMA_Abort                          0x08001330   Section        0  stm32f1xx_hal_dma.o(i.HAL_DMA_Abort)
    i.HAL_DMA_Abort_IT                       0x08001378   Section        0  stm32f1xx_hal_dma.o(i.HAL_DMA_Abort_IT)
    i.HAL_GPIO_Init                          0x08001410   Section        0  stm32f1xx_hal_gpio.o(i.HAL_GPIO_Init)
    i.HAL_GetTick                            0x080015f0   Section        0  stm32f1xx_hal.o(i.HAL_GetTick)
    i.HAL_IncTick                            0x080015fc   Section        0  stm32f1xx_hal.o(i.HAL_IncTick)
    i.HAL_Init                               0x0800160c   Section        0  stm32f1xx_hal.o(i.HAL_Init)
    i.HAL_InitTick                           0x08001630   Section        0  stm32f1xx_hal.o(i.HAL_InitTick)
    i.HAL_MspInit                            0x08001670   Section        0  stm32f1xx_hal_msp.o(i.HAL_MspInit)
    i.HAL_NVIC_EnableIRQ                     0x080016ac   Section        0  stm32f1xx_hal_cortex.o(i.HAL_NVIC_EnableIRQ)
    i.HAL_NVIC_SetPriority                   0x080016c8   Section        0  stm32f1xx_hal_cortex.o(i.HAL_NVIC_SetPriority)
    i.HAL_NVIC_SetPriorityGrouping           0x08001708   Section        0  stm32f1xx_hal_cortex.o(i.HAL_NVIC_SetPriorityGrouping)
    i.HAL_RCC_ClockConfig                    0x0800172c   Section        0  stm32f1xx_hal_rcc.o(i.HAL_RCC_ClockConfig)
    i.HAL_RCC_GetPCLK1Freq                   0x08001858   Section        0  stm32f1xx_hal_rcc.o(i.HAL_RCC_GetPCLK1Freq)
    i.HAL_RCC_GetPCLK2Freq                   0x08001878   Section        0  stm32f1xx_hal_rcc.o(i.HAL_RCC_GetPCLK2Freq)
    i.HAL_RCC_GetSysClockFreq                0x08001898   Section        0  stm32f1xx_hal_rcc.o(i.HAL_RCC_GetSysClockFreq)
    i.HAL_RCC_OscConfig                      0x080018e4   Section        0  stm32f1xx_hal_rcc.o(i.HAL_RCC_OscConfig)
    i.HAL_SYSTICK_Config                     0x08001c04   Section        0  stm32f1xx_hal_cortex.o(i.HAL_SYSTICK_Config)
    i.HAL_TIMEx_MasterConfigSynchronization  0x08001c2c   Section        0  stm32f1xx_hal_tim_ex.o(i.HAL_TIMEx_MasterConfigSynchronization)
    i.HAL_TIM_Base_Init                      0x08001c94   Section        0  stm32f1xx_hal_tim.o(i.HAL_TIM_Base_Init)
    i.HAL_TIM_Base_MspInit                   0x08001cf0   Section        0  tim.o(i.HAL_TIM_Base_MspInit)
    i.HAL_TIM_ConfigClockSource              0x08001d48   Section        0  stm32f1xx_hal_tim.o(i.HAL_TIM_ConfigClockSource)
    i.HAL_TIM_MspPostInit                    0x08001e24   Section        0  tim.o(i.HAL_TIM_MspPostInit)
    i.HAL_TIM_PWM_ConfigChannel              0x08001ee0   Section        0  stm32f1xx_hal_tim.o(i.HAL_TIM_PWM_ConfigChannel)
    i.HAL_TIM_PWM_Init                       0x08001fac   Section        0  stm32f1xx_hal_tim.o(i.HAL_TIM_PWM_Init)
    i.HAL_TIM_PWM_MspInit                    0x08002006   Section        0  stm32f1xx_hal_tim.o(i.HAL_TIM_PWM_MspInit)
    i.HAL_TIM_PWM_Start                      0x08002008   Section        0  stm32f1xx_hal_tim.o(i.HAL_TIM_PWM_Start)
    i.HAL_UARTEx_RxEventCallback             0x080020a4   Section        0  stm32f1xx_hal_uart.o(i.HAL_UARTEx_RxEventCallback)
    i.HAL_UART_ErrorCallback                 0x080020a6   Section        0  stm32f1xx_hal_uart.o(i.HAL_UART_ErrorCallback)
    i.HAL_UART_IRQHandler                    0x080020a8   Section        0  stm32f1xx_hal_uart.o(i.HAL_UART_IRQHandler)
    i.HAL_UART_Init                          0x08002314   Section        0  stm32f1xx_hal_uart.o(i.HAL_UART_Init)
    i.HAL_UART_MspInit                       0x08002378   Section        0  usart.o(i.HAL_UART_MspInit)
    i.HAL_UART_Receive_IT                    0x08002484   Section        0  stm32f1xx_hal_uart.o(i.HAL_UART_Receive_IT)
    i.HAL_UART_RxCpltCallback                0x080024a0   Section        0  transmit2pi.o(i.HAL_UART_RxCpltCallback)
    i.HAL_UART_Transmit                      0x080024ec   Section        0  stm32f1xx_hal_uart.o(i.HAL_UART_Transmit)
    i.HAL_UART_TxCpltCallback                0x08002586   Section        0  stm32f1xx_hal_uart.o(i.HAL_UART_TxCpltCallback)
    i.HardFault_Handler                      0x08002588   Section        0  stm32f1xx_it.o(i.HardFault_Handler)
    i.MX_GPIO_Init                           0x0800258c   Section        0  gpio.o(i.MX_GPIO_Init)
    i.MX_TIM2_Init                           0x080025c8   Section        0  tim.o(i.MX_TIM2_Init)
    i.MX_TIM3_Init                           0x08002678   Section        0  tim.o(i.MX_TIM3_Init)
    i.MX_TIM4_Init                           0x08002744   Section        0  tim.o(i.MX_TIM4_Init)
    i.MX_USART1_UART_Init                    0x08002810   Section        0  usart.o(i.MX_USART1_UART_Init)
    i.MX_USART2_UART_Init                    0x08002848   Section        0  usart.o(i.MX_USART2_UART_Init)
    i.MX_USART3_UART_Init                    0x08002880   Section        0  usart.o(i.MX_USART3_UART_Init)
    i.MemManage_Handler                      0x080028b8   Section        0  stm32f1xx_it.o(i.MemManage_Handler)
    i.NMI_Handler                            0x080028ba   Section        0  stm32f1xx_it.o(i.NMI_Handler)
    i.PendSV_Handler                         0x080028bc   Section        0  stm32f1xx_it.o(i.PendSV_Handler)
    i.SVC_Handler                            0x080028be   Section        0  stm32f1xx_it.o(i.SVC_Handler)
    i.SysTick_Handler                        0x080028c0   Section        0  stm32f1xx_it.o(i.SysTick_Handler)
    i.SystemClock_Config                     0x080028c4   Section        0  main.o(i.SystemClock_Config)
    i.SystemInit                             0x08002922   Section        0  system_stm32f1xx.o(i.SystemInit)
    i.TIM_Base_SetConfig                     0x08002924   Section        0  stm32f1xx_hal_tim.o(i.TIM_Base_SetConfig)
    i.TIM_CCxChannelCmd                      0x08002990   Section        0  stm32f1xx_hal_tim.o(i.TIM_CCxChannelCmd)
    i.TIM_ETR_SetConfig                      0x080029aa   Section        0  stm32f1xx_hal_tim.o(i.TIM_ETR_SetConfig)
    i.TIM_ITRx_SetConfig                     0x080029be   Section        0  stm32f1xx_hal_tim.o(i.TIM_ITRx_SetConfig)
    TIM_ITRx_SetConfig                       0x080029bf   Thumb Code    16  stm32f1xx_hal_tim.o(i.TIM_ITRx_SetConfig)
    i.TIM_OC1_SetConfig                      0x080029d0   Section        0  stm32f1xx_hal_tim.o(i.TIM_OC1_SetConfig)
    TIM_OC1_SetConfig                        0x080029d1   Thumb Code    74  stm32f1xx_hal_tim.o(i.TIM_OC1_SetConfig)
    i.TIM_OC2_SetConfig                      0x08002a20   Section        0  stm32f1xx_hal_tim.o(i.TIM_OC2_SetConfig)
    i.TIM_OC3_SetConfig                      0x08002a78   Section        0  stm32f1xx_hal_tim.o(i.TIM_OC3_SetConfig)
    TIM_OC3_SetConfig                        0x08002a79   Thumb Code    82  stm32f1xx_hal_tim.o(i.TIM_OC3_SetConfig)
    i.TIM_OC4_SetConfig                      0x08002ad0   Section        0  stm32f1xx_hal_tim.o(i.TIM_OC4_SetConfig)
    TIM_OC4_SetConfig                        0x08002ad1   Thumb Code    64  stm32f1xx_hal_tim.o(i.TIM_OC4_SetConfig)
    i.TIM_TI1_ConfigInputStage               0x08002b14   Section        0  stm32f1xx_hal_tim.o(i.TIM_TI1_ConfigInputStage)
    TIM_TI1_ConfigInputStage                 0x08002b15   Thumb Code    34  stm32f1xx_hal_tim.o(i.TIM_TI1_ConfigInputStage)
    i.TIM_TI2_ConfigInputStage               0x08002b36   Section        0  stm32f1xx_hal_tim.o(i.TIM_TI2_ConfigInputStage)
    TIM_TI2_ConfigInputStage                 0x08002b37   Thumb Code    36  stm32f1xx_hal_tim.o(i.TIM_TI2_ConfigInputStage)
    i.UART_DMAAbortOnError                   0x08002b5a   Section        0  stm32f1xx_hal_uart.o(i.UART_DMAAbortOnError)
    UART_DMAAbortOnError                     0x08002b5b   Thumb Code    16  stm32f1xx_hal_uart.o(i.UART_DMAAbortOnError)
    i.UART_EndRxTransfer                     0x08002b6a   Section        0  stm32f1xx_hal_uart.o(i.UART_EndRxTransfer)
    UART_EndRxTransfer                       0x08002b6b   Thumb Code    78  stm32f1xx_hal_uart.o(i.UART_EndRxTransfer)
    i.UART_Receive_IT                        0x08002bb8   Section        0  stm32f1xx_hal_uart.o(i.UART_Receive_IT)
    UART_Receive_IT                          0x08002bb9   Thumb Code   194  stm32f1xx_hal_uart.o(i.UART_Receive_IT)
    i.UART_SetConfig                         0x08002c7c   Section        0  stm32f1xx_hal_uart.o(i.UART_SetConfig)
    UART_SetConfig                           0x08002c7d   Thumb Code   178  stm32f1xx_hal_uart.o(i.UART_SetConfig)
    i.UART_Start_Receive_IT                  0x08002d34   Section        0  stm32f1xx_hal_uart.o(i.UART_Start_Receive_IT)
    i.UART_WaitOnFlagUntilTimeout            0x08002d6a   Section        0  stm32f1xx_hal_uart.o(i.UART_WaitOnFlagUntilTimeout)
    UART_WaitOnFlagUntilTimeout              0x08002d6b   Thumb Code   120  stm32f1xx_hal_uart.o(i.UART_WaitOnFlagUntilTimeout)
    i.USART1_IRQHandler                      0x08002de4   Section        0  stm32f1xx_it.o(i.USART1_IRQHandler)
    i.UsageFault_Handler                     0x08002df0   Section        0  stm32f1xx_it.o(i.UsageFault_Handler)
    i.__ARM_fpclassify                       0x08002df2   Section        0  fpclassify.o(i.__ARM_fpclassify)
    i.__NVIC_SetPriority                     0x08002e1a   Section        0  stm32f1xx_hal_cortex.o(i.__NVIC_SetPriority)
    __NVIC_SetPriority                       0x08002e1b   Thumb Code    32  stm32f1xx_hal_cortex.o(i.__NVIC_SetPriority)
    i._is_digit                              0x08002e3a   Section        0  __printf_wp.o(i._is_digit)
    i.angle_b2d                              0x08002e48   Section        0  transmit2pi.o(i.angle_b2d)
    i.back_Right_run2back                    0x08002e50   Section        0  carmotor.o(i.back_Right_run2back)
    i.back_Right_run2forward                 0x08002e64   Section        0  carmotor.o(i.back_Right_run2forward)
    i.back_left_run2back                     0x08002e78   Section        0  carmotor.o(i.back_left_run2back)
    i.back_left_run2forward                  0x08002e8c   Section        0  carmotor.o(i.back_left_run2forward)
    i.carMove2B                              0x08002ea0   Section        0  carmotor.o(i.carMove2B)
    i.carMove2F                              0x08002ed0   Section        0  carmotor.o(i.carMove2F)
    i.carMove2L                              0x08002f00   Section        0  carmotor.o(i.carMove2L)
    i.carMove2R                              0x08002f30   Section        0  carmotor.o(i.carMove2R)
    i.carRotate2L                            0x08002f60   Section        0  carmotor.o(i.carRotate2L)
    i.carRotate2R                            0x08002f90   Section        0  carmotor.o(i.carRotate2R)
    i.carStop                                0x08002fc0   Section        0  carmotor.o(i.carStop)
    i.dataFromPi_process                     0x08002ff0   Section        0  transmit2pi.o(i.dataFromPi_process)
    i.joint1_cmd                             0x08003138   Section        0  armcamera.o(i.joint1_cmd)
    i.joint2_cmd                             0x08003154   Section        0  armcamera.o(i.joint2_cmd)
    i.main                                   0x08003170   Section        0  main.o(i.main)
    i.transmit2pi_uart_init                  0x080031b0   Section        0  transmit2pi.o(i.transmit2pi_uart_init)
    i.u1_printf                              0x080031c4   Section        0  usart.o(i.u1_printf)
    i.velocity_b2f                           0x080031e8   Section        0  transmit2pi.o(i.velocity_b2f)
    locale$$code                             0x0800322c   Section       44  lc_numeric_c.o(locale$$code)
    x$fpl$d2f                                0x08003258   Section       98  d2f.o(x$fpl$d2f)
    x$fpl$dadd                               0x080032bc   Section      336  daddsub_clz.o(x$fpl$dadd)
    _dadd1                                   0x080032cd   Thumb Code     0  daddsub_clz.o(x$fpl$dadd)
    x$fpl$dfltu                              0x0800340c   Section       38  dflt_clz.o(x$fpl$dfltu)
    x$fpl$dmul                               0x08003434   Section      340  dmul.o(x$fpl$dmul)
    x$fpl$dnaninf                            0x08003588   Section      156  dnaninf.o(x$fpl$dnaninf)
    x$fpl$dretinf                            0x08003624   Section       12  dretinf.o(x$fpl$dretinf)
    x$fpl$dsub                               0x08003630   Section      468  daddsub_clz.o(x$fpl$dsub)
    _dsub1                                   0x08003641   Thumb Code     0  daddsub_clz.o(x$fpl$dsub)
    x$fpl$f2d                                0x08003804   Section       86  f2d.o(x$fpl$f2d)
    x$fpl$ffix                               0x0800385c   Section       54  ffix.o(x$fpl$ffix)
    x$fpl$ffixu                              0x08003894   Section       62  ffixu.o(x$fpl$ffixu)
    x$fpl$ffltu                              0x080038d4   Section       38  fflt_clz.o(x$fpl$ffltu)
    x$fpl$fmul                               0x080038fc   Section      258  fmul.o(x$fpl$fmul)
    x$fpl$fnaninf                            0x080039fe   Section      140  fnaninf.o(x$fpl$fnaninf)
    x$fpl$fretinf                            0x08003a8a   Section       10  fretinf.o(x$fpl$fretinf)
    x$fpl$printf1                            0x08003a94   Section        4  printf1.o(x$fpl$printf1)
    .constdata                               0x08003a98   Section       18  stm32f1xx_hal_rcc.o(.constdata)
    x$fpl$usenofp                            0x08003a98   Section        0  usenofp.o(x$fpl$usenofp)
    aPredivFactorTable                       0x08003a98   Data           2  stm32f1xx_hal_rcc.o(.constdata)
    aPLLMULFactorTable                       0x08003a9a   Data          16  stm32f1xx_hal_rcc.o(.constdata)
    .constdata                               0x08003aaa   Section       16  system_stm32f1xx.o(.constdata)
    .constdata                               0x08003aba   Section        8  system_stm32f1xx.o(.constdata)
    .constdata                               0x08003ac4   Section      148  bigflt0.o(.constdata)
    tenpwrs_x                                0x08003ac4   Data          60  bigflt0.o(.constdata)
    tenpwrs_i                                0x08003b00   Data          64  bigflt0.o(.constdata)
    locale$$data                             0x08003b78   Section       28  lc_numeric_c.o(locale$$data)
    __lcnum_c_name                           0x08003b7c   Data           2  lc_numeric_c.o(locale$$data)
    __lcnum_c_start                          0x08003b84   Data           0  lc_numeric_c.o(locale$$data)
    __lcnum_c_point                          0x08003b90   Data           0  lc_numeric_c.o(locale$$data)
    __lcnum_c_thousands                      0x08003b92   Data           0  lc_numeric_c.o(locale$$data)
    __lcnum_c_grouping                       0x08003b93   Data           0  lc_numeric_c.o(locale$$data)
    __lcnum_c_end                            0x08003b94   Data           0  lc_numeric_c.o(locale$$data)
    .data                                    0x20000000   Section        2  transmit2pi.o(.data)
    Uart1_Rx_Cnt                             0x20000000   Data           1  transmit2pi.o(.data)
    .data                                    0x20000004   Section       12  stm32f1xx_hal.o(.data)
    .data                                    0x20000010   Section        4  system_stm32f1xx.o(.data)
    .bss                                     0x20000014   Section       30  transmit2pi.o(.bss)
    .bss                                     0x20000034   Section      216  tim.o(.bss)
    .bss                                     0x2000010c   Section      216  usart.o(.bss)
    .bss                                     0x200001e4   Section       96  libspace.o(.bss)
    HEAP                                     0x20000248   Section      512  startup_stm32f103xb.o(HEAP)
    Heap_Mem                                 0x20000248   Data         512  startup_stm32f103xb.o(HEAP)
    STACK                                    0x20000448   Section     1024  startup_stm32f103xb.o(STACK)
    Stack_Mem                                0x20000448   Data        1024  startup_stm32f103xb.o(STACK)
    __initial_sp                             0x20000848   Data           0  startup_stm32f103xb.o(STACK)

    Global Symbols

    Symbol Name                              Value     Ov Type        Size  Object(Section)

    BuildAttributes$$THM_ISAv4$P$D$K$B$S$PE$A:L22UL41UL21$X:L11$S22US41US21$IEEE1$IW$USESV6$~STKCKD$USESV7$~SHL$OTIME$ROPI$IEEEJ$EBA8$UX$STANDARDLIB$REQ8$PRES8$EABIv2 0x00000000   Number         0  anon$$obj.o ABSOLUTE
    __ARM_use_no_argv                        0x00000000   Number         0  main.o ABSOLUTE
    _printf_flags                            0x00000000   Number         0  printf_stubs.o ABSOLUTE
    _printf_return_value                     0x00000000   Number         0  printf_stubs.o ABSOLUTE
    _printf_sizespec                         0x00000000   Number         0  printf_stubs.o ABSOLUTE
    _printf_widthprec                        0x00000000   Number         0  printf_stubs.o ABSOLUTE
    __ARM_exceptions_init                     - Undefined Weak Reference
    __alloca_initialize                       - Undefined Weak Reference
    __arm_preinit_                            - Undefined Weak Reference
    __cpp_initialize__aeabi_                  - Undefined Weak Reference
    __cxa_finalize                            - Undefined Weak Reference
    __sigvec_lookup                           - Undefined Weak Reference
    _atexit_init                              - Undefined Weak Reference
    _call_atexit_fns                          - Undefined Weak Reference
    _clock_init                               - Undefined Weak Reference
    _fp_trap_init                             - Undefined Weak Reference
    _fp_trap_shutdown                         - Undefined Weak Reference
    _get_lc_collate                           - Undefined Weak Reference
    _get_lc_ctype                             - Undefined Weak Reference
    _get_lc_monetary                          - Undefined Weak Reference
    _get_lc_time                              - Undefined Weak Reference
    _getenv_init                              - Undefined Weak Reference
    _handle_redirection                       - Undefined Weak Reference
    _init_alloc                               - Undefined Weak Reference
    _init_user_alloc                          - Undefined Weak Reference
    _initio                                   - Undefined Weak Reference
    _printf_post_padding                      - Undefined Weak Reference
    _printf_pre_padding                       - Undefined Weak Reference
    _rand_init                                - Undefined Weak Reference
    _signal_finish                            - Undefined Weak Reference
    _signal_init                              - Undefined Weak Reference
    _terminate_alloc                          - Undefined Weak Reference
    _terminate_user_alloc                     - Undefined Weak Reference
    _terminateio                              - Undefined Weak Reference
    __Vectors_Size                           0x000000ec   Number         0  startup_stm32f103xb.o ABSOLUTE
    __Vectors                                0x08000000   Data           4  startup_stm32f103xb.o(RESET)
    __Vectors_End                            0x080000ec   Data           0  startup_stm32f103xb.o(RESET)
    __main                                   0x080000ed   Thumb Code     8  __main.o(!!!main)
    __scatterload                            0x080000f5   Thumb Code     0  __scatter.o(!!!scatter)
    __scatterload_rt2                        0x080000f5   Thumb Code    44  __scatter.o(!!!scatter)
    __scatterload_rt2_thumb_only             0x080000f5   Thumb Code     0  __scatter.o(!!!scatter)
    __scatterload_null                       0x08000103   Thumb Code     0  __scatter.o(!!!scatter)
    __scatterload_copy                       0x08000129   Thumb Code    26  __scatter_copy.o(!!handler_copy)
    __scatterload_zeroinit                   0x08000145   Thumb Code    28  __scatter_zi.o(!!handler_zi)
    _printf_f                                0x08000161   Thumb Code     0  _printf_f.o(.ARM.Collect$$_printf_percent$$00000003)
    _printf_percent                          0x08000161   Thumb Code     0  _printf_percent.o(.ARM.Collect$$_printf_percent$$00000000)
    _printf_percent_end                      0x08000167   Thumb Code     0  _printf_percent_end.o(.ARM.Collect$$_printf_percent$$00000017)
    __rt_lib_init                            0x0800016b   Thumb Code     0  libinit.o(.ARM.Collect$$libinit$$00000000)
    __rt_lib_init_fp_1                       0x0800016d   Thumb Code     0  libinit2.o(.ARM.Collect$$libinit$$00000002)
    __rt_lib_init_heap_1                     0x0800016d   Thumb Code     0  libinit2.o(.ARM.Collect$$libinit$$0000000A)
    __rt_lib_init_lc_common                  0x0800016d   Thumb Code     0  libinit2.o(.ARM.Collect$$libinit$$0000000F)
    __rt_lib_init_preinit_1                  0x0800016d   Thumb Code     0  libinit2.o(.ARM.Collect$$libinit$$00000004)
    __rt_lib_init_rand_1                     0x0800016d   Thumb Code     0  libinit2.o(.ARM.Collect$$libinit$$0000000E)
    __rt_lib_init_user_alloc_1               0x0800016d   Thumb Code     0  libinit2.o(.ARM.Collect$$libinit$$0000000C)
    __rt_lib_init_lc_collate_1               0x08000173   Thumb Code     0  libinit2.o(.ARM.Collect$$libinit$$00000011)
    __rt_lib_init_lc_ctype_1                 0x08000173   Thumb Code     0  libinit2.o(.ARM.Collect$$libinit$$00000013)
    __rt_lib_init_lc_monetary_1              0x08000173   Thumb Code     0  libinit2.o(.ARM.Collect$$libinit$$00000015)
    __rt_lib_init_lc_numeric_2               0x08000173   Thumb Code     0  libinit2.o(.ARM.Collect$$libinit$$00000016)
    __rt_lib_init_alloca_1                   0x0800017d   Thumb Code     0  libinit2.o(.ARM.Collect$$libinit$$0000002E)
    __rt_lib_init_argv_1                     0x0800017d   Thumb Code     0  libinit2.o(.ARM.Collect$$libinit$$0000002C)
    __rt_lib_init_atexit_1                   0x0800017d   Thumb Code     0  libinit2.o(.ARM.Collect$$libinit$$0000001B)
    __rt_lib_init_clock_1                    0x0800017d   Thumb Code     0  libinit2.o(.ARM.Collect$$libinit$$00000021)
    __rt_lib_init_cpp_1                      0x0800017d   Thumb Code     0  libinit2.o(.ARM.Collect$$libinit$$00000032)
    __rt_lib_init_exceptions_1               0x0800017d   Thumb Code     0  libinit2.o(.ARM.Collect$$libinit$$00000030)
    __rt_lib_init_fp_trap_1                  0x0800017d   Thumb Code     0  libinit2.o(.ARM.Collect$$libinit$$0000001F)
    __rt_lib_init_getenv_1                   0x0800017d   Thumb Code     0  libinit2.o(.ARM.Collect$$libinit$$00000023)
    __rt_lib_init_lc_numeric_1               0x0800017d   Thumb Code     0  libinit2.o(.ARM.Collect$$libinit$$00000017)
    __rt_lib_init_lc_time_1                  0x0800017d   Thumb Code     0  libinit2.o(.ARM.Collect$$libinit$$00000019)
    __rt_lib_init_return                     0x0800017d   Thumb Code     0  libinit2.o(.ARM.Collect$$libinit$$00000033)
    __rt_lib_init_signal_1                   0x0800017d   Thumb Code     0  libinit2.o(.ARM.Collect$$libinit$$0000001D)
    __rt_lib_init_stdio_1                    0x0800017d   Thumb Code     0  libinit2.o(.ARM.Collect$$libinit$$00000025)
    __rt_lib_shutdown                        0x0800017f   Thumb Code     0  libshutdown.o(.ARM.Collect$$libshutdown$$00000000)
    __rt_lib_shutdown_cpp_1                  0x08000181   Thumb Code     0  libshutdown2.o(.ARM.Collect$$libshutdown$$00000002)
    __rt_lib_shutdown_fp_trap_1              0x08000181   Thumb Code     0  libshutdown2.o(.ARM.Collect$$libshutdown$$00000007)
    __rt_lib_shutdown_heap_1                 0x08000181   Thumb Code     0  libshutdown2.o(.ARM.Collect$$libshutdown$$0000000F)
    __rt_lib_shutdown_return                 0x08000181   Thumb Code     0  libshutdown2.o(.ARM.Collect$$libshutdown$$00000010)
    __rt_lib_shutdown_signal_1               0x08000181   Thumb Code     0  libshutdown2.o(.ARM.Collect$$libshutdown$$0000000A)
    __rt_lib_shutdown_stdio_1                0x08000181   Thumb Code     0  libshutdown2.o(.ARM.Collect$$libshutdown$$00000004)
    __rt_lib_shutdown_user_alloc_1           0x08000181   Thumb Code     0  libshutdown2.o(.ARM.Collect$$libshutdown$$0000000C)
    __rt_entry                               0x08000183   Thumb Code     0  __rtentry.o(.ARM.Collect$$rtentry$$00000000)
    __rt_entry_presh_1                       0x08000183   Thumb Code     0  __rtentry2.o(.ARM.Collect$$rtentry$$00000002)
    __rt_entry_sh                            0x08000183   Thumb Code     0  __rtentry4.o(.ARM.Collect$$rtentry$$00000004)
    __rt_entry_li                            0x08000189   Thumb Code     0  __rtentry2.o(.ARM.Collect$$rtentry$$0000000A)
    __rt_entry_postsh_1                      0x08000189   Thumb Code     0  __rtentry2.o(.ARM.Collect$$rtentry$$00000009)
    __rt_entry_main                          0x0800018d   Thumb Code     0  __rtentry2.o(.ARM.Collect$$rtentry$$0000000D)
    __rt_entry_postli_1                      0x0800018d   Thumb Code     0  __rtentry2.o(.ARM.Collect$$rtentry$$0000000C)
    __rt_exit                                0x08000195   Thumb Code     0  rtexit.o(.ARM.Collect$$rtexit$$00000000)
    __rt_exit_ls                             0x08000197   Thumb Code     0  rtexit2.o(.ARM.Collect$$rtexit$$00000003)
    __rt_exit_prels_1                        0x08000197   Thumb Code     0  rtexit2.o(.ARM.Collect$$rtexit$$00000002)
    __rt_exit_exit                           0x0800019b   Thumb Code     0  rtexit2.o(.ARM.Collect$$rtexit$$00000004)
    Reset_Handler                            0x080001a1   Thumb Code     8  startup_stm32f103xb.o(.text)
    ADC1_2_IRQHandler                        0x080001bb   Thumb Code     0  startup_stm32f103xb.o(.text)
    CAN1_RX1_IRQHandler                      0x080001bb   Thumb Code     0  startup_stm32f103xb.o(.text)
    CAN1_SCE_IRQHandler                      0x080001bb   Thumb Code     0  startup_stm32f103xb.o(.text)
    DMA1_Channel1_IRQHandler                 0x080001bb   Thumb Code     0  startup_stm32f103xb.o(.text)
    DMA1_Channel2_IRQHandler                 0x080001bb   Thumb Code     0  startup_stm32f103xb.o(.text)
    DMA1_Channel3_IRQHandler                 0x080001bb   Thumb Code     0  startup_stm32f103xb.o(.text)
    DMA1_Channel4_IRQHandler                 0x080001bb   Thumb Code     0  startup_stm32f103xb.o(.text)
    DMA1_Channel5_IRQHandler                 0x080001bb   Thumb Code     0  startup_stm32f103xb.o(.text)
    DMA1_Channel6_IRQHandler                 0x080001bb   Thumb Code     0  startup_stm32f103xb.o(.text)
    DMA1_Channel7_IRQHandler                 0x080001bb   Thumb Code     0  startup_stm32f103xb.o(.text)
    EXTI0_IRQHandler                         0x080001bb   Thumb Code     0  startup_stm32f103xb.o(.text)
    EXTI15_10_IRQHandler                     0x080001bb   Thumb Code     0  startup_stm32f103xb.o(.text)
    EXTI1_IRQHandler                         0x080001bb   Thumb Code     0  startup_stm32f103xb.o(.text)
    EXTI2_IRQHandler                         0x080001bb   Thumb Code     0  startup_stm32f103xb.o(.text)
    EXTI3_IRQHandler                         0x080001bb   Thumb Code     0  startup_stm32f103xb.o(.text)
    EXTI4_IRQHandler                         0x080001bb   Thumb Code     0  startup_stm32f103xb.o(.text)
    EXTI9_5_IRQHandler                       0x080001bb   Thumb Code     0  startup_stm32f103xb.o(.text)
    FLASH_IRQHandler                         0x080001bb   Thumb Code     0  startup_stm32f103xb.o(.text)
    I2C1_ER_IRQHandler                       0x080001bb   Thumb Code     0  startup_stm32f103xb.o(.text)
    I2C1_EV_IRQHandler                       0x080001bb   Thumb Code     0  startup_stm32f103xb.o(.text)
    I2C2_ER_IRQHandler                       0x080001bb   Thumb Code     0  startup_stm32f103xb.o(.text)
    I2C2_EV_IRQHandler                       0x080001bb   Thumb Code     0  startup_stm32f103xb.o(.text)
    PVD_IRQHandler                           0x080001bb   Thumb Code     0  startup_stm32f103xb.o(.text)
    RCC_IRQHandler                           0x080001bb   Thumb Code     0  startup_stm32f103xb.o(.text)
    RTC_Alarm_IRQHandler                     0x080001bb   Thumb Code     0  startup_stm32f103xb.o(.text)
    RTC_IRQHandler                           0x080001bb   Thumb Code     0  startup_stm32f103xb.o(.text)
    SPI1_IRQHandler                          0x080001bb   Thumb Code     0  startup_stm32f103xb.o(.text)
    SPI2_IRQHandler                          0x080001bb   Thumb Code     0  startup_stm32f103xb.o(.text)
    TAMPER_IRQHandler                        0x080001bb   Thumb Code     0  startup_stm32f103xb.o(.text)
    TIM1_BRK_IRQHandler                      0x080001bb   Thumb Code     0  startup_stm32f103xb.o(.text)
    TIM1_CC_IRQHandler                       0x080001bb   Thumb Code     0  startup_stm32f103xb.o(.text)
    TIM1_TRG_COM_IRQHandler                  0x080001bb   Thumb Code     0  startup_stm32f103xb.o(.text)
    TIM1_UP_IRQHandler                       0x080001bb   Thumb Code     0  startup_stm32f103xb.o(.text)
    TIM2_IRQHandler                          0x080001bb   Thumb Code     0  startup_stm32f103xb.o(.text)
    TIM3_IRQHandler                          0x080001bb   Thumb Code     0  startup_stm32f103xb.o(.text)
    TIM4_IRQHandler                          0x080001bb   Thumb Code     0  startup_stm32f103xb.o(.text)
    USART2_IRQHandler                        0x080001bb   Thumb Code     0  startup_stm32f103xb.o(.text)
    USART3_IRQHandler                        0x080001bb   Thumb Code     0  startup_stm32f103xb.o(.text)
    USBWakeUp_IRQHandler                     0x080001bb   Thumb Code     0  startup_stm32f103xb.o(.text)
    USB_HP_CAN1_TX_IRQHandler                0x080001bb   Thumb Code     0  startup_stm32f103xb.o(.text)
    USB_LP_CAN1_RX0_IRQHandler               0x080001bb   Thumb Code     0  startup_stm32f103xb.o(.text)
    WWDG_IRQHandler                          0x080001bb   Thumb Code     0  startup_stm32f103xb.o(.text)
    __user_initial_stackheap                 0x080001bd   Thumb Code     0  startup_stm32f103xb.o(.text)
    __2sprintf                               0x080001e1   Thumb Code    34  noretval__2sprintf.o(.text)
    __printf                                 0x08000209   Thumb Code   270  __printf_wp.o(.text)
    __aeabi_memclr                           0x08000317   Thumb Code     0  rt_memclr.o(.text)
    __rt_memclr                              0x08000317   Thumb Code    68  rt_memclr.o(.text)
    _memset                                  0x0800031b   Thumb Code     0  rt_memclr.o(.text)
    __aeabi_memclr4                          0x0800035b   Thumb Code     0  rt_memclr_w.o(.text)
    __aeabi_memclr8                          0x0800035b   Thumb Code     0  rt_memclr_w.o(.text)
    __rt_memclr_w                            0x0800035b   Thumb Code    78  rt_memclr_w.o(.text)
    _memset_w                                0x0800035f   Thumb Code     0  rt_memclr_w.o(.text)
    __use_two_region_memory                  0x080003a9   Thumb Code     2  heapauxi.o(.text)
    __rt_heap_escrow$2region                 0x080003ab   Thumb Code     2  heapauxi.o(.text)
    __rt_heap_expand$2region                 0x080003ad   Thumb Code     2  heapauxi.o(.text)
    __lib_sel_fp_printf                      0x080003af   Thumb Code     2  _printf_fp_dec.o(.text)
    _printf_fp_dec_real                      0x0800055d   Thumb Code   620  _printf_fp_dec.o(.text)
    _printf_char_common                      0x080007d3   Thumb Code    32  _printf_char_common.o(.text)
    _sputc                                   0x080007f9   Thumb Code    10  _sputc.o(.text)
    __rt_locale                              0x08000805   Thumb Code     8  rt_locale_intlibspace.o(.text)
    _ll_udiv10                               0x0800080d   Thumb Code   138  lludiv10.o(.text)
    _printf_fp_infnan                        0x08000899   Thumb Code   112  _printf_fp_infnan.o(.text)
    _btod_etento                             0x08000919   Thumb Code   216  bigflt0.o(.text)
    __user_libspace                          0x080009f5   Thumb Code     8  libspace.o(.text)
    __user_perproc_libspace                  0x080009f5   Thumb Code     0  libspace.o(.text)
    __user_perthread_libspace                0x080009f5   Thumb Code     0  libspace.o(.text)
    __user_setup_stackheap                   0x080009fd   Thumb Code    74  sys_stackheap_outer.o(.text)
    exit                                     0x08000a47   Thumb Code    18  exit.o(.text)
    strcmp                                   0x08000a59   Thumb Code   128  strcmpv7m.o(.text)
    _sys_exit                                0x08000ad9   Thumb Code     8  sys_exit.o(.text)
    __I$use$semihosting                      0x08000ae5   Thumb Code     0  use_no_semi.o(.text)
    __use_no_semihosting_swi                 0x08000ae5   Thumb Code     2  use_no_semi.o(.text)
    __semihosting_library_function           0x08000ae7   Thumb Code     0  indicate_semi.o(.text)
    _btod_d2e                                0x08000ae7   Thumb Code    62  btod.o(CL$$btod_d2e)
    _d2e_denorm_low                          0x08000b25   Thumb Code    70  btod.o(CL$$btod_d2e_denorm_low)
    _d2e_norm_op1                            0x08000b6b   Thumb Code    96  btod.o(CL$$btod_d2e_norm_op1)
    __btod_div_common                        0x08000bcb   Thumb Code   696  btod.o(CL$$btod_div_common)
    _e2e                                     0x08000f03   Thumb Code   198  btod.o(CL$$btod_e2e)
    _btod_ediv                               0x08000fc9   Thumb Code    40  btod.o(CL$$btod_ediv)
    _btod_emul                               0x08000ff1   Thumb Code    40  btod.o(CL$$btod_emul)
    __btod_mult_common                       0x08001019   Thumb Code   580  btod.o(CL$$btod_mult_common)
    AC_init                                  0x0800125d   Thumb Code    34  armcamera.o(i.AC_init)
    BusFault_Handler                         0x08001285   Thumb Code     2  stm32f1xx_it.o(i.BusFault_Handler)
    CarMotor_init                            0x08001289   Thumb Code    70  carmotor.o(i.CarMotor_init)
    DebugMon_Handler                         0x080012d9   Thumb Code     2  stm32f1xx_it.o(i.DebugMon_Handler)
    Error_Handler                            0x080012db   Thumb Code     4  main.o(i.Error_Handler)
    Frontal_Right_run2back                   0x080012e1   Thumb Code    14  carmotor.o(i.Frontal_Right_run2back)
    Frontal_Right_run2forward                0x080012f5   Thumb Code    14  carmotor.o(i.Frontal_Right_run2forward)
    Frontal_left_run2back                    0x08001309   Thumb Code    14  carmotor.o(i.Frontal_left_run2back)
    Frontal_left_run2forward                 0x0800131d   Thumb Code    14  carmotor.o(i.Frontal_left_run2forward)
    HAL_DMA_Abort                            0x08001331   Thumb Code    70  stm32f1xx_hal_dma.o(i.HAL_DMA_Abort)
    HAL_DMA_Abort_IT                         0x08001379   Thumb Code   148  stm32f1xx_hal_dma.o(i.HAL_DMA_Abort_IT)
    HAL_GPIO_Init                            0x08001411   Thumb Code   446  stm32f1xx_hal_gpio.o(i.HAL_GPIO_Init)
    HAL_GetTick                              0x080015f1   Thumb Code     6  stm32f1xx_hal.o(i.HAL_GetTick)
    HAL_IncTick                              0x080015fd   Thumb Code    12  stm32f1xx_hal.o(i.HAL_IncTick)
    HAL_Init                                 0x0800160d   Thumb Code    32  stm32f1xx_hal.o(i.HAL_Init)
    HAL_InitTick                             0x08001631   Thumb Code    54  stm32f1xx_hal.o(i.HAL_InitTick)
    HAL_MspInit                              0x08001671   Thumb Code    52  stm32f1xx_hal_msp.o(i.HAL_MspInit)
    HAL_NVIC_EnableIRQ                       0x080016ad   Thumb Code    26  stm32f1xx_hal_cortex.o(i.HAL_NVIC_EnableIRQ)
    HAL_NVIC_SetPriority                     0x080016c9   Thumb Code    60  stm32f1xx_hal_cortex.o(i.HAL_NVIC_SetPriority)
    HAL_NVIC_SetPriorityGrouping             0x08001709   Thumb Code    26  stm32f1xx_hal_cortex.o(i.HAL_NVIC_SetPriorityGrouping)
    HAL_RCC_ClockConfig                      0x0800172d   Thumb Code   280  stm32f1xx_hal_rcc.o(i.HAL_RCC_ClockConfig)
    HAL_RCC_GetPCLK1Freq                     0x08001859   Thumb Code    20  stm32f1xx_hal_rcc.o(i.HAL_RCC_GetPCLK1Freq)
    HAL_RCC_GetPCLK2Freq                     0x08001879   Thumb Code    20  stm32f1xx_hal_rcc.o(i.HAL_RCC_GetPCLK2Freq)
    HAL_RCC_GetSysClockFreq                  0x08001899   Thumb Code    58  stm32f1xx_hal_rcc.o(i.HAL_RCC_GetSysClockFreq)
    HAL_RCC_OscConfig                        0x080018e5   Thumb Code   778  stm32f1xx_hal_rcc.o(i.HAL_RCC_OscConfig)
    HAL_SYSTICK_Config                       0x08001c05   Thumb Code    40  stm32f1xx_hal_cortex.o(i.HAL_SYSTICK_Config)
    HAL_TIMEx_MasterConfigSynchronization    0x08001c2d   Thumb Code    92  stm32f1xx_hal_tim_ex.o(i.HAL_TIMEx_MasterConfigSynchronization)
    HAL_TIM_Base_Init                        0x08001c95   Thumb Code    90  stm32f1xx_hal_tim.o(i.HAL_TIM_Base_Init)
    HAL_TIM_Base_MspInit                     0x08001cf1   Thumb Code    74  tim.o(i.HAL_TIM_Base_MspInit)
    HAL_TIM_ConfigClockSource                0x08001d49   Thumb Code   220  stm32f1xx_hal_tim.o(i.HAL_TIM_ConfigClockSource)
    HAL_TIM_MspPostInit                      0x08001e25   Thumb Code   166  tim.o(i.HAL_TIM_MspPostInit)
    HAL_TIM_PWM_ConfigChannel                0x08001ee1   Thumb Code   204  stm32f1xx_hal_tim.o(i.HAL_TIM_PWM_ConfigChannel)
    HAL_TIM_PWM_Init                         0x08001fad   Thumb Code    90  stm32f1xx_hal_tim.o(i.HAL_TIM_PWM_Init)
    HAL_TIM_PWM_MspInit                      0x08002007   Thumb Code     2  stm32f1xx_hal_tim.o(i.HAL_TIM_PWM_MspInit)
    HAL_TIM_PWM_Start                        0x08002009   Thumb Code   144  stm32f1xx_hal_tim.o(i.HAL_TIM_PWM_Start)
    HAL_UARTEx_RxEventCallback               0x080020a5   Thumb Code     2  stm32f1xx_hal_uart.o(i.HAL_UARTEx_RxEventCallback)
    HAL_UART_ErrorCallback                   0x080020a7   Thumb Code     2  stm32f1xx_hal_uart.o(i.HAL_UART_ErrorCallback)
    HAL_UART_IRQHandler                      0x080020a9   Thumb Code   616  stm32f1xx_hal_uart.o(i.HAL_UART_IRQHandler)
    HAL_UART_Init                            0x08002315   Thumb Code   100  stm32f1xx_hal_uart.o(i.HAL_UART_Init)
    HAL_UART_MspInit                         0x08002379   Thumb Code   244  usart.o(i.HAL_UART_MspInit)
    HAL_UART_Receive_IT                      0x08002485   Thumb Code    28  stm32f1xx_hal_uart.o(i.HAL_UART_Receive_IT)
    HAL_UART_RxCpltCallback                  0x080024a1   Thumb Code    64  transmit2pi.o(i.HAL_UART_RxCpltCallback)
    HAL_UART_Transmit                        0x080024ed   Thumb Code   154  stm32f1xx_hal_uart.o(i.HAL_UART_Transmit)
    HAL_UART_TxCpltCallback                  0x08002587   Thumb Code     2  stm32f1xx_hal_uart.o(i.HAL_UART_TxCpltCallback)
    HardFault_Handler                        0x08002589   Thumb Code     2  stm32f1xx_it.o(i.HardFault_Handler)
    MX_GPIO_Init                             0x0800258d   Thumb Code    54  gpio.o(i.MX_GPIO_Init)
    MX_TIM2_Init                             0x080025c9   Thumb Code   172  tim.o(i.MX_TIM2_Init)
    MX_TIM3_Init                             0x08002679   Thumb Code   194  tim.o(i.MX_TIM3_Init)
    MX_TIM4_Init                             0x08002745   Thumb Code   194  tim.o(i.MX_TIM4_Init)
    MX_USART1_UART_Init                      0x08002811   Thumb Code    48  usart.o(i.MX_USART1_UART_Init)
    MX_USART2_UART_Init                      0x08002849   Thumb Code    48  usart.o(i.MX_USART2_UART_Init)
    MX_USART3_UART_Init                      0x08002881   Thumb Code    48  usart.o(i.MX_USART3_UART_Init)
    MemManage_Handler                        0x080028b9   Thumb Code     2  stm32f1xx_it.o(i.MemManage_Handler)
    NMI_Handler                              0x080028bb   Thumb Code     2  stm32f1xx_it.o(i.NMI_Handler)
    PendSV_Handler                           0x080028bd   Thumb Code     2  stm32f1xx_it.o(i.PendSV_Handler)
    SVC_Handler                              0x080028bf   Thumb Code     2  stm32f1xx_it.o(i.SVC_Handler)
    SysTick_Handler                          0x080028c1   Thumb Code     4  stm32f1xx_it.o(i.SysTick_Handler)
    SystemClock_Config                       0x080028c5   Thumb Code    94  main.o(i.SystemClock_Config)
    SystemInit                               0x08002923   Thumb Code     2  system_stm32f1xx.o(i.SystemInit)
    TIM_Base_SetConfig                       0x08002925   Thumb Code    94  stm32f1xx_hal_tim.o(i.TIM_Base_SetConfig)
    TIM_CCxChannelCmd                        0x08002991   Thumb Code    26  stm32f1xx_hal_tim.o(i.TIM_CCxChannelCmd)
    TIM_ETR_SetConfig                        0x080029ab   Thumb Code    20  stm32f1xx_hal_tim.o(i.TIM_ETR_SetConfig)
    TIM_OC2_SetConfig                        0x08002a21   Thumb Code    84  stm32f1xx_hal_tim.o(i.TIM_OC2_SetConfig)
    UART_Start_Receive_IT                    0x08002d35   Thumb Code    54  stm32f1xx_hal_uart.o(i.UART_Start_Receive_IT)
    USART1_IRQHandler                        0x08002de5   Thumb Code     6  stm32f1xx_it.o(i.USART1_IRQHandler)
    UsageFault_Handler                       0x08002df1   Thumb Code     2  stm32f1xx_it.o(i.UsageFault_Handler)
    __ARM_fpclassify                         0x08002df3   Thumb Code    40  fpclassify.o(i.__ARM_fpclassify)
    _is_digit                                0x08002e3b   Thumb Code    14  __printf_wp.o(i._is_digit)
    angle_b2d                                0x08002e49   Thumb Code     8  transmit2pi.o(i.angle_b2d)
    back_Right_run2back                      0x08002e51   Thumb Code    14  carmotor.o(i.back_Right_run2back)
    back_Right_run2forward                   0x08002e65   Thumb Code    14  carmotor.o(i.back_Right_run2forward)
    back_left_run2back                       0x08002e79   Thumb Code    14  carmotor.o(i.back_left_run2back)
    back_left_run2forward                    0x08002e8d   Thumb Code    14  carmotor.o(i.back_left_run2forward)
    carMove2B                                0x08002ea1   Thumb Code    42  carmotor.o(i.carMove2B)
    carMove2F                                0x08002ed1   Thumb Code    42  carmotor.o(i.carMove2F)
    carMove2L                                0x08002f01   Thumb Code    42  carmotor.o(i.carMove2L)
    carMove2R                                0x08002f31   Thumb Code    42  carmotor.o(i.carMove2R)
    carRotate2L                              0x08002f61   Thumb Code    42  carmotor.o(i.carRotate2L)
    carRotate2R                              0x08002f91   Thumb Code    42  carmotor.o(i.carRotate2R)
    carStop                                  0x08002fc1   Thumb Code    40  carmotor.o(i.carStop)
    dataFromPi_process                       0x08002ff1   Thumb Code   278  transmit2pi.o(i.dataFromPi_process)
    joint1_cmd                               0x08003139   Thumb Code    22  armcamera.o(i.joint1_cmd)
    joint2_cmd                               0x08003155   Thumb Code    22  armcamera.o(i.joint2_cmd)
    main                                     0x08003171   Thumb Code    62  main.o(i.main)
    transmit2pi_uart_init                    0x080031b1   Thumb Code    10  transmit2pi.o(i.transmit2pi_uart_init)
    u1_printf                                0x080031c5   Thumb Code    30  usart.o(i.u1_printf)
    velocity_b2f                             0x080031e9   Thumb Code    60  transmit2pi.o(i.velocity_b2f)
    _get_lc_numeric                          0x0800322d   Thumb Code    44  lc_numeric_c.o(locale$$code)
    __aeabi_d2f                              0x08003259   Thumb Code     0  d2f.o(x$fpl$d2f)
    _d2f                                     0x08003259   Thumb Code    98  d2f.o(x$fpl$d2f)
    __aeabi_dadd                             0x080032bd   Thumb Code     0  daddsub_clz.o(x$fpl$dadd)
    _dadd                                    0x080032bd   Thumb Code   332  daddsub_clz.o(x$fpl$dadd)
    __aeabi_ui2d                             0x0800340d   Thumb Code     0  dflt_clz.o(x$fpl$dfltu)
    _dfltu                                   0x0800340d   Thumb Code    38  dflt_clz.o(x$fpl$dfltu)
    __aeabi_dmul                             0x08003435   Thumb Code     0  dmul.o(x$fpl$dmul)
    _dmul                                    0x08003435   Thumb Code   332  dmul.o(x$fpl$dmul)
    __fpl_dnaninf                            0x08003589   Thumb Code   156  dnaninf.o(x$fpl$dnaninf)
    __fpl_dretinf                            0x08003625   Thumb Code    12  dretinf.o(x$fpl$dretinf)
    __aeabi_dsub                             0x08003631   Thumb Code     0  daddsub_clz.o(x$fpl$dsub)
    _dsub                                    0x08003631   Thumb Code   464  daddsub_clz.o(x$fpl$dsub)
    __aeabi_f2d                              0x08003805   Thumb Code     0  f2d.o(x$fpl$f2d)
    _f2d                                     0x08003805   Thumb Code    86  f2d.o(x$fpl$f2d)
    __aeabi_f2iz                             0x0800385d   Thumb Code     0  ffix.o(x$fpl$ffix)
    _ffix                                    0x0800385d   Thumb Code    54  ffix.o(x$fpl$ffix)
    __aeabi_f2uiz                            0x08003895   Thumb Code     0  ffixu.o(x$fpl$ffixu)
    _ffixu                                   0x08003895   Thumb Code    62  ffixu.o(x$fpl$ffixu)
    __aeabi_ui2f                             0x080038d5   Thumb Code     0  fflt_clz.o(x$fpl$ffltu)
    _ffltu                                   0x080038d5   Thumb Code    38  fflt_clz.o(x$fpl$ffltu)
    __aeabi_fmul                             0x080038fd   Thumb Code     0  fmul.o(x$fpl$fmul)
    _fmul                                    0x080038fd   Thumb Code   258  fmul.o(x$fpl$fmul)
    __fpl_fnaninf                            0x080039ff   Thumb Code   140  fnaninf.o(x$fpl$fnaninf)
    __fpl_fretinf                            0x08003a8b   Thumb Code    10  fretinf.o(x$fpl$fretinf)
    _printf_fp_dec                           0x08003a95   Thumb Code     4  printf1.o(x$fpl$printf1)
    __I$use$fp                               0x08003a98   Number         0  usenofp.o(x$fpl$usenofp)
    AHBPrescTable                            0x08003aaa   Data          16  system_stm32f1xx.o(.constdata)
    APBPrescTable                            0x08003aba   Data           8  system_stm32f1xx.o(.constdata)
    Region$$Table$$Base                      0x08003b58   Number         0  anon$$obj.o(Region$$Table)
    Region$$Table$$Limit                     0x08003b78   Number         0  anon$$obj.o(Region$$Table)
    aRxBuffer                                0x20000001   Data           1  transmit2pi.o(.data)
    uwTickFreq                               0x20000004   Data           1  stm32f1xx_hal.o(.data)
    uwTickPrio                               0x20000008   Data           4  stm32f1xx_hal.o(.data)
    uwTick                                   0x2000000c   Data           4  stm32f1xx_hal.o(.data)
    SystemCoreClock                          0x20000010   Data           4  system_stm32f1xx.o(.data)
    RxBuffer                                 0x20000014   Data          30  transmit2pi.o(.bss)
    htim2                                    0x20000034   Data          72  tim.o(.bss)
    htim3                                    0x2000007c   Data          72  tim.o(.bss)
    htim4                                    0x200000c4   Data          72  tim.o(.bss)
    huart1                                   0x2000010c   Data          72  usart.o(.bss)
    huart2                                   0x20000154   Data          72  usart.o(.bss)
    huart3                                   0x2000019c   Data          72  usart.o(.bss)
    __libspace_start                         0x200001e4   Data          96  libspace.o(.bss)
    __temporary_stack_top$libspace           0x20000244   Data           0  libspace.o(.bss)



==============================================================================

Memory Map of the image

  Image Entry point : 0x080000ed

  Load Region LR_IROM1 (Base: 0x08000000, Size: 0x00003ba8, Max: 0x00010000, ABSOLUTE)

    Execution Region ER_IROM1 (Base: 0x08000000, Size: 0x00003b94, Max: 0x00010000, ABSOLUTE)

    Base Addr    Size         Type   Attr      Idx    E Section Name        Object

    0x08000000   0x000000ec   Data   RO            3    RESET               startup_stm32f103xb.o
    0x080000ec   0x00000008   Code   RO         3036  * !!!main             c_w.l(__main.o)
    0x080000f4   0x00000034   Code   RO         3296    !!!scatter          c_w.l(__scatter.o)
    0x08000128   0x0000001a   Code   RO         3298    !!handler_copy      c_w.l(__scatter_copy.o)
    0x08000142   0x00000002   PAD
    0x08000144   0x0000001c   Code   RO         3300    !!handler_zi        c_w.l(__scatter_zi.o)
    0x08000160   0x00000000   Code   RO         3029    .ARM.Collect$$_printf_percent$$00000000  c_w.l(_printf_percent.o)
    0x08000160   0x00000006   Code   RO         3028    .ARM.Collect$$_printf_percent$$00000003  c_w.l(_printf_f.o)
    0x08000166   0x00000004   Code   RO         3087    .ARM.Collect$$_printf_percent$$00000017  c_w.l(_printf_percent_end.o)
    0x0800016a   0x00000002   Code   RO         3169    .ARM.Collect$$libinit$$00000000  c_w.l(libinit.o)
    0x0800016c   0x00000000   Code   RO         3171    .ARM.Collect$$libinit$$00000002  c_w.l(libinit2.o)
    0x0800016c   0x00000000   Code   RO         3173    .ARM.Collect$$libinit$$00000004  c_w.l(libinit2.o)
    0x0800016c   0x00000000   Code   RO         3176    .ARM.Collect$$libinit$$0000000A  c_w.l(libinit2.o)
    0x0800016c   0x00000000   Code   RO         3178    .ARM.Collect$$libinit$$0000000C  c_w.l(libinit2.o)
    0x0800016c   0x00000000   Code   RO         3180    .ARM.Collect$$libinit$$0000000E  c_w.l(libinit2.o)
    0x0800016c   0x00000006   Code   RO         3181    .ARM.Collect$$libinit$$0000000F  c_w.l(libinit2.o)
    0x08000172   0x00000000   Code   RO         3183    .ARM.Collect$$libinit$$00000011  c_w.l(libinit2.o)
    0x08000172   0x00000000   Code   RO         3185    .ARM.Collect$$libinit$$00000013  c_w.l(libinit2.o)
    0x08000172   0x00000000   Code   RO         3187    .ARM.Collect$$libinit$$00000015  c_w.l(libinit2.o)
    0x08000172   0x0000000a   Code   RO         3188    .ARM.Collect$$libinit$$00000016  c_w.l(libinit2.o)
    0x0800017c   0x00000000   Code   RO         3189    .ARM.Collect$$libinit$$00000017  c_w.l(libinit2.o)
    0x0800017c   0x00000000   Code   RO         3191    .ARM.Collect$$libinit$$00000019  c_w.l(libinit2.o)
    0x0800017c   0x00000000   Code   RO         3193    .ARM.Collect$$libinit$$0000001B  c_w.l(libinit2.o)
    0x0800017c   0x00000000   Code   RO         3195    .ARM.Collect$$libinit$$0000001D  c_w.l(libinit2.o)
    0x0800017c   0x00000000   Code   RO         3197    .ARM.Collect$$libinit$$0000001F  c_w.l(libinit2.o)
    0x0800017c   0x00000000   Code   RO         3199    .ARM.Collect$$libinit$$00000021  c_w.l(libinit2.o)
    0x0800017c   0x00000000   Code   RO         3201    .ARM.Collect$$libinit$$00000023  c_w.l(libinit2.o)
    0x0800017c   0x00000000   Code   RO         3203    .ARM.Collect$$libinit$$00000025  c_w.l(libinit2.o)
    0x0800017c   0x00000000   Code   RO         3207    .ARM.Collect$$libinit$$0000002C  c_w.l(libinit2.o)
    0x0800017c   0x00000000   Code   RO         3209    .ARM.Collect$$libinit$$0000002E  c_w.l(libinit2.o)
    0x0800017c   0x00000000   Code   RO         3211    .ARM.Collect$$libinit$$00000030  c_w.l(libinit2.o)
    0x0800017c   0x00000000   Code   RO         3213    .ARM.Collect$$libinit$$00000032  c_w.l(libinit2.o)
    0x0800017c   0x00000002   Code   RO         3214    .ARM.Collect$$libinit$$00000033  c_w.l(libinit2.o)
    0x0800017e   0x00000002   Code   RO         3244    .ARM.Collect$$libshutdown$$00000000  c_w.l(libshutdown.o)
    0x08000180   0x00000000   Code   RO         3255    .ARM.Collect$$libshutdown$$00000002  c_w.l(libshutdown2.o)
    0x08000180   0x00000000   Code   RO         3257    .ARM.Collect$$libshutdown$$00000004  c_w.l(libshutdown2.o)
    0x08000180   0x00000000   Code   RO         3260    .ARM.Collect$$libshutdown$$00000007  c_w.l(libshutdown2.o)
    0x08000180   0x00000000   Code   RO         3263    .ARM.Collect$$libshutdown$$0000000A  c_w.l(libshutdown2.o)
    0x08000180   0x00000000   Code   RO         3265    .ARM.Collect$$libshutdown$$0000000C  c_w.l(libshutdown2.o)
    0x08000180   0x00000000   Code   RO         3268    .ARM.Collect$$libshutdown$$0000000F  c_w.l(libshutdown2.o)
    0x08000180   0x00000002   Code   RO         3269    .ARM.Collect$$libshutdown$$00000010  c_w.l(libshutdown2.o)
    0x08000182   0x00000000   Code   RO         3080    .ARM.Collect$$rtentry$$00000000  c_w.l(__rtentry.o)
    0x08000182   0x00000000   Code   RO         3098    .ARM.Collect$$rtentry$$00000002  c_w.l(__rtentry2.o)
    0x08000182   0x00000006   Code   RO         3110    .ARM.Collect$$rtentry$$00000004  c_w.l(__rtentry4.o)
    0x08000188   0x00000000   Code   RO         3100    .ARM.Collect$$rtentry$$00000009  c_w.l(__rtentry2.o)
    0x08000188   0x00000004   Code   RO         3101    .ARM.Collect$$rtentry$$0000000A  c_w.l(__rtentry2.o)
    0x0800018c   0x00000000   Code   RO         3103    .ARM.Collect$$rtentry$$0000000C  c_w.l(__rtentry2.o)
    0x0800018c   0x00000008   Code   RO         3104    .ARM.Collect$$rtentry$$0000000D  c_w.l(__rtentry2.o)
    0x08000194   0x00000002   Code   RO         3215    .ARM.Collect$$rtexit$$00000000  c_w.l(rtexit.o)
    0x08000196   0x00000000   Code   RO         3222    .ARM.Collect$$rtexit$$00000002  c_w.l(rtexit2.o)
    0x08000196   0x00000004   Code   RO         3223    .ARM.Collect$$rtexit$$00000003  c_w.l(rtexit2.o)
    0x0800019a   0x00000006   Code   RO         3224    .ARM.Collect$$rtexit$$00000004  c_w.l(rtexit2.o)
    0x080001a0   0x00000040   Code   RO            4    .text               startup_stm32f103xb.o
    0x080001e0   0x00000028   Code   RO         3004    .text               c_w.l(noretval__2sprintf.o)
    0x08000208   0x0000010e   Code   RO         3016    .text               c_w.l(__printf_wp.o)
    0x08000316   0x00000044   Code   RO         3030    .text               c_w.l(rt_memclr.o)
    0x0800035a   0x0000004e   Code   RO         3032    .text               c_w.l(rt_memclr_w.o)
    0x080003a8   0x00000006   Code   RO         3034    .text               c_w.l(heapauxi.o)
    0x080003ae   0x0000041a   Code   RO         3081    .text               c_w.l(_printf_fp_dec.o)
    0x080007c8   0x00000030   Code   RO         3083    .text               c_w.l(_printf_char_common.o)
    0x080007f8   0x0000000a   Code   RO         3085    .text               c_w.l(_sputc.o)
    0x08000802   0x00000002   PAD
    0x08000804   0x00000008   Code   RO         3115    .text               c_w.l(rt_locale_intlibspace.o)
    0x0800080c   0x0000008a   Code   RO         3117    .text               c_w.l(lludiv10.o)
    0x08000896   0x00000002   PAD
    0x08000898   0x00000080   Code   RO         3119    .text               c_w.l(_printf_fp_infnan.o)
    0x08000918   0x000000dc   Code   RO         3123    .text               c_w.l(bigflt0.o)
    0x080009f4   0x00000008   Code   RO         3155    .text               c_w.l(libspace.o)
    0x080009fc   0x0000004a   Code   RO         3158    .text               c_w.l(sys_stackheap_outer.o)
    0x08000a46   0x00000012   Code   RO         3160    .text               c_w.l(exit.o)
    0x08000a58   0x00000080   Code   RO         3162    .text               c_w.l(strcmpv7m.o)
    0x08000ad8   0x0000000c   Code   RO         3234    .text               c_w.l(sys_exit.o)
    0x08000ae4   0x00000002   Code   RO         3245    .text               c_w.l(use_no_semi.o)
    0x08000ae6   0x00000000   Code   RO         3247    .text               c_w.l(indicate_semi.o)
    0x08000ae6   0x0000003e   Code   RO         3126    CL$$btod_d2e        c_w.l(btod.o)
    0x08000b24   0x00000046   Code   RO         3128    CL$$btod_d2e_denorm_low  c_w.l(btod.o)
    0x08000b6a   0x00000060   Code   RO         3127    CL$$btod_d2e_norm_op1  c_w.l(btod.o)
    0x08000bca   0x00000338   Code   RO         3136    CL$$btod_div_common  c_w.l(btod.o)
    0x08000f02   0x000000c6   Code   RO         3133    CL$$btod_e2e        c_w.l(btod.o)
    0x08000fc8   0x00000028   Code   RO         3130    CL$$btod_ediv       c_w.l(btod.o)
    0x08000ff0   0x00000028   Code   RO         3129    CL$$btod_emul       c_w.l(btod.o)
    0x08001018   0x00000244   Code   RO         3135    CL$$btod_mult_common  c_w.l(btod.o)
    0x0800125c   0x00000028   Code   RO          579    i.AC_init           armcamera.o
    0x08001284   0x00000002   Code   RO          473    i.BusFault_Handler  stm32f1xx_it.o
    0x08001286   0x00000002   PAD
    0x08001288   0x00000050   Code   RO           13    i.CarMotor_init     carmotor.o
    0x080012d8   0x00000002   Code   RO          474    i.DebugMon_Handler  stm32f1xx_it.o
    0x080012da   0x00000004   Code   RO          290    i.Error_Handler     main.o
    0x080012de   0x00000002   PAD
    0x080012e0   0x00000014   Code   RO           14    i.Frontal_Right_run2back  carmotor.o
    0x080012f4   0x00000014   Code   RO           15    i.Frontal_Right_run2forward  carmotor.o
    0x08001308   0x00000014   Code   RO           16    i.Frontal_left_run2back  carmotor.o
    0x0800131c   0x00000014   Code   RO           17    i.Frontal_left_run2forward  carmotor.o
    0x08001330   0x00000046   Code   RO         2004    i.HAL_DMA_Abort     stm32f1xx_hal_dma.o
    0x08001376   0x00000002   PAD
    0x08001378   0x00000098   Code   RO         2005    i.HAL_DMA_Abort_IT  stm32f1xx_hal_dma.o
    0x08001410   0x000001e0   Code   RO         1940    i.HAL_GPIO_Init     stm32f1xx_hal_gpio.o
    0x080015f0   0x0000000c   Code   RO         1634    i.HAL_GetTick       stm32f1xx_hal.o
    0x080015fc   0x00000010   Code   RO         1640    i.HAL_IncTick       stm32f1xx_hal.o
    0x0800160c   0x00000024   Code   RO         1641    i.HAL_Init          stm32f1xx_hal.o
    0x08001630   0x00000040   Code   RO         1642    i.HAL_InitTick      stm32f1xx_hal.o
    0x08001670   0x0000003c   Code   RO          555    i.HAL_MspInit       stm32f1xx_hal_msp.o
    0x080016ac   0x0000001a   Code   RO         2100    i.HAL_NVIC_EnableIRQ  stm32f1xx_hal_cortex.o
    0x080016c6   0x00000002   PAD
    0x080016c8   0x00000040   Code   RO         2106    i.HAL_NVIC_SetPriority  stm32f1xx_hal_cortex.o
    0x08001708   0x00000024   Code   RO         2107    i.HAL_NVIC_SetPriorityGrouping  stm32f1xx_hal_cortex.o
    0x0800172c   0x0000012c   Code   RO         1798    i.HAL_RCC_ClockConfig  stm32f1xx_hal_rcc.o
    0x08001858   0x00000020   Code   RO         1805    i.HAL_RCC_GetPCLK1Freq  stm32f1xx_hal_rcc.o
    0x08001878   0x00000020   Code   RO         1806    i.HAL_RCC_GetPCLK2Freq  stm32f1xx_hal_rcc.o
    0x08001898   0x0000004c   Code   RO         1807    i.HAL_RCC_GetSysClockFreq  stm32f1xx_hal_rcc.o
    0x080018e4   0x00000320   Code   RO         1810    i.HAL_RCC_OscConfig  stm32f1xx_hal_rcc.o
    0x08001c04   0x00000028   Code   RO         2111    i.HAL_SYSTICK_Config  stm32f1xx_hal_cortex.o
    0x08001c2c   0x00000068   Code   RO         1375    i.HAL_TIMEx_MasterConfigSynchronization  stm32f1xx_hal_tim_ex.o
    0x08001c94   0x0000005a   Code   RO          652    i.HAL_TIM_Base_Init  stm32f1xx_hal_tim.o
    0x08001cee   0x00000002   PAD
    0x08001cf0   0x00000058   Code   RO          354    i.HAL_TIM_Base_MspInit  tim.o
    0x08001d48   0x000000dc   Code   RO          661    i.HAL_TIM_ConfigClockSource  stm32f1xx_hal_tim.o
    0x08001e24   0x000000bc   Code   RO          355    i.HAL_TIM_MspPostInit  tim.o
    0x08001ee0   0x000000cc   Code   RO          724    i.HAL_TIM_PWM_ConfigChannel  stm32f1xx_hal_tim.o
    0x08001fac   0x0000005a   Code   RO          727    i.HAL_TIM_PWM_Init  stm32f1xx_hal_tim.o
    0x08002006   0x00000002   Code   RO          729    i.HAL_TIM_PWM_MspInit  stm32f1xx_hal_tim.o
    0x08002008   0x0000009c   Code   RO          732    i.HAL_TIM_PWM_Start  stm32f1xx_hal_tim.o
    0x080020a4   0x00000002   Code   RO         2612    i.HAL_UARTEx_RxEventCallback  stm32f1xx_hal_uart.o
    0x080020a6   0x00000002   Code   RO         2626    i.HAL_UART_ErrorCallback  stm32f1xx_hal_uart.o
    0x080020a8   0x0000026c   Code   RO         2629    i.HAL_UART_IRQHandler  stm32f1xx_hal_uart.o
    0x08002314   0x00000064   Code   RO         2630    i.HAL_UART_Init     stm32f1xx_hal_uart.o
    0x08002378   0x0000010c   Code   RO          414    i.HAL_UART_MspInit  usart.o
    0x08002484   0x0000001c   Code   RO         2635    i.HAL_UART_Receive_IT  stm32f1xx_hal_uart.o
    0x080024a0   0x0000004c   Code   RO          215    i.HAL_UART_RxCpltCallback  transmit2pi.o
    0x080024ec   0x0000009a   Code   RO         2638    i.HAL_UART_Transmit  stm32f1xx_hal_uart.o
    0x08002586   0x00000002   Code   RO         2641    i.HAL_UART_TxCpltCallback  stm32f1xx_hal_uart.o
    0x08002588   0x00000002   Code   RO          475    i.HardFault_Handler  stm32f1xx_it.o
    0x0800258a   0x00000002   PAD
    0x0800258c   0x0000003c   Code   RO          329    i.MX_GPIO_Init      gpio.o
    0x080025c8   0x000000b0   Code   RO          356    i.MX_TIM2_Init      tim.o
    0x08002678   0x000000cc   Code   RO          357    i.MX_TIM3_Init      tim.o
    0x08002744   0x000000cc   Code   RO          358    i.MX_TIM4_Init      tim.o
    0x08002810   0x00000038   Code   RO          415    i.MX_USART1_UART_Init  usart.o
    0x08002848   0x00000038   Code   RO          416    i.MX_USART2_UART_Init  usart.o
    0x08002880   0x00000038   Code   RO          417    i.MX_USART3_UART_Init  usart.o
    0x080028b8   0x00000002   Code   RO          476    i.MemManage_Handler  stm32f1xx_it.o
    0x080028ba   0x00000002   Code   RO          477    i.NMI_Handler       stm32f1xx_it.o
    0x080028bc   0x00000002   Code   RO          478    i.PendSV_Handler    stm32f1xx_it.o
    0x080028be   0x00000002   Code   RO          479    i.SVC_Handler       stm32f1xx_it.o
    0x080028c0   0x00000004   Code   RO          480    i.SysTick_Handler   stm32f1xx_it.o
    0x080028c4   0x0000005e   Code   RO          291    i.SystemClock_Config  main.o
    0x08002922   0x00000002   Code   RO         2964    i.SystemInit        system_stm32f1xx.o
    0x08002924   0x0000006c   Code   RO          745    i.TIM_Base_SetConfig  stm32f1xx_hal_tim.o
    0x08002990   0x0000001a   Code   RO          746    i.TIM_CCxChannelCmd  stm32f1xx_hal_tim.o
    0x080029aa   0x00000014   Code   RO          756    i.TIM_ETR_SetConfig  stm32f1xx_hal_tim.o
    0x080029be   0x00000010   Code   RO          757    i.TIM_ITRx_SetConfig  stm32f1xx_hal_tim.o
    0x080029ce   0x00000002   PAD
    0x080029d0   0x00000050   Code   RO          758    i.TIM_OC1_SetConfig  stm32f1xx_hal_tim.o
    0x08002a20   0x00000058   Code   RO          759    i.TIM_OC2_SetConfig  stm32f1xx_hal_tim.o
    0x08002a78   0x00000058   Code   RO          760    i.TIM_OC3_SetConfig  stm32f1xx_hal_tim.o
    0x08002ad0   0x00000044   Code   RO          761    i.TIM_OC4_SetConfig  stm32f1xx_hal_tim.o
    0x08002b14   0x00000022   Code   RO          763    i.TIM_TI1_ConfigInputStage  stm32f1xx_hal_tim.o
    0x08002b36   0x00000024   Code   RO          765    i.TIM_TI2_ConfigInputStage  stm32f1xx_hal_tim.o
    0x08002b5a   0x00000010   Code   RO         2643    i.UART_DMAAbortOnError  stm32f1xx_hal_uart.o
    0x08002b6a   0x0000004e   Code   RO         2653    i.UART_EndRxTransfer  stm32f1xx_hal_uart.o
    0x08002bb8   0x000000c2   Code   RO         2655    i.UART_Receive_IT   stm32f1xx_hal_uart.o
    0x08002c7a   0x00000002   PAD
    0x08002c7c   0x000000b8   Code   RO         2656    i.UART_SetConfig    stm32f1xx_hal_uart.o
    0x08002d34   0x00000036   Code   RO         2658    i.UART_Start_Receive_IT  stm32f1xx_hal_uart.o
    0x08002d6a   0x00000078   Code   RO         2659    i.UART_WaitOnFlagUntilTimeout  stm32f1xx_hal_uart.o
    0x08002de2   0x00000002   PAD
    0x08002de4   0x0000000c   Code   RO          481    i.USART1_IRQHandler  stm32f1xx_it.o
    0x08002df0   0x00000002   Code   RO          482    i.UsageFault_Handler  stm32f1xx_it.o
    0x08002df2   0x00000028   Code   RO         3153    i.__ARM_fpclassify  m_ws.l(fpclassify.o)
    0x08002e1a   0x00000020   Code   RO         2113    i.__NVIC_SetPriority  stm32f1xx_hal_cortex.o
    0x08002e3a   0x0000000e   Code   RO         3018    i._is_digit         c_w.l(__printf_wp.o)
    0x08002e48   0x00000008   Code   RO          216    i.angle_b2d         transmit2pi.o
    0x08002e50   0x00000014   Code   RO           18    i.back_Right_run2back  carmotor.o
    0x08002e64   0x00000014   Code   RO           19    i.back_Right_run2forward  carmotor.o
    0x08002e78   0x00000014   Code   RO           20    i.back_left_run2back  carmotor.o
    0x08002e8c   0x00000014   Code   RO           21    i.back_left_run2forward  carmotor.o
    0x08002ea0   0x00000030   Code   RO           22    i.carMove2B         carmotor.o
    0x08002ed0   0x00000030   Code   RO           23    i.carMove2F         carmotor.o
    0x08002f00   0x00000030   Code   RO           24    i.carMove2L         carmotor.o
    0x08002f30   0x00000030   Code   RO           25    i.carMove2R         carmotor.o
    0x08002f60   0x00000030   Code   RO           26    i.carRotate2L       carmotor.o
    0x08002f90   0x00000030   Code   RO           27    i.carRotate2R       carmotor.o
    0x08002fc0   0x00000030   Code   RO           28    i.carStop           carmotor.o
    0x08002ff0   0x00000148   Code   RO          217    i.dataFromPi_process  transmit2pi.o
    0x08003138   0x0000001c   Code   RO          580    i.joint1_cmd        armcamera.o
    0x08003154   0x0000001c   Code   RO          581    i.joint2_cmd        armcamera.o
    0x08003170   0x0000003e   Code   RO          292    i.main              main.o
    0x080031ae   0x00000002   PAD
    0x080031b0   0x00000014   Code   RO          218    i.transmit2pi_uart_init  transmit2pi.o
    0x080031c4   0x00000024   Code   RO          418    i.u1_printf         usart.o
    0x080031e8   0x00000044   Code   RO          219    i.velocity_b2f      transmit2pi.o
    0x0800322c   0x0000002c   Code   RO         3149    locale$$code        c_w.l(lc_numeric_c.o)
    0x08003258   0x00000062   Code   RO         3038    x$fpl$d2f           fz_ws.l(d2f.o)
    0x080032ba   0x00000002   PAD
    0x080032bc   0x00000150   Code   RO         3040    x$fpl$dadd          fz_ws.l(daddsub_clz.o)
    0x0800340c   0x00000026   Code   RO         3046    x$fpl$dfltu         fz_ws.l(dflt_clz.o)
    0x08003432   0x00000002   PAD
    0x08003434   0x00000154   Code   RO         3052    x$fpl$dmul          fz_ws.l(dmul.o)
    0x08003588   0x0000009c   Code   RO         3088    x$fpl$dnaninf       fz_ws.l(dnaninf.o)
    0x08003624   0x0000000c   Code   RO         3090    x$fpl$dretinf       fz_ws.l(dretinf.o)
    0x08003630   0x000001d4   Code   RO         3042    x$fpl$dsub          fz_ws.l(daddsub_clz.o)
    0x08003804   0x00000056   Code   RO         3054    x$fpl$f2d           fz_ws.l(f2d.o)
    0x0800385a   0x00000002   PAD
    0x0800385c   0x00000036   Code   RO         3062    x$fpl$ffix          fz_ws.l(ffix.o)
    0x08003892   0x00000002   PAD
    0x08003894   0x0000003e   Code   RO         3066    x$fpl$ffixu         fz_ws.l(ffixu.o)
    0x080038d2   0x00000002   PAD
    0x080038d4   0x00000026   Code   RO         3070    x$fpl$ffltu         fz_ws.l(fflt_clz.o)
    0x080038fa   0x00000002   PAD
    0x080038fc   0x00000102   Code   RO         3076    x$fpl$fmul          fz_ws.l(fmul.o)
    0x080039fe   0x0000008c   Code   RO         3092    x$fpl$fnaninf       fz_ws.l(fnaninf.o)
    0x08003a8a   0x0000000a   Code   RO         3094    x$fpl$fretinf       fz_ws.l(fretinf.o)
    0x08003a94   0x00000004   Code   RO         3078    x$fpl$printf1       fz_ws.l(printf1.o)
    0x08003a98   0x00000000   Code   RO         3096    x$fpl$usenofp       fz_ws.l(usenofp.o)
    0x08003a98   0x00000012   Data   RO         1811    .constdata          stm32f1xx_hal_rcc.o
    0x08003aaa   0x00000010   Data   RO         2965    .constdata          system_stm32f1xx.o
    0x08003aba   0x00000008   Data   RO         2966    .constdata          system_stm32f1xx.o
    0x08003ac2   0x00000002   PAD
    0x08003ac4   0x00000094   Data   RO         3124    .constdata          c_w.l(bigflt0.o)
    0x08003b58   0x00000020   Data   RO         3294    Region$$Table       anon$$obj.o
    0x08003b78   0x0000001c   Data   RO         3148    locale$$data        c_w.l(lc_numeric_c.o)


    Execution Region RW_IRAM1 (Base: 0x20000000, Size: 0x00000848, Max: 0x00005000, ABSOLUTE)

    Base Addr    Size         Type   Attr      Idx    E Section Name        Object

    0x20000000   0x00000002   Data   RW          222    .data               transmit2pi.o
    0x20000002   0x00000002   PAD
    0x20000004   0x0000000c   Data   RW         1648    .data               stm32f1xx_hal.o
    0x20000010   0x00000004   Data   RW         2967    .data               system_stm32f1xx.o
    0x20000014   0x0000001e   Zero   RW          221    .bss                transmit2pi.o
    0x20000032   0x00000002   PAD
    0x20000034   0x000000d8   Zero   RW          359    .bss                tim.o
    0x2000010c   0x000000d8   Zero   RW          419    .bss                usart.o
    0x200001e4   0x00000060   Zero   RW         3156    .bss                c_w.l(libspace.o)
    0x20000244   0x00000004   PAD
    0x20000248   0x00000200   Zero   RW            2    HEAP                startup_stm32f103xb.o
    0x20000448   0x00000400   Zero   RW            1    STACK               startup_stm32f103xb.o


==============================================================================

Image component sizes


      Code (inc. data)   RO Data    RW Data    ZI Data      Debug   Object Name

        96         18          0          0          0       1634   armcamera.o
       576        102          0          0          0     433164   carmotor.o
        60          6          0          0          0        771   gpio.o
       160          0          0          0          0       1892   main.o
        64         26        236          0       1536        788   startup_stm32f103xb.o
       128         24          0         12          0       5137   stm32f1xx_hal.o
       198         14          0          0          0      28807   stm32f1xx_hal_cortex.o
       222          4          0          0          0       1699   stm32f1xx_hal_dma.o
       480         34          0          0          0       2216   stm32f1xx_hal_gpio.o
        60          8          0          0          0        826   stm32f1xx_hal_msp.o
      1240         84         18          0          0       4972   stm32f1xx_hal_rcc.o
      1326         46          0          0          0      11924   stm32f1xx_hal_tim.o
       104         12          0          0          0       1312   stm32f1xx_hal_tim_ex.o
      1554         10          0          0          0      10568   stm32f1xx_hal_uart.o
        32          6          0          0          0       4074   stm32f1xx_it.o
         2          0         24          4          0       1047   system_stm32f1xx.o
       860         60          0          0        216       3874   tim.o
       500         80          0          2         30       3767   transmit2pi.o
       472         54          0          0        216       3388   usart.o

    ----------------------------------------------------------------------
      8154        588        312         20       2000     521860   Object Totals
         0          0         32          0          0          0   (incl. Generated)
        20          0          2          2          2          0   (incl. Padding)

    ----------------------------------------------------------------------

      Code (inc. data)   RO Data    RW Data    ZI Data      Debug   Library Member Name

         8          0          0          0          0         68   __main.o
       284          0          0          0          0        156   __printf_wp.o
         0          0          0          0          0          0   __rtentry.o
        12          0          0          0          0          0   __rtentry2.o
         6          0          0          0          0          0   __rtentry4.o
        52          8          0          0          0          0   __scatter.o
        26          0          0          0          0          0   __scatter_copy.o
        28          0          0          0          0          0   __scatter_zi.o
        48          6          0          0          0         96   _printf_char_common.o
         6          0          0          0          0          0   _printf_f.o
      1050          0          0          0          0        216   _printf_fp_dec.o
       128         16          0          0          0         84   _printf_fp_infnan.o
         0          0          0          0          0          0   _printf_percent.o
         4          0          0          0          0          0   _printf_percent_end.o
        10          0          0          0          0         68   _sputc.o
       220          4        148          0          0         96   bigflt0.o
      1910        128          0          0          0        672   btod.o
        18          0          0          0          0         80   exit.o
         6          0          0          0          0        152   heapauxi.o
         0          0          0          0          0          0   indicate_semi.o
        44         10         28          0          0         76   lc_numeric_c.o
         2          0          0          0          0          0   libinit.o
        18          0          0          0          0          0   libinit2.o
         2          0          0          0          0          0   libshutdown.o
         2          0          0          0          0          0   libshutdown2.o
         8          4          0          0         96         68   libspace.o
       138          0          0          0          0         80   lludiv10.o
        40          6          0          0          0         84   noretval__2sprintf.o
         8          4          0          0          0         68   rt_locale_intlibspace.o
        68          0          0          0          0         68   rt_memclr.o
        78          0          0          0          0         80   rt_memclr_w.o
         2          0          0          0          0          0   rtexit.o
        10          0          0          0          0          0   rtexit2.o
       128          0          0          0          0         68   strcmpv7m.o
        12          4          0          0          0         68   sys_exit.o
        74          0          0          0          0         80   sys_stackheap_outer.o
         2          0          0          0          0         68   use_no_semi.o
        98          4          0          0          0         92   d2f.o
       804         16          0          0          0        272   daddsub_clz.o
        38          0          0          0          0         68   dflt_clz.o
       340         12          0          0          0        104   dmul.o
       156          4          0          0          0         92   dnaninf.o
        12          0          0          0          0         68   dretinf.o
        86          4          0          0          0         84   f2d.o
        54          4          0          0          0         84   ffix.o
        62          4          0          0          0         84   ffixu.o
        38          0          0          0          0         68   fflt_clz.o
       258          4          0          0          0         84   fmul.o
       140          4          0          0          0         84   fnaninf.o
        10          0          0          0          0         68   fretinf.o
         4          0          0          0          0         68   printf1.o
         0          0          0          0          0          0   usenofp.o
        40          0          0          0          0         68   fpclassify.o

    ----------------------------------------------------------------------
      6610        246        176          0        100       3884   Library Totals
        18          0          0          0          4          0   (incl. Padding)

    ----------------------------------------------------------------------

      Code (inc. data)   RO Data    RW Data    ZI Data      Debug   Library Name

      4452        190        176          0         96       2496   c_w.l
      2100         56          0          0          0       1320   fz_ws.l
        40          0          0          0          0         68   m_ws.l

    ----------------------------------------------------------------------
      6610        246        176          0        100       3884   Library Totals

    ----------------------------------------------------------------------

==============================================================================


      Code (inc. data)   RO Data    RW Data    ZI Data      Debug   

     14764        834        488         20       2100     518824   Grand Totals
     14764        834        488         20       2100     518824   ELF Image Totals
     14764        834        488         20          0          0   ROM Totals

==============================================================================

    Total RO  Size (Code + RO Data)                15252 (  14.89kB)
    Total RW  Size (RW Data + ZI Data)              2120 (   2.07kB)
    Total ROM Size (Code + RO Data + RW Data)      15272 (  14.91kB)

==============================================================================

