Component: ARM Compiler 5.06 update 4 (build 422) Tool: armlink [4d35d2]

==============================================================================

Section Cross References

    startup_stm32f103xb.o(STACK) refers (Special) to heapauxi.o(.text) for __use_two_region_memory
    startup_stm32f103xb.o(HEAP) refers (Special) to heapauxi.o(.text) for __use_two_region_memory
    startup_stm32f103xb.o(RESET) refers (Special) to heapauxi.o(.text) for __use_two_region_memory
    startup_stm32f103xb.o(RESET) refers to startup_stm32f103xb.o(STACK) for __initial_sp
    startup_stm32f103xb.o(RESET) refers to startup_stm32f103xb.o(.text) for Reset_Handler
    startup_stm32f103xb.o(RESET) refers to stm32f1xx_it.o(i.NMI_Handler) for NMI_Handler
    startup_stm32f103xb.o(RESET) refers to stm32f1xx_it.o(i.HardFault_Handler) for HardFault_Handler
    startup_stm32f103xb.o(RESET) refers to stm32f1xx_it.o(i.MemManage_Handler) for MemManage_Handler
    startup_stm32f103xb.o(RESET) refers to stm32f1xx_it.o(i.BusFault_Handler) for BusFault_Handler
    startup_stm32f103xb.o(RESET) refers to stm32f1xx_it.o(i.UsageFault_Handler) for UsageFault_Handler
    startup_stm32f103xb.o(RESET) refers to stm32f1xx_it.o(i.SVC_Handler) for SVC_Handler
    startup_stm32f103xb.o(RESET) refers to stm32f1xx_it.o(i.DebugMon_Handler) for DebugMon_Handler
    startup_stm32f103xb.o(RESET) refers to stm32f1xx_it.o(i.PendSV_Handler) for PendSV_Handler
    startup_stm32f103xb.o(RESET) refers to stm32f1xx_it.o(i.SysTick_Handler) for SysTick_Handler
    startup_stm32f103xb.o(RESET) refers to stm32f1xx_it.o(i.USART1_IRQHandler) for USART1_IRQHandler
    startup_stm32f103xb.o(RESET) refers to stm32f1xx_it.o(i.USART2_IRQHandler) for USART2_IRQHandler
    startup_stm32f103xb.o(.text) refers (Special) to heapauxi.o(.text) for __use_two_region_memory
    startup_stm32f103xb.o(.text) refers to system_stm32f1xx.o(i.SystemInit) for SystemInit
    startup_stm32f103xb.o(.text) refers to __main.o(!!!main) for __main
    startup_stm32f103xb.o(.text) refers to startup_stm32f103xb.o(HEAP) for Heap_Mem
    startup_stm32f103xb.o(.text) refers to startup_stm32f103xb.o(STACK) for Stack_Mem
    carmotor.o(i.CarMotor_init) refers to stm32f1xx_hal_tim.o(i.HAL_TIM_PWM_Start) for HAL_TIM_PWM_Start
    carmotor.o(i.CarMotor_init) refers to tim.o(.bss) for htim3
    carmotor.o(i.Frontal_Right_run2back) refers to tim.o(.bss) for htim4
    carmotor.o(i.Frontal_Right_run2forward) refers to tim.o(.bss) for htim4
    carmotor.o(i.Frontal_left_run2back) refers to tim.o(.bss) for htim4
    carmotor.o(i.Frontal_left_run2forward) refers to tim.o(.bss) for htim4
    carmotor.o(i.back_Right_run2back) refers to tim.o(.bss) for htim3
    carmotor.o(i.back_Right_run2forward) refers to tim.o(.bss) for htim3
    carmotor.o(i.back_left_run2back) refers to tim.o(.bss) for htim3
    carmotor.o(i.back_left_run2forward) refers to tim.o(.bss) for htim3
    carmotor.o(i.carMove2B) refers to fmul.o(x$fpl$fmul) for __aeabi_fmul
    carmotor.o(i.carMove2B) refers to ffixu.o(x$fpl$ffixu) for __aeabi_f2uiz
    carmotor.o(i.carMove2B) refers to carmotor.o(i.Frontal_left_run2back) for Frontal_left_run2back
    carmotor.o(i.carMove2B) refers to carmotor.o(i.Frontal_Right_run2back) for Frontal_Right_run2back
    carmotor.o(i.carMove2B) refers to carmotor.o(i.back_left_run2back) for back_left_run2back
    carmotor.o(i.carMove2B) refers to carmotor.o(i.back_Right_run2back) for back_Right_run2back
    carmotor.o(i.carMove2F) refers to fmul.o(x$fpl$fmul) for __aeabi_fmul
    carmotor.o(i.carMove2F) refers to ffixu.o(x$fpl$ffixu) for __aeabi_f2uiz
    carmotor.o(i.carMove2F) refers to carmotor.o(i.Frontal_left_run2forward) for Frontal_left_run2forward
    carmotor.o(i.carMove2F) refers to carmotor.o(i.Frontal_Right_run2forward) for Frontal_Right_run2forward
    carmotor.o(i.carMove2F) refers to carmotor.o(i.back_left_run2forward) for back_left_run2forward
    carmotor.o(i.carMove2F) refers to carmotor.o(i.back_Right_run2forward) for back_Right_run2forward
    carmotor.o(i.carMove2L) refers to fmul.o(x$fpl$fmul) for __aeabi_fmul
    carmotor.o(i.carMove2L) refers to ffixu.o(x$fpl$ffixu) for __aeabi_f2uiz
    carmotor.o(i.carMove2L) refers to carmotor.o(i.Frontal_left_run2forward) for Frontal_left_run2forward
    carmotor.o(i.carMove2L) refers to carmotor.o(i.Frontal_Right_run2back) for Frontal_Right_run2back
    carmotor.o(i.carMove2L) refers to carmotor.o(i.back_left_run2back) for back_left_run2back
    carmotor.o(i.carMove2L) refers to carmotor.o(i.back_Right_run2forward) for back_Right_run2forward
    carmotor.o(i.carMove2R) refers to fmul.o(x$fpl$fmul) for __aeabi_fmul
    carmotor.o(i.carMove2R) refers to ffixu.o(x$fpl$ffixu) for __aeabi_f2uiz
    carmotor.o(i.carMove2R) refers to carmotor.o(i.Frontal_left_run2back) for Frontal_left_run2back
    carmotor.o(i.carMove2R) refers to carmotor.o(i.Frontal_Right_run2forward) for Frontal_Right_run2forward
[...]
    Removing stm32f1xx_hal_exti.o(.rrx_text), (6 bytes).
    Removing stm32f1xx_hal_exti.o(i.HAL_EXTI_ClearConfigLine), (104 bytes).
    Removing stm32f1xx_hal_exti.o(i.HAL_EXTI_ClearPending), (20 bytes).
    Removing stm32f1xx_hal_exti.o(i.HAL_EXTI_GenerateSWI), (20 bytes).
    Removing stm32f1xx_hal_exti.o(i.HAL_EXTI_GetConfigLine), (140 bytes).
    Removing stm32f1xx_hal_exti.o(i.HAL_EXTI_GetHandle), (12 bytes).
    Removing stm32f1xx_hal_exti.o(i.HAL_EXTI_GetPending), (24 bytes).
    Removing stm32f1xx_hal_exti.o(i.HAL_EXTI_IRQHandler), (36 bytes).
    Removing stm32f1xx_hal_exti.o(i.HAL_EXTI_RegisterCallback), (14 bytes).
    Removing stm32f1xx_hal_exti.o(i.HAL_EXTI_SetConfigLine), (164 bytes).
    Removing stm32f1xx_hal_uart.o(.rev16_text), (4 bytes).
    Removing stm32f1xx_hal_uart.o(.revsh_text), (4 bytes).
    Removing stm32f1xx_hal_uart.o(.rrx_text), (6 bytes).
    Removing stm32f1xx_hal_uart.o(i.HAL_HalfDuplex_EnableReceiver), (50 bytes).
    Removing stm32f1xx_hal_uart.o(i.HAL_HalfDuplex_EnableTransmitter), (50 bytes).
    Removing stm32f1xx_hal_uart.o(i.HAL_HalfDuplex_Init), (110 bytes).
    Removing stm32f1xx_hal_uart.o(i.HAL_LIN_Init), (130 bytes).
    Removing stm32f1xx_hal_uart.o(i.HAL_LIN_SendBreak), (60 bytes).
    Removing stm32f1xx_hal_uart.o(i.HAL_MultiProcessor_EnterMuteMode), (62 bytes).
    Removing stm32f1xx_hal_uart.o(i.HAL_MultiProcessor_ExitMuteMode), (62 bytes).
    Removing stm32f1xx_hal_uart.o(i.HAL_MultiProcessor_Init), (144 bytes).
    Removing stm32f1xx_hal_uart.o(i.HAL_UARTEx_GetRxEventType), (4 bytes).
    Removing stm32f1xx_hal_uart.o(i.HAL_UARTEx_ReceiveToIdle), (240 bytes).
    Removing stm32f1xx_hal_uart.o(i.HAL_UARTEx_ReceiveToIdle_DMA), (78 bytes).
    Removing stm32f1xx_hal_uart.o(i.HAL_UARTEx_ReceiveToIdle_IT), (78 bytes).
    Removing stm32f1xx_hal_uart.o(i.HAL_UART_Abort), (210 bytes).
    Removing stm32f1xx_hal_uart.o(i.HAL_UART_AbortCpltCallback), (2 bytes).
    Removing stm32f1xx_hal_uart.o(i.HAL_UART_AbortReceive), (148 bytes).
    Removing stm32f1xx_hal_uart.o(i.HAL_UART_AbortReceiveCpltCallback), (2 bytes).
    Removing stm32f1xx_hal_uart.o(i.HAL_UART_AbortReceive_IT), (152 bytes).
    Removing stm32f1xx_hal_uart.o(i.HAL_UART_AbortTransmit), (98 bytes).
    Removing stm32f1xx_hal_uart.o(i.HAL_UART_AbortTransmitCpltCallback), (2 bytes).
    Removing stm32f1xx_hal_uart.o(i.HAL_UART_AbortTransmit_IT), (104 bytes).
    Removing stm32f1xx_hal_uart.o(i.HAL_UART_Abort_IT), (244 bytes).
    Removing stm32f1xx_hal_uart.o(i.HAL_UART_DMAPause), (120 bytes).
    Removing stm32f1xx_hal_uart.o(i.HAL_UART_DMAResume), (114 bytes).
    Removing stm32f1xx_hal_uart.o(i.HAL_UART_DMAStop), (112 bytes).
    Removing stm32f1xx_hal_uart.o(i.HAL_UART_DeInit), (54 bytes).
    Removing stm32f1xx_hal_uart.o(i.HAL_UART_GetError), (4 bytes).
    Removing stm32f1xx_hal_uart.o(i.HAL_UART_GetState), (10 bytes).
    Removing stm32f1xx_hal_uart.o(i.HAL_UART_MspDeInit), (2 bytes).
    Removing stm32f1xx_hal_uart.o(i.HAL_UART_MspInit), (2 bytes).
    Removing stm32f1xx_hal_uart.o(i.HAL_UART_Receive), (172 bytes).
    Removing stm32f1xx_hal_uart.o(i.HAL_UART_Receive_DMA), (28 bytes).
    Removing stm32f1xx_hal_uart.o(i.HAL_UART_RxCpltCallback), (2 bytes).
    Removing stm32f1xx_hal_uart.o(i.HAL_UART_RxHalfCpltCallback), (2 bytes).
    Removing stm32f1xx_hal_uart.o(i.HAL_UART_Transmit_DMA), (120 bytes).
    Removing stm32f1xx_hal_uart.o(i.HAL_UART_Transmit_IT), (50 bytes).
    Removing stm32f1xx_hal_uart.o(i.HAL_UART_TxHalfCpltCallback), (2 bytes).
    Removing stm32f1xx_hal_uart.o(i.UART_DMAError), (74 bytes).
    Removing stm32f1xx_hal_uart.o(i.UART_DMAReceiveCplt), (134 bytes).
    Removing stm32f1xx_hal_uart.o(i.UART_DMARxAbortCallback), (44 bytes).
    Removing stm32f1xx_hal_uart.o(i.UART_DMARxHalfCplt), (30 bytes).
    Removing stm32f1xx_hal_uart.o(i.UART_DMARxOnlyAbortCallback), (22 bytes).
    Removing stm32f1xx_hal_uart.o(i.UART_DMATransmitCplt), (66 bytes).
    Removing stm32f1xx_hal_uart.o(i.UART_DMATxAbortCallback), (44 bytes).
    Removing stm32f1xx_hal_uart.o(i.UART_DMATxHalfCplt), (10 bytes).
    Removing stm32f1xx_hal_uart.o(i.UART_DMATxOnlyAbortCallback), (20 bytes).
    Removing stm32f1xx_hal_uart.o(i.UART_EndTxTransfer), (28 bytes).
    Removing stm32f1xx_hal_uart.o(i.UART_Start_Receive_DMA), (144 bytes).
    Removing system_stm32f1xx.o(.rev16_text), (4 bytes).
    Removing system_stm32f1xx.o(.revsh_text), (4 bytes).
    Removing system_stm32f1xx.o(.rrx_text), (6 bytes).
    Removing system_stm32f1xx.o(i.SystemCoreClockUpdate), (104 bytes).

386 unused section(s) (total 24945 bytes) removed from the image.

==============================================================================

Image Symbol Table

    Local Symbols

    Symbol Name                              Value     Ov Type        Size  Object(Section)

    ../Core/Src/gpio.c                       0x00000000   Number         0  gpio.o ABSOLUTE
    ../Core/Src/main.c                       0x00000000   Number         0  main.o ABSOLUTE
    ../Core/Src/stm32f1xx_hal_msp.c          0x00000000   Number         0  stm32f1xx_hal_msp.o ABSOLUTE
    ../Core/Src/stm32f1xx_it.c               0x00000000   Number         0  stm32f1xx_it.o ABSOLUTE
    ../Core/Src/system_stm32f1xx.c           0x00000000   Number         0  system_stm32f1xx.o ABSOLUTE
    ../Core/Src/tim.c                        0x00000000   Number         0  tim.o ABSOLUTE
    ../Core/Src/usart.c                      0x00000000   Number         0  usart.o ABSOLUTE
    ../Drivers/STM32F1xx_HAL_Driver/Src/stm32f1xx_hal.c 0x00000000   Number         0  stm32f1xx_hal.o ABSOLUTE
    ../Drivers/STM32F1xx_HAL_Driver/Src/stm32f1xx_hal_cortex.c 0x00000000   Number         0  stm32f1xx_hal_cortex.o ABSOLUTE
    ../Drivers/STM32F1xx_HAL_Driver/Src/stm32f1xx_hal_dma.c 0x00000000   Number         0  stm32f1xx_hal_dma.o ABSOLUTE
    ../Drivers/STM32F1xx_HAL_Driver/Src/stm32f1xx_hal_exti.c 0x00000000   Number         0  stm32f1xx_hal_exti.o ABSOLUTE
    ../Drivers/STM32F1xx_HAL_Driver/Src/stm32f1xx_hal_flash.c 0x00000000   Number         0  stm32f1xx_hal_flash.o ABSOLUTE
    ../Drivers/STM32F1xx_HAL_Driver/Src/stm32f1xx_hal_flash_ex.c 0x00000000   Number         0  stm32f1xx_hal_flash_ex.o ABSOLUTE
    ../Drivers/STM32F1xx_HAL_Driver/Src/stm32f1xx_hal_gpio.c 0x00000000   Number         0  stm32f1xx_hal_gpio.o ABSOLUTE
    ../Drivers/STM32F1xx_HAL_Driver/Src/stm32f1xx_hal_gpio_ex.c 0x00000000   Number         0  stm32f1xx_hal_gpio_ex.o ABSOLUTE
    ../Drivers/STM32F1xx_HAL_Driver/Src/stm32f1xx_hal_pwr.c 0x00000000   Number         0  stm32f1xx_hal_pwr.o ABSOLUTE
    ../Drivers/STM32F1xx_HAL_Driver/Src/stm32f1xx_hal_rcc.c 0x00000000   Number         0  stm32f1xx_hal_rcc.o ABSOLUTE
    ../Drivers/STM32F1xx_HAL_Driver/Src/stm32f1xx_hal_rcc_ex.c 0x00000000   Number         0  stm32f1xx_hal_rcc_ex.o ABSOLUTE
    ../Drivers/STM32F1xx_HAL_Driver/Src/stm32f1xx_hal_tim.c 0x00000000   Number         0  stm32f1xx_hal_tim.o ABSOLUTE
    ../Drivers/STM32F1xx_HAL_Driver/Src/stm32f1xx_hal_tim_ex.c 0x00000000   Number         0  stm32f1xx_hal_tim_ex.o ABSOLUTE
    ../Drivers/STM32F1xx_HAL_Driver/Src/stm32f1xx_hal_uart.c 0x00000000   Number         0  stm32f1xx_hal_uart.o ABSOLUTE
    ../clib/angel/boardlib.s                 0x00000000   Number         0  boardinit1.o ABSOLUTE
    ../clib/angel/boardlib.s                 0x00000000   Number         0  boardinit2.o ABSOLUTE
    ../clib/angel/boardlib.s                 0x00000000   Number         0  boardinit3.o ABSOLUTE
    ../clib/angel/boardlib.s                 0x00000000   Number         0  boardshut.o ABSOLUTE
    ../clib/angel/handlers.s                 0x00000000   Number         0  __scatter_zi.o ABSOLUTE
    ../clib/angel/handlers.s                 0x00000000   Number         0  __scatter_copy.o ABSOLUTE
    ../clib/angel/kernel.s                   0x00000000   Number         0  __rtentry4.o ABSOLUTE
    ../clib/angel/kernel.s                   0x00000000   Number         0  __rtentry2.o ABSOLUTE
    ../clib/angel/kernel.s                   0x00000000   Number         0  rtexit2.o ABSOLUTE
    ../clib/angel/kernel.s                   0x00000000   Number         0  __rtentry.o ABSOLUTE
    ../clib/angel/kernel.s                   0x00000000   Number         0  rtexit.o ABSOLUTE
    ../clib/angel/rt.s                       0x00000000   Number         0  rt_raise.o ABSOLUTE
    ../clib/angel/scatter.s                  0x00000000   Number         0  __scatter.o ABSOLUTE
    ../clib/angel/startup.s                  0x00000000   Number         0  __main.o ABSOLUTE
    ../clib/angel/sys.s                      0x00000000   Number         0  sys_stackheap_outer.o ABSOLUTE
    ../clib/angel/sys.s                      0x00000000   Number         0  use_no_semi.o ABSOLUTE
    ../clib/angel/sys.s                      0x00000000   Number         0  libspace.o ABSOLUTE
    ../clib/angel/sys.s                      0x00000000   Number         0  indicate_semi.o ABSOLUTE
    ../clib/angel/sysapp.c                   0x00000000   Number         0  sys_command.o ABSOLUTE
    ../clib/angel/sysapp.c                   0x00000000   Number         0  sys_exit.o ABSOLUTE
    ../clib/angel/sysapp.c                   0x00000000   Number         0  sys_wrch.o ABSOLUTE
    ../clib/armsys.c                         0x00000000   Number         0  no_argv.o ABSOLUTE
    ../clib/armsys.c                         0x00000000   Number         0  _get_argv_nomalloc.o ABSOLUTE
    ../clib/armsys.c                         0x00000000   Number         0  argv_veneer.o ABSOLUTE
    ../clib/armsys.c                         0x00000000   Number         0  argv_veneer.o ABSOLUTE
    ../clib/heapalloc.c                      0x00000000   Number         0  hrguard.o ABSOLUTE
    ../clib/heapaux.c                        0x00000000   Number         0  heapauxi.o ABSOLUTE
    ../clib/libinit.s                        0x00000000   Number         0  libshutdown2.o ABSOLUTE
    ../clib/libinit.s                        0x00000000   Number         0  libshutdown.o ABSOLUTE
    ../clib/libinit.s                        0x00000000   Number         0  libinit2.o ABSOLUTE
    ../clib/libinit.s                        0x00000000   Number         0  libinit.o ABSOLUTE
    ../clib/longlong.s                       0x00000000   Number         0  llushr.o ABSOLUTE
    ../clib/memcpset.s                       0x00000000   Number         0  rt_memclr_w.o ABSOLUTE
    ../clib/memcpset.s                       0x00000000   Number         0  rt_memclr.o ABSOLUTE
    ../clib/signal.c                         0x00000000   Number         0  defsig_rtmem_outer.o ABSOLUTE
    ../clib/signal.c                         0x00000000   Number         0  defsig_rtred_inner.o ABSOLUTE
    ../clib/signal.c                         0x00000000   Number         0  defsig_rtmem_formal.o ABSOLUTE
    ../clib/signal.c                         0x00000000   Number         0  defsig_other.o ABSOLUTE
    ../clib/signal.c                         0x00000000   Number         0  defsig_segv_inner.o ABSOLUTE
    ../clib/signal.c                         0x00000000   Number         0  defsig_cppl_inner.o ABSOLUTE
    ../clib/signal.c                         0x00000000   Number         0  defsig_pvfn_inner.o ABSOLUTE
    ../clib/signal.c                         0x00000000   Number         0  defsig_stak_inner.o ABSOLUTE
    ../clib/signal.c                         0x00000000   Number         0  defsig_fpe_inner.o ABSOLUTE
    ../clib/signal.c                         0x00000000   Number         0  defsig_abrt_inner.o ABSOLUTE
    ../clib/signal.c                         0x00000000   Number         0  defsig_general.o ABSOLUTE
    ../clib/signal.c                         0x00000000   Number         0  __raise.o ABSOLUTE
    ../clib/signal.c                         0x00000000   Number         0  defsig_rtmem_inner.o ABSOLUTE
    ../clib/signal.c                         0x00000000   Number         0  defsig_exit.o ABSOLUTE
    ../clib/signal.s                         0x00000000   Number         0  defsig.o ABSOLUTE
    ../clib/stdlib.c                         0x00000000   Number         0  exit.o ABSOLUTE
    ../fplib/d2f.s                           0x00000000   Number         0  d2f.o ABSOLUTE
    ../fplib/daddsub.s                       0x00000000   Number         0  daddsub_clz.o ABSOLUTE
    ../fplib/dflt.s                          0x00000000   Number         0  dflt_clz.o ABSOLUTE
    ../fplib/dmul.s                          0x00000000   Number         0  dmul.o ABSOLUTE
    ../fplib/dnaninf.s                       0x00000000   Number         0  dnaninf.o ABSOLUTE
    ../fplib/dretinf.s                       0x00000000   Number         0  dretinf.o ABSOLUTE
    ../fplib/faddsub.s                       0x00000000   Number         0  faddsub_clz.o ABSOLUTE
    ../fplib/ffix.s                          0x00000000   Number         0  ffix.o ABSOLUTE
    ../fplib/ffixu.s                         0x00000000   Number         0  ffixu.o ABSOLUTE
    ../fplib/fflt.s                          0x00000000   Number         0  fflt_clz.o ABSOLUTE
    ../fplib/fmul.s                          0x00000000   Number         0  fmul.o ABSOLUTE
    ../fplib/fnaninf.s                       0x00000000   Number         0  fnaninf.o ABSOLUTE
    ../fplib/fpinit.s                        0x00000000   Number         0  fpinit.o ABSOLUTE
    ../fplib/fretinf.s                       0x00000000   Number         0  fretinf.o ABSOLUTE
    ../fplib/usenofp.s                       0x00000000   Number         0  usenofp.o ABSOLUTE
    ..\Core\Src\ArmCamera.c                  0x00000000   Number         0  armcamera.o ABSOLUTE
    ..\Core\Src\CarMotor.c                   0x00000000   Number         0  carmotor.o ABSOLUTE
    ..\Core\Src\Transmit2Pi.c                0x00000000   Number         0  transmit2pi.o ABSOLUTE
    ..\Core\Src\gpio.c                       0x00000000   Number         0  gpio.o ABSOLUTE
    ..\Core\Src\main.c                       0x00000000   Number         0  main.o ABSOLUTE
    ..\Core\Src\stm32f1xx_hal_msp.c          0x00000000   Number         0  stm32f1xx_hal_msp.o ABSOLUTE
    ..\Core\Src\stm32f1xx_it.c               0x00000000   Number         0  stm32f1xx_it.o ABSOLUTE
    ..\Core\Src\system_stm32f1xx.c           0x00000000   Number         0  system_stm32f1xx.o ABSOLUTE
    ..\Core\Src\tim.c                        0x00000000   Number         0  tim.o ABSOLUTE
    ..\Core\Src\usart.c                      0x00000000   Number         0  usart.o ABSOLUTE
    ..\Drivers\STM32F1xx_HAL_Driver\Src\stm32f1xx_hal.c 0x00000000   Number         0  stm32f1xx_hal.o ABSOLUTE
    ..\Drivers\STM32F1xx_HAL_Driver\Src\stm32f1xx_hal_cortex.c 0x00000000   Number         0  stm32f1xx_hal_cortex.o ABSOLUTE
    ..\Drivers\STM32F1xx_HAL_Driver\Src\stm32f1xx_hal_dma.c 0x00000000   Number         0  stm32f1xx_hal_dma.o ABSOLUTE
    ..\Drivers\STM32F1xx_HAL_Driver\Src\stm32f1xx_hal_exti.c 0x00000000   Number         0  stm32f1xx_hal_exti.o ABSOLUTE
    ..\Drivers\STM32F1xx_HAL_Driver\Src\stm32f1xx_hal_flash.c 0x00000000   Number         0  stm32f1xx_hal_flash.o ABSOLUTE
    ..\Drivers\STM32F1xx_HAL_Driver\Src\stm32f1xx_hal_flash_ex.c 0x00000000   Number         0  stm32f1xx_hal_flash_ex.o ABSOLUTE
    ..\Drivers\STM32F1xx_HAL_Driver\Src\stm32f1xx_hal_gpio.c 0x00000000   Number         0  stm32f1xx_hal_gpio.o ABSOLUTE
    ..\Drivers\STM32F1xx_HAL_Driver\Src\stm32f1xx_hal_gpio_ex.c 0x00000000   Number         0  stm32f1xx_hal_gpio_ex.o ABSOLUTE
    ..\Drivers\STM32F1xx_HAL_Driver\Src\stm32f1xx_hal_pwr.c 0x00000000   Number         0  stm32f1xx_hal_pwr.o ABSOLUTE
    ..\Drivers\STM32F1xx_HAL_Driver\Src\stm32f1xx_hal_rcc.c 0x00000000   Number         0  stm32f1xx_hal_rcc.o ABSOLUTE
    ..\Drivers\STM32F1xx_HAL_Driver\Src\stm32f1xx_hal_rcc_ex.c 0x00000000   Number         0  stm32f1xx_hal_rcc_ex.o ABSOLUTE
    ..\Drivers\STM32F1xx_HAL_Driver\Src\stm32f1xx_hal_tim.c 0x00000000   Number         0  stm32f1xx_hal_tim.o ABSOLUTE
    ..\Drivers\STM32F1xx_HAL_Driver\Src\stm32f1xx_hal_tim_ex.c 0x00000000   Number         0  stm32f1xx_hal_tim_ex.o ABSOLUTE
    ..\Drivers\STM32F1xx_HAL_Driver\Src\stm32f1xx_hal_uart.c 0x00000000   Number         0  stm32f1xx_hal_uart.o ABSOLUTE
    ..\\Core\\Src\\ArmCamera.c               0x00000000   Number         0  armcamera.o ABSOLUTE
    ..\\Core\\Src\\CarMotor.c                0x00000000   Number         0  carmotor.o ABSOLUTE
    ..\\Core\\Src\\Transmit2Pi.c             0x00000000   Number         0  transmit2pi.o ABSOLUTE
    dc.s                                     0x00000000   Number         0  dc.o ABSOLUTE
    startup_stm32f103xb.s                    0x00000000   Number         0  startup_stm32f103xb.o ABSOLUTE
    RESET                                    0x08000000   Section      236  startup_stm32f103xb.o(RESET)
    !!!main                                  0x080000ec   Section        8  __main.o(!!!main)
    !!!scatter                               0x080000f4   Section       52  __scatter.o(!!!scatter)
    !!handler_copy                           0x08000128   Section       26  __scatter_copy.o(!!handler_copy)
    !!handler_zi                             0x08000144   Section       28  __scatter_zi.o(!!handler_zi)
    .ARM.Collect$$libinit$$00000000          0x08000160   Section        2  libinit.o(.ARM.Collect$$libinit$$00000000)
    .ARM.Collect$$libinit$$00000002          0x08000162   Section        0  libinit2.o(.ARM.Collect$$libinit$$00000002)
    .ARM.Collect$$libinit$$00000004          0x08000162   Section        0  libinit2.o(.ARM.Collect$$libinit$$00000004)
    .ARM.Collect$$libinit$$0000000A          0x08000162   Section        0  libinit2.o(.ARM.Collect$$libinit$$0000000A)
    .ARM.Collect$$libinit$$0000000C          0x08000162   Section        0  libinit2.o(.ARM.Collect$$libinit$$0000000C)
    .ARM.Collect$$libinit$$0000000E          0x08000162   Section        0  libinit2.o(.ARM.Collect$$libinit$$0000000E)
    .ARM.Collect$$libinit$$00000011          0x08000162   Section        0  libinit2.o(.ARM.Collect$$libinit$$00000011)
    .ARM.Collect$$libinit$$00000013          0x08000162   Section        0  libinit2.o(.ARM.Collect$$libinit$$00000013)
    .ARM.Collect$$libinit$$00000015          0x08000162   Section        0  libinit2.o(.ARM.Collect$$libinit$$00000015)
    .ARM.Collect$$libinit$$00000017          0x08000162   Section        0  libinit2.o(.ARM.Collect$$libinit$$00000017)
    .ARM.Collect$$libinit$$00000019          0x08000162   Section        0  libinit2.o(.ARM.Collect$$libinit$$00000019)
    .ARM.Collect$$libinit$$0000001B          0x08000162   Section        0  libinit2.o(.ARM.Collect$$libinit$$0000001B)
    .ARM.Collect$$libinit$$0000001D          0x08000162   Section        0  libinit2.o(.ARM.Collect$$libinit$$0000001D)
    .ARM.Collect$$libinit$$0000001F          0x08000162   Section        0  libinit2.o(.ARM.Collect$$libinit$$0000001F)
    .ARM.Collect$$libinit$$00000021          0x08000162   Section        0  libinit2.o(.ARM.Collect$$libinit$$00000021)
    .ARM.Collect$$libinit$$00000023          0x08000162   Section        0  libinit2.o(.ARM.Collect$$libinit$$00000023)
    .ARM.Collect$$libinit$$00000025          0x08000162   Section        0  libinit2.o(.ARM.Collect$$libinit$$00000025)
    .ARM.Collect$$libinit$$0000002C          0x08000162   Section        0  libinit2.o(.ARM.Collect$$libinit$$0000002C)
    .ARM.Collect$$libinit$$0000002E          0x08000162   Section        0  libinit2.o(.ARM.Collect$$libinit$$0000002E)
    .ARM.Collect$$libinit$$00000030          0x08000162   Section        0  libinit2.o(.ARM.Collect$$libinit$$00000030)
    .ARM.Collect$$libinit$$00000032          0x08000162   Section        0  libinit2.o(.ARM.Collect$$libinit$$00000032)
    .ARM.Collect$$libinit$$00000033          0x08000162   Section        2  libinit2.o(.ARM.Collect$$libinit$$00000033)
    .ARM.Collect$$libshutdown$$00000000      0x08000164   Section        2  libshutdown.o(.ARM.Collect$$libshutdown$$00000000)
    .ARM.Collect$$libshutdown$$00000002      0x08000166   Section        0  libshutdown2.o(.ARM.Collect$$libshutdown$$00000002)
    .ARM.Collect$$libshutdown$$00000004      0x08000166   Section        0  libshutdown2.o(.ARM.Collect$$libshutdown$$00000004)
    .ARM.Collect$$libshutdown$$00000007      0x08000166   Section        0  libshutdown2.o(.ARM.Collect$$libshutdown$$00000007)
    .ARM.Collect$$libshutdown$$0000000A      0x08000166   Section        0  libshutdown2.o(.ARM.Collect$$libshutdown$$0000000A)
    .ARM.Collect$$libshutdown$$0000000C      0x08000166   Section        0  libshutdown2.o(.ARM.Collect$$libshutdown$$0000000C)
    .ARM.Collect$$libshutdown$$0000000F      0x08000166   Section        0  libshutdown2.o(.ARM.Collect$$libshutdown$$0000000F)
    .ARM.Collect$$libshutdown$$00000010      0x08000166   Section        2  libshutdown2.o(.ARM.Collect$$libshutdown$$00000010)
    .ARM.Collect$$rtentry$$00000000          0x08000168   Section        0  __rtentry.o(.ARM.Collect$$rtentry$$00000000)
    .ARM.Collect$$rtentry$$00000002          0x08000168   Section        0  __rtentry2.o(.ARM.Collect$$rtentry$$00000002)
    .ARM.Collect$$rtentry$$00000004          0x08000168   Section        6  __rtentry4.o(.ARM.Collect$$rtentry$$00000004)
    .ARM.Collect$$rtentry$$00000009          0x0800016e   Section        0  __rtentry2.o(.ARM.Collect$$rtentry$$00000009)
    .ARM.Collect$$rtentry$$0000000A          0x0800016e   Section        4  __rtentry2.o(.ARM.Collect$$rtentry$$0000000A)
    .ARM.Collect$$rtentry$$0000000C          0x08000172   Section        0  __rtentry2.o(.ARM.Collect$$rtentry$$0000000C)
    .ARM.Collect$$rtentry$$0000000D          0x08000172   Section        8  __rtentry2.o(.ARM.Collect$$rtentry$$0000000D)
    .ARM.Collect$$rtexit$$00000000           0x0800017a   Section        2  rtexit.o(.ARM.Collect$$rtexit$$00000000)
    .ARM.Collect$$rtexit$$00000002           0x0800017c   Section        0  rtexit2.o(.ARM.Collect$$rtexit$$00000002)
    .ARM.Collect$$rtexit$$00000003           0x0800017c   Section        4  rtexit2.o(.ARM.Collect$$rtexit$$00000003)
    .ARM.Collect$$rtexit$$00000004           0x08000180   Section        6  rtexit2.o(.ARM.Collect$$rtexit$$00000004)
    .text                                    0x08000188   Section       64  startup_stm32f103xb.o(.text)
    .text                                    0x080001c8   Section       68  rt_memclr.o(.text)
    .text                                    0x0800020c   Section       78  rt_memclr_w.o(.text)
    .text                                    0x0800025a   Section        0  heapauxi.o(.text)
    .text                                    0x08000260   Section       74  sys_stackheap_outer.o(.text)
    .text                                    0x080002aa   Section        0  exit.o(.text)
    .text                                    0x080002bc   Section        8  libspace.o(.text)
    .text                                    0x080002c4   Section        0  sys_exit.o(.text)
    .text                                    0x080002d0   Section        2  use_no_semi.o(.text)
    .text                                    0x080002d2   Section        0  indicate_semi.o(.text)
    i.ArmCam_init                            0x080002d4   Section        0  armcamera.o(i.ArmCam_init)
    i.BusFault_Handler                       0x080002fc   Section        0  stm32f1xx_it.o(i.BusFault_Handler)
    i.CarMotor_init                          0x08000300   Section        0  carmotor.o(i.CarMotor_init)
    i.DebugMon_Handler                       0x08000350   Section        0  stm32f1xx_it.o(i.DebugMon_Handler)
    i.Error_Handler                          0x08000352   Section        0  main.o(i.Error_Handler)
    i.Frontal_Right_run2back                 0x08000358   Section        0  carmotor.o(i.Frontal_Right_run2back)
    i.Frontal_Right_run2forward              0x0800036c   Section        0  carmotor.o(i.Frontal_Right_run2forward)
    i.Frontal_left_run2back                  0x08000380   Section        0  carmotor.o(i.Frontal_left_run2back)
    i.Frontal_left_run2forward               0x08000394   Section        0  carmotor.o(i.Frontal_left_run2forward)
    i.HAL_DMA_Abort                          0x080003a8   Section        0  stm32f1xx_hal_dma.o(i.HAL_DMA_Abort)
    i.HAL_DMA_Abort_IT                       0x080003f0   Section        0  stm32f1xx_hal_dma.o(i.HAL_DMA_Abort_IT)
    i.HAL_Delay                              0x08000488   Section        0  stm32f1xx_hal.o(i.HAL_Delay)
    i.HAL_GPIO_Init                          0x080004ac   Section        0  stm32f1xx_hal_gpio.o(i.HAL_GPIO_Init)
    i.HAL_GetTick                            0x0800068c   Section        0  stm32f1xx_hal.o(i.HAL_GetTick)
    i.HAL_IncTick                            0x08000698   Section        0  stm32f1xx_hal.o(i.HAL_IncTick)
    i.HAL_Init                               0x080006a8   Section        0  stm32f1xx_hal.o(i.HAL_Init)
    i.HAL_InitTick                           0x080006cc   Section        0  stm32f1xx_hal.o(i.HAL_InitTick)
    i.HAL_MspInit                            0x0800070c   Section        0  stm32f1xx_hal_msp.o(i.HAL_MspInit)
    i.HAL_NVIC_EnableIRQ                     0x08000748   Section        0  stm32f1xx_hal_cortex.o(i.HAL_NVIC_EnableIRQ)
    i.HAL_NVIC_SetPriority                   0x08000764   Section        0  stm32f1xx_hal_cortex.o(i.HAL_NVIC_SetPriority)
    i.HAL_NVIC_SetPriorityGrouping           0x080007a4   Section        0  stm32f1xx_hal_cortex.o(i.HAL_NVIC_SetPriorityGrouping)
    i.HAL_RCC_ClockConfig                    0x080007c8   Section        0  stm32f1xx_hal_rcc.o(i.HAL_RCC_ClockConfig)
    i.HAL_RCC_GetPCLK1Freq                   0x080008f4   Section        0  stm32f1xx_hal_rcc.o(i.HAL_RCC_GetPCLK1Freq)
    i.HAL_RCC_GetPCLK2Freq                   0x08000914   Section        0  stm32f1xx_hal_rcc.o(i.HAL_RCC_GetPCLK2Freq)
    i.HAL_RCC_GetSysClockFreq                0x08000934   Section        0  stm32f1xx_hal_rcc.o(i.HAL_RCC_GetSysClockFreq)
    i.HAL_RCC_OscConfig                      0x08000980   Section        0  stm32f1xx_hal_rcc.o(i.HAL_RCC_OscConfig)
    i.HAL_SYSTICK_Config                     0x08000ca0   Section        0  stm32f1xx_hal_cortex.o(i.HAL_SYSTICK_Config)
    i.HAL_TIMEx_MasterConfigSynchronization  0x08000cc8   Section        0  stm32f1xx_hal_tim_ex.o(i.HAL_TIMEx_MasterConfigSynchronization)
    i.HAL_TIM_Base_Init                      0x08000d30   Section        0  stm32f1xx_hal_tim.o(i.HAL_TIM_Base_Init)
    i.HAL_TIM_Base_MspInit                   0x08000d8c   Section        0  tim.o(i.HAL_TIM_Base_MspInit)
    i.HAL_TIM_ConfigClockSource              0x08000de4   Section        0  stm32f1xx_hal_tim.o(i.HAL_TIM_ConfigClockSource)
    i.HAL_TIM_MspPostInit                    0x08000ec0   Section        0  tim.o(i.HAL_TIM_MspPostInit)
    i.HAL_TIM_PWM_ConfigChannel              0x08000f7c   Section        0  stm32f1xx_hal_tim.o(i.HAL_TIM_PWM_ConfigChannel)
    i.HAL_TIM_PWM_Init                       0x08001048   Section        0  stm32f1xx_hal_tim.o(i.HAL_TIM_PWM_Init)
    i.HAL_TIM_PWM_MspInit                    0x080010a2   Section        0  stm32f1xx_hal_tim.o(i.HAL_TIM_PWM_MspInit)
    i.HAL_TIM_PWM_Start                      0x080010a4   Section        0  stm32f1xx_hal_tim.o(i.HAL_TIM_PWM_Start)
    i.HAL_UARTEx_RxEventCallback             0x08001140   Section        0  stm32f1xx_hal_uart.o(i.HAL_UARTEx_RxEventCallback)
    i.HAL_UART_ErrorCallback                 0x08001142   Section        0  stm32f1xx_hal_uart.o(i.HAL_UART_ErrorCallback)
    i.HAL_UART_IRQHandler                    0x08001144   Section        0  stm32f1xx_hal_uart.o(i.HAL_UART_IRQHandler)
    i.HAL_UART_Init                          0x080013b0   Section        0  stm32f1xx_hal_uart.o(i.HAL_UART_Init)
    i.HAL_UART_MspInit                       0x08001414   Section        0  usart.o(i.HAL_UART_MspInit)
    i.HAL_UART_Receive_IT                    0x0800153c   Section        0  stm32f1xx_hal_uart.o(i.HAL_UART_Receive_IT)
    i.HAL_UART_RxCpltCallback                0x08001558   Section        0  transmit2pi.o(i.HAL_UART_RxCpltCallback)
    i.HAL_UART_Transmit                      0x080015e0   Section        0  stm32f1xx_hal_uart.o(i.HAL_UART_Transmit)
    i.HAL_UART_TxCpltCallback                0x0800167a   Section        0  stm32f1xx_hal_uart.o(i.HAL_UART_TxCpltCallback)
    i.HardFault_Handler                      0x0800167c   Section        0  stm32f1xx_it.o(i.HardFault_Handler)
    i.MX_GPIO_Init                           0x08001680   Section        0  gpio.o(i.MX_GPIO_Init)
    i.MX_TIM2_Init                           0x080016bc   Section        0  tim.o(i.MX_TIM2_Init)
    i.MX_TIM3_Init                           0x0800176c   Section        0  tim.o(i.MX_TIM3_Init)
    i.MX_TIM4_Init                           0x08001838   Section        0  tim.o(i.MX_TIM4_Init)
    i.MX_USART1_UART_Init                    0x08001904   Section        0  usart.o(i.MX_USART1_UART_Init)
    i.MX_USART2_UART_Init                    0x0800193c   Section        0  usart.o(i.MX_USART2_UART_Init)
    i.MX_USART3_UART_Init                    0x08001974   Section        0  usart.o(i.MX_USART3_UART_Init)
    i.MemManage_Handler                      0x080019ac   Section        0  stm32f1xx_it.o(i.MemManage_Handler)
    i.NMI_Handler                            0x080019ae   Section        0  stm32f1xx_it.o(i.NMI_Handler)
    i.PendSV_Handler                         0x080019b0   Section        0  stm32f1xx_it.o(i.PendSV_Handler)
    i.SVC_Handler                            0x080019b2   Section        0  stm32f1xx_it.o(i.SVC_Handler)
    i.SysTick_Handler                        0x080019b4   Section        0  stm32f1xx_it.o(i.SysTick_Handler)
    i.SystemClock_Config                     0x080019b8   Section        0  main.o(i.SystemClock_Config)
    i.SystemInit                             0x08001a16   Section        0  system_stm32f1xx.o(i.SystemInit)
    i.TIM_Base_SetConfig                     0x08001a18   Section        0  stm32f1xx_hal_tim.o(i.TIM_Base_SetConfig)
    i.TIM_CCxChannelCmd                      0x08001a84   Section        0  stm32f1xx_hal_tim.o(i.TIM_CCxChannelCmd)
    i.TIM_ETR_SetConfig                      0x08001a9e   Section        0  stm32f1xx_hal_tim.o(i.TIM_ETR_SetConfig)
    i.TIM_ITRx_SetConfig                     0x08001ab2   Section        0  stm32f1xx_hal_tim.o(i.TIM_ITRx_SetConfig)
    TIM_ITRx_SetConfig                       0x08001ab3   Thumb Code    16  stm32f1xx_hal_tim.o(i.TIM_ITRx_SetConfig)
    i.TIM_OC1_SetConfig                      0x08001ac4   Section        0  stm32f1xx_hal_tim.o(i.TIM_OC1_SetConfig)
    TIM_OC1_SetConfig                        0x08001ac5   Thumb Code    74  stm32f1xx_hal_tim.o(i.TIM_OC1_SetConfig)
    i.TIM_OC2_SetConfig                      0x08001b14   Section        0  stm32f1xx_hal_tim.o(i.TIM_OC2_SetConfig)
    i.TIM_OC3_SetConfig                      0x08001b6c   Section        0  stm32f1xx_hal_tim.o(i.TIM_OC3_SetConfig)
    TIM_OC3_SetConfig                        0x08001b6d   Thumb Code    82  stm32f1xx_hal_tim.o(i.TIM_OC3_SetConfig)
    i.TIM_OC4_SetConfig                      0x08001bc4   Section        0  stm32f1xx_hal_tim.o(i.TIM_OC4_SetConfig)
    TIM_OC4_SetConfig                        0x08001bc5   Thumb Code    64  stm32f1xx_hal_tim.o(i.TIM_OC4_SetConfig)
    i.TIM_TI1_ConfigInputStage               0x08001c08   Section        0  stm32f1xx_hal_tim.o(i.TIM_TI1_ConfigInputStage)
    TIM_TI1_ConfigInputStage                 0x08001c09   Thumb Code    34  stm32f1xx_hal_tim.o(i.TIM_TI1_ConfigInputStage)
    i.TIM_TI2_ConfigInputStage               0x08001c2a   Section        0  stm32f1xx_hal_tim.o(i.TIM_TI2_ConfigInputStage)
    TIM_TI2_ConfigInputStage                 0x08001c2b   Thumb Code    36  stm32f1xx_hal_tim.o(i.TIM_TI2_ConfigInputStage)
    i.UART_DMAAbortOnError                   0x08001c4e   Section        0  stm32f1xx_hal_uart.o(i.UART_DMAAbortOnError)
    UART_DMAAbortOnError                     0x08001c4f   Thumb Code    16  stm32f1xx_hal_uart.o(i.UART_DMAAbortOnError)
    i.UART_EndRxTransfer                     0x08001c5e   Section        0  stm32f1xx_hal_uart.o(i.UART_EndRxTransfer)
    UART_EndRxTransfer                       0x08001c5f   Thumb Code    78  stm32f1xx_hal_uart.o(i.UART_EndRxTransfer)
    i.UART_Receive_IT                        0x08001cac   Section        0  stm32f1xx_hal_uart.o(i.UART_Receive_IT)
    UART_Receive_IT                          0x08001cad   Thumb Code   194  stm32f1xx_hal_uart.o(i.UART_Receive_IT)
    i.UART_SetConfig                         0x08001d70   Section        0  stm32f1xx_hal_uart.o(i.UART_SetConfig)
    UART_SetConfig                           0x08001d71   Thumb Code   178  stm32f1xx_hal_uart.o(i.UART_SetConfig)
    i.UART_Start_Receive_IT                  0x08001e28   Section        0  stm32f1xx_hal_uart.o(i.UART_Start_Receive_IT)
    i.UART_WaitOnFlagUntilTimeout            0x08001e5e   Section        0  stm32f1xx_hal_uart.o(i.UART_WaitOnFlagUntilTimeout)
    UART_WaitOnFlagUntilTimeout              0x08001e5f   Thumb Code   120  stm32f1xx_hal_uart.o(i.UART_WaitOnFlagUntilTimeout)
    i.USART1_IRQHandler                      0x08001ed8   Section        0  stm32f1xx_it.o(i.USART1_IRQHandler)
    i.USART2_IRQHandler                      0x08001ee4   Section        0  stm32f1xx_it.o(i.USART2_IRQHandler)
    i.UsageFault_Handler                     0x08001ef0   Section        0  stm32f1xx_it.o(i.UsageFault_Handler)
    i.__NVIC_SetPriority                     0x08001ef2   Section        0  stm32f1xx_hal_cortex.o(i.__NVIC_SetPriority)
    __NVIC_SetPriority                       0x08001ef3   Thumb Code    32  stm32f1xx_hal_cortex.o(i.__NVIC_SetPriority)
    i.arm_AngV_cmd                           0x08001f14   Section        0  armcamera.o(i.arm_AngV_cmd)
    i.back_Right_run2back                    0x08001f60   Section        0  carmotor.o(i.back_Right_run2back)
    i.back_Right_run2forward                 0x08001f74   Section        0  carmotor.o(i.back_Right_run2forward)
    i.back_left_run2back                     0x08001f88   Section        0  carmotor.o(i.back_left_run2back)
    i.back_left_run2forward                  0x08001f9c   Section        0  carmotor.o(i.back_left_run2forward)
    i.carMove2B                              0x08001fb0   Section        0  carmotor.o(i.carMove2B)
    i.carMove2F                              0x08001fe0   Section        0  carmotor.o(i.carMove2F)
    i.carMove2L                              0x08002010   Section        0  carmotor.o(i.carMove2L)
    i.carMove2R                              0x08002040   Section        0  carmotor.o(i.carMove2R)
    i.carRotate2L                            0x08002070   Section        0  carmotor.o(i.carRotate2L)
    i.carRotate2R                            0x080020a0   Section        0  carmotor.o(i.carRotate2R)
    i.carStop                                0x080020d0   Section        0  carmotor.o(i.carStop)
    i.dataFromHMI_process                    0x08002100   Section        0  transmit2pi.o(i.dataFromHMI_process)
    i.dataFromPi_process                     0x080021bc   Section        0  transmit2pi.o(i.dataFromPi_process)
    i.joint1_cmd                             0x080022b4   Section        0  armcamera.o(i.joint1_cmd)
    i.joint2_cmd                             0x080022d4   Section        0  armcamera.o(i.joint2_cmd)
    i.main                                   0x080022f4   Section        0  main.o(i.main)
    i.my_uart_init                           0x08002360   Section        0  transmit2pi.o(i.my_uart_init)
    i.run                                    0x08002398   Section        0  main.o(i.run)
    i.u1_printf                              0x08002410   Section        0  usart.o(i.u1_printf)
    i.u2_printf                              0x08002434   Section        0  usart.o(i.u2_printf)
    i.velocity_b2f                           0x08002458   Section        0  transmit2pi.o(i.velocity_b2f)
    x$fpl$d2f                                0x0800249c   Section       98  d2f.o(x$fpl$d2f)
    x$fpl$dadd                               0x08002500   Section      336  daddsub_clz.o(x$fpl$dadd)
    _dadd1                                   0x08002511   Thumb Code     0  daddsub_clz.o(x$fpl$dadd)
    x$fpl$dfltu                              0x08002650   Section       38  dflt_clz.o(x$fpl$dfltu)
    x$fpl$dmul                               0x08002678   Section      340  dmul.o(x$fpl$dmul)
    x$fpl$dnaninf                            0x080027cc   Section      156  dnaninf.o(x$fpl$dnaninf)
    x$fpl$dretinf                            0x08002868   Section       12  dretinf.o(x$fpl$dretinf)
    x$fpl$dsub                               0x08002874   Section      468  daddsub_clz.o(x$fpl$dsub)
    _dsub1                                   0x08002885   Thumb Code     0  daddsub_clz.o(x$fpl$dsub)
    x$fpl$ffix                               0x08002a48   Section       54  ffix.o(x$fpl$ffix)
    x$fpl$ffixu                              0x08002a80   Section       62  ffixu.o(x$fpl$ffixu)
    x$fpl$fflt                               0x08002ac0   Section       48  fflt_clz.o(x$fpl$fflt)
    x$fpl$fmul                               0x08002af0   Section      258  fmul.o(x$fpl$fmul)
    x$fpl$fnaninf                            0x08002bf2   Section      140  fnaninf.o(x$fpl$fnaninf)
    x$fpl$fretinf                            0x08002c7e   Section       10  fretinf.o(x$fpl$fretinf)
    .constdata                               0x08002c88   Section       18  stm32f1xx_hal_rcc.o(.constdata)
    x$fpl$usenofp                            0x08002c88   Section        0  usenofp.o(x$fpl$usenofp)
    aPredivFactorTable                       0x08002c88   Data           2  stm32f1xx_hal_rcc.o(.constdata)
    aPLLMULFactorTable                       0x08002c8a   Data          16  stm32f1xx_hal_rcc.o(.constdata)
    .constdata                               0x08002c9a   Section       16  system_stm32f1xx.o(.constdata)
    .constdata                               0x08002caa   Section        8  system_stm32f1xx.o(.constdata)
    .data                                    0x20000000   Section        5  transmit2pi.o(.data)
    Uart1_Rx_Cnt                             0x20000001   Data           1  transmit2pi.o(.data)
    Uart2_Rx_Cnt                             0x20000002   Data           1  transmit2pi.o(.data)
    .data                                    0x20000008   Section        8  armcamera.o(.data)
    pre_angv1                                0x20000008   Data           4  armcamera.o(.data)
    pre_angv2                                0x2000000c   Data           4  armcamera.o(.data)
    .data                                    0x20000010   Section       12  stm32f1xx_hal.o(.data)
    .data                                    0x2000001c   Section        4  system_stm32f1xx.o(.data)
    .bss                                     0x20000020   Section       60  transmit2pi.o(.bss)
    .bss                                     0x2000005c   Section      216  tim.o(.bss)
    .bss                                     0x20000134   Section      216  usart.o(.bss)
    .bss                                     0x2000020c   Section       96  libspace.o(.bss)
    HEAP                                     0x20000270   Section      512  startup_stm32f103xb.o(HEAP)
    Heap_Mem                                 0x20000270   Data         512  startup_stm32f103xb.o(HEAP)
    STACK                                    0x20000470   Section     1024  startup_stm32f103xb.o(STACK)
    Stack_Mem                                0x20000470   Data        1024  startup_stm32f103xb.o(STACK)
    __initial_sp                             0x20000870   Data           0  startup_stm32f103xb.o(STACK)

    Global Symbols

    Symbol Name                              Value     Ov Type        Size  Object(Section)

    BuildAttributes$$THM_ISAv4$P$D$K$B$S$PE$A:L22UL41UL21$X:L11$S22US41US21$IEEE1$IW$USESV6$~STKCKD$USESV7$~SHL$OSPACE$ROPI$EBA8$UX$STANDARDLIB$REQ8$PRES8$EABIv2 0x00000000   Number         0  anon$$obj.o ABSOLUTE
    __ARM_use_no_argv                        0x00000000   Number         0  main.o ABSOLUTE
    __ARM_exceptions_init                     - Undefined Weak Reference
    __alloca_initialize                       - Undefined Weak Reference
    __arm_preinit_                            - Undefined Weak Reference
    __cpp_initialize__aeabi_                  - Undefined Weak Reference
    __cxa_finalize                            - Undefined Weak Reference
    __rt_locale                               - Undefined Weak Reference
    __sigvec_lookup                           - Undefined Weak Reference
    _atexit_init                              - Undefined Weak Reference
    _call_atexit_fns                          - Undefined Weak Reference
    _clock_init                               - Undefined Weak Reference
    _fp_trap_init                             - Undefined Weak Reference
    _fp_trap_shutdown                         - Undefined Weak Reference
    _get_lc_collate                           - Undefined Weak Reference
    _get_lc_ctype                             - Undefined Weak Reference
    _get_lc_monetary                          - Undefined Weak Reference
    _get_lc_numeric                           - Undefined Weak Reference
    _get_lc_time                              - Undefined Weak Reference
    _getenv_init                              - Undefined Weak Reference
    _handle_redirection                       - Undefined Weak Reference
    _init_alloc                               - Undefined Weak Reference
    _init_user_alloc                          - Undefined Weak Reference
    _initio                                   - Undefined Weak Reference
    _rand_init                                - Undefined Weak Reference
    _signal_finish                            - Undefined Weak Reference
    _signal_init                              - Undefined Weak Reference
    _terminate_alloc                          - Undefined Weak Reference
    _terminate_user_alloc                     - Undefined Weak Reference
    _terminateio                              - Undefined Weak Reference
    __Vectors_Size                           0x000000ec   Number         0  startup_stm32f103xb.o ABSOLUTE
    __Vectors                                0x08000000   Data           4  startup_stm32f103xb.o(RESET)
    __Vectors_End                            0x080000ec   Data           0  startup_stm32f103xb.o(RESET)
    __main                                   0x080000ed   Thumb Code     8  __main.o(!!!main)
    __scatterload                            0x080000f5   Thumb Code     0  __scatter.o(!!!scatter)
    __scatterload_rt2                        0x080000f5   Thumb Code    44  __scatter.o(!!!scatter)
    __scatterload_rt2_thumb_only             0x080000f5   Thumb Code     0  __scatter.o(!!!scatter)
    __scatterload_null                       0x08000103   Thumb Code     0  __scatter.o(!!!scatter)
    __scatterload_copy                       0x08000129   Thumb Code    26  __scatter_copy.o(!!handler_copy)
    __scatterload_zeroinit                   0x08000145   Thumb Code    28  __scatter_zi.o(!!handler_zi)
    __rt_lib_init                            0x08000161   Thumb Code     0  libinit.o(.ARM.Collect$$libinit$$00000000)
    __rt_lib_init_alloca_1                   0x08000163   Thumb Code     0  libinit2.o(.ARM.Collect$$libinit$$0000002E)
    __rt_lib_init_argv_1                     0x08000163   Thumb Code     0  libinit2.o(.ARM.Collect$$libinit$$0000002C)
    __rt_lib_init_atexit_1                   0x08000163   Thumb Code     0  libinit2.o(.ARM.Collect$$libinit$$0000001B)
    __rt_lib_init_clock_1                    0x08000163   Thumb Code     0  libinit2.o(.ARM.Collect$$libinit$$00000021)
    __rt_lib_init_cpp_1                      0x08000163   Thumb Code     0  libinit2.o(.ARM.Collect$$libinit$$00000032)
    __rt_lib_init_exceptions_1               0x08000163   Thumb Code     0  libinit2.o(.ARM.Collect$$libinit$$00000030)
    __rt_lib_init_fp_1                       0x08000163   Thumb Code     0  libinit2.o(.ARM.Collect$$libinit$$00000002)
    __rt_lib_init_fp_trap_1                  0x08000163   Thumb Code     0  libinit2.o(.ARM.Collect$$libinit$$0000001F)
    __rt_lib_init_getenv_1                   0x08000163   Thumb Code     0  libinit2.o(.ARM.Collect$$libinit$$00000023)
    __rt_lib_init_heap_1                     0x08000163   Thumb Code     0  libinit2.o(.ARM.Collect$$libinit$$0000000A)
    __rt_lib_init_lc_collate_1               0x08000163   Thumb Code     0  libinit2.o(.ARM.Collect$$libinit$$00000011)
    __rt_lib_init_lc_ctype_1                 0x08000163   Thumb Code     0  libinit2.o(.ARM.Collect$$libinit$$00000013)
    __rt_lib_init_lc_monetary_1              0x08000163   Thumb Code     0  libinit2.o(.ARM.Collect$$libinit$$00000015)
    __rt_lib_init_lc_numeric_1               0x08000163   Thumb Code     0  libinit2.o(.ARM.Collect$$libinit$$00000017)
    __rt_lib_init_lc_time_1                  0x08000163   Thumb Code     0  libinit2.o(.ARM.Collect$$libinit$$00000019)
    __rt_lib_init_preinit_1                  0x08000163   Thumb Code     0  libinit2.o(.ARM.Collect$$libinit$$00000004)
    __rt_lib_init_rand_1                     0x08000163   Thumb Code     0  libinit2.o(.ARM.Collect$$libinit$$0000000E)
    __rt_lib_init_return                     0x08000163   Thumb Code     0  libinit2.o(.ARM.Collect$$libinit$$00000033)
    __rt_lib_init_signal_1                   0x08000163   Thumb Code     0  libinit2.o(.ARM.Collect$$libinit$$0000001D)
    __rt_lib_init_stdio_1                    0x08000163   Thumb Code     0  libinit2.o(.ARM.Collect$$libinit$$00000025)
    __rt_lib_init_user_alloc_1               0x08000163   Thumb Code     0  libinit2.o(.ARM.Collect$$libinit$$0000000C)
    __rt_lib_shutdown                        0x08000165   Thumb Code     0  libshutdown.o(.ARM.Collect$$libshutdown$$00000000)
    __rt_lib_shutdown_cpp_1                  0x08000167   Thumb Code     0  libshutdown2.o(.ARM.Collect$$libshutdown$$00000002)
    __rt_lib_shutdown_fp_trap_1              0x08000167   Thumb Code     0  libshutdown2.o(.ARM.Collect$$libshutdown$$00000007)
    __rt_lib_shutdown_heap_1                 0x08000167   Thumb Code     0  libshutdown2.o(.ARM.Collect$$libshutdown$$0000000F)
    __rt_lib_shutdown_return                 0x08000167   Thumb Code     0  libshutdown2.o(.ARM.Collect$$libshutdown$$00000010)
    __rt_lib_shutdown_signal_1               0x08000167   Thumb Code     0  libshutdown2.o(.ARM.Collect$$libshutdown$$0000000A)
    __rt_lib_shutdown_stdio_1                0x08000167   Thumb Code     0  libshutdown2.o(.ARM.Collect$$libshutdown$$00000004)
    __rt_lib_shutdown_user_alloc_1           0x08000167   Thumb Code     0  libshutdown2.o(.ARM.Collect$$libshutdown$$0000000C)
    __rt_entry                               0x08000169   Thumb Code     0  __rtentry.o(.ARM.Collect$$rtentry$$00000000)
    __rt_entry_presh_1                       0x08000169   Thumb Code     0  __rtentry2.o(.ARM.Collect$$rtentry$$00000002)
    __rt_entry_sh                            0x08000169   Thumb Code     0  __rtentry4.o(.ARM.Collect$$rtentry$$00000004)
    __rt_entry_li                            0x0800016f   Thumb Code     0  __rtentry2.o(.ARM.Collect$$rtentry$$0000000A)
    __rt_entry_postsh_1                      0x0800016f   Thumb Code     0  __rtentry2.o(.ARM.Collect$$rtentry$$00000009)
    __rt_entry_main                          0x08000173   Thumb Code     0  __rtentry2.o(.ARM.Collect$$rtentry$$0000000D)
    __rt_entry_postli_1                      0x08000173   Thumb Code     0  __rtentry2.o(.ARM.Collect$$rtentry$$0000000C)
    __rt_exit                                0x0800017b   Thumb Code     0  rtexit.o(.ARM.Collect$$rtexit$$00000000)
    __rt_exit_ls                             0x0800017d   Thumb Code     0  rtexit2.o(.ARM.Collect$$rtexit$$00000003)
    __rt_exit_prels_1                        0x0800017d   Thumb Code     0  rtexit2.o(.ARM.Collect$$rtexit$$00000002)
    __rt_exit_exit                           0x08000181   Thumb Code     0  rtexit2.o(.ARM.Collect$$rtexit$$00000004)
    Reset_Handler                            0x08000189   Thumb Code     8  startup_stm32f103xb.o(.text)
    ADC1_2_IRQHandler                        0x080001a3   Thumb Code     0  startup_stm32f103xb.o(.text)
    CAN1_RX1_IRQHandler                      0x080001a3   Thumb Code     0  startup_stm32f103xb.o(.text)
    CAN1_SCE_IRQHandler                      0x080001a3   Thumb Code     0  startup_stm32f103xb.o(.text)
    DMA1_Channel1_IRQHandler                 0x080001a3   Thumb Code     0  startup_stm32f103xb.o(.text)
    DMA1_Channel2_IRQHandler                 0x080001a3   Thumb Code     0  startup_stm32f103xb.o(.text)
    DMA1_Channel3_IRQHandler                 0x080001a3   Thumb Code     0  startup_stm32f103xb.o(.text)
    DMA1_Channel4_IRQHandler                 0x080001a3   Thumb Code     0  startup_stm32f103xb.o(.text)
    DMA1_Channel5_IRQHandler                 0x080001a3   Thumb Code     0  startup_stm32f103xb.o(.text)
    DMA1_Channel6_IRQHandler                 0x080001a3   Thumb Code     0  startup_stm32f103xb.o(.text)
    DMA1_Channel7_IRQHandler                 0x080001a3   Thumb Code     0  startup_stm32f103xb.o(.text)
    EXTI0_IRQHandler                         0x080001a3   Thumb Code     0  startup_stm32f103xb.o(.text)
    EXTI15_10_IRQHandler                     0x080001a3   Thumb Code     0  startup_stm32f103xb.o(.text)
    EXTI1_IRQHandler                         0x080001a3   Thumb Code     0  startup_stm32f103xb.o(.text)
    EXTI2_IRQHandler                         0x080001a3   Thumb Code     0  startup_stm32f103xb.o(.text)
    EXTI3_IRQHandler                         0x080001a3   Thumb Code     0  startup_stm32f103xb.o(.text)
    EXTI4_IRQHandler                         0x080001a3   Thumb Code     0  startup_stm32f103xb.o(.text)
    EXTI9_5_IRQHandler                       0x080001a3   Thumb Code     0  startup_stm32f103xb.o(.text)
    FLASH_IRQHandler                         0x080001a3   Thumb Code     0  startup_stm32f103xb.o(.text)
    I2C1_ER_IRQHandler                       0x080001a3   Thumb Code     0  startup_stm32f103xb.o(.text)
    I2C1_EV_IRQHandler                       0x080001a3   Thumb Code     0  startup_stm32f103xb.o(.text)
    I2C2_ER_IRQHandler                       0x080001a3   Thumb Code     0  startup_stm32f103xb.o(.text)
    I2C2_EV_IRQHandler                       0x080001a3   Thumb Code     0  startup_stm32f103xb.o(.text)
    PVD_IRQHandler                           0x080001a3   Thumb Code     0  startup_stm32f103xb.o(.text)
    RCC_IRQHandler                           0x080001a3   Thumb Code     0  startup_stm32f103xb.o(.text)
    RTC_Alarm_IRQHandler                     0x080001a3   Thumb Code     0  startup_stm32f103xb.o(.text)
    RTC_IRQHandler                           0x080001a3   Thumb Code     0  startup_stm32f103xb.o(.text)
    SPI1_IRQHandler                          0x080001a3   Thumb Code     0  startup_stm32f103xb.o(.text)
    SPI2_IRQHandler                          0x080001a3   Thumb Code     0  startup_stm32f103xb.o(.text)
    TAMPER_IRQHandler                        0x080001a3   Thumb Code     0  startup_stm32f103xb.o(.text)
    TIM1_BRK_IRQHandler                      0x080001a3   Thumb Code     0  startup_stm32f103xb.o(.text)
    TIM1_CC_IRQHandler                       0x080001a3   Thumb Code     0  startup_stm32f103xb.o(.text)
    TIM1_TRG_COM_IRQHandler                  0x080001a3   Thumb Code     0  startup_stm32f103xb.o(.text)
    TIM1_UP_IRQHandler                       0x080001a3   Thumb Code     0  startup_stm32f103xb.o(.text)
    TIM2_IRQHandler                          0x080001a3   Thumb Code     0  startup_stm32f103xb.o(.text)
    TIM3_IRQHandler                          0x080001a3   Thumb Code     0  startup_stm32f103xb.o(.text)
    TIM4_IRQHandler                          0x080001a3   Thumb Code     0  startup_stm32f103xb.o(.text)
    USART3_IRQHandler                        0x080001a3   Thumb Code     0  startup_stm32f103xb.o(.text)
    USBWakeUp_IRQHandler                     0x080001a3   Thumb Code     0  startup_stm32f103xb.o(.text)
    USB_HP_CAN1_TX_IRQHandler                0x080001a3   Thumb Code     0  startup_stm32f103xb.o(.text)
    USB_LP_CAN1_RX0_IRQHandler               0x080001a3   Thumb Code     0  startup_stm32f103xb.o(.text)
    WWDG_IRQHandler                          0x080001a3   Thumb Code     0  startup_stm32f103xb.o(.text)
    __user_initial_stackheap                 0x080001a5   Thumb Code     0  startup_stm32f103xb.o(.text)
    __aeabi_memclr                           0x080001c9   Thumb Code     0  rt_memclr.o(.text)
    __rt_memclr                              0x080001c9   Thumb Code    68  rt_memclr.o(.text)
    _memset                                  0x080001cd   Thumb Code     0  rt_memclr.o(.text)
    __aeabi_memclr4                          0x0800020d   Thumb Code     0  rt_memclr_w.o(.text)
    __aeabi_memclr8                          0x0800020d   Thumb Code     0  rt_memclr_w.o(.text)
    __rt_memclr_w                            0x0800020d   Thumb Code    78  rt_memclr_w.o(.text)
    _memset_w                                0x08000211   Thumb Code     0  rt_memclr_w.o(.text)
    __use_two_region_memory                  0x0800025b   Thumb Code     2  heapauxi.o(.text)
    __rt_heap_escrow$2region                 0x0800025d   Thumb Code     2  heapauxi.o(.text)
    __rt_heap_expand$2region                 0x0800025f   Thumb Code     2  heapauxi.o(.text)
    __user_setup_stackheap                   0x08000261   Thumb Code    74  sys_stackheap_outer.o(.text)
    exit                                     0x080002ab   Thumb Code    18  exit.o(.text)
    __user_libspace                          0x080002bd   Thumb Code     8  libspace.o(.text)
    __user_perproc_libspace                  0x080002bd   Thumb Code     0  libspace.o(.text)
    __user_perthread_libspace                0x080002bd   Thumb Code     0  libspace.o(.text)
    _sys_exit                                0x080002c5   Thumb Code     8  sys_exit.o(.text)
    __I$use$semihosting                      0x080002d1   Thumb Code     0  use_no_semi.o(.text)
    __use_no_semihosting_swi                 0x080002d1   Thumb Code     2  use_no_semi.o(.text)
    __semihosting_library_function           0x080002d3   Thumb Code     0  indicate_semi.o(.text)
    ArmCam_init                              0x080002d5   Thumb Code    34  armcamera.o(i.ArmCam_init)
    BusFault_Handler                         0x080002fd   Thumb Code     2  stm32f1xx_it.o(i.BusFault_Handler)
    CarMotor_init                            0x08000301   Thumb Code    70  carmotor.o(i.CarMotor_init)
    DebugMon_Handler                         0x08000351   Thumb Code     2  stm32f1xx_it.o(i.DebugMon_Handler)
    Error_Handler                            0x08000353   Thumb Code     4  main.o(i.Error_Handler)
    Frontal_Right_run2back                   0x08000359   Thumb Code    14  carmotor.o(i.Frontal_Right_run2back)
    Frontal_Right_run2forward                0x0800036d   Thumb Code    14  carmotor.o(i.Frontal_Right_run2forward)
    Frontal_left_run2back                    0x08000381   Thumb Code    14  carmotor.o(i.Frontal_left_run2back)
    Frontal_left_run2forward                 0x08000395   Thumb Code    14  carmotor.o(i.Frontal_left_run2forward)
    HAL_DMA_Abort                            0x080003a9   Thumb Code    70  stm32f1xx_hal_dma.o(i.HAL_DMA_Abort)
    HAL_DMA_Abort_IT                         0x080003f1   Thumb Code   148  stm32f1xx_hal_dma.o(i.HAL_DMA_Abort_IT)
    HAL_Delay                                0x08000489   Thumb Code    32  stm32f1xx_hal.o(i.HAL_Delay)
    HAL_GPIO_Init                            0x080004ad   Thumb Code   446  stm32f1xx_hal_gpio.o(i.HAL_GPIO_Init)
    HAL_GetTick                              0x0800068d   Thumb Code     6  stm32f1xx_hal.o(i.HAL_GetTick)
    HAL_IncTick                              0x08000699   Thumb Code    12  stm32f1xx_hal.o(i.HAL_IncTick)
    HAL_Init                                 0x080006a9   Thumb Code    32  stm32f1xx_hal.o(i.HAL_Init)
    HAL_InitTick                             0x080006cd   Thumb Code    54  stm32f1xx_hal.o(i.HAL_InitTick)
    HAL_MspInit                              0x0800070d   Thumb Code    52  stm32f1xx_hal_msp.o(i.HAL_MspInit)
    HAL_NVIC_EnableIRQ                       0x08000749   Thumb Code    26  stm32f1xx_hal_cortex.o(i.HAL_NVIC_EnableIRQ)
    HAL_NVIC_SetPriority                     0x08000765   Thumb Code    60  stm32f1xx_hal_cortex.o(i.HAL_NVIC_SetPriority)
    HAL_NVIC_SetPriorityGrouping             0x080007a5   Thumb Code    26  stm32f1xx_hal_cortex.o(i.HAL_NVIC_SetPriorityGrouping)
    HAL_RCC_ClockConfig                      0x080007c9   Thumb Code   280  stm32f1xx_hal_rcc.o(i.HAL_RCC_ClockConfig)
    HAL_RCC_GetPCLK1Freq                     0x080008f5   Thumb Code    20  stm32f1xx_hal_rcc.o(i.HAL_RCC_GetPCLK1Freq)
    HAL_RCC_GetPCLK2Freq                     0x08000915   Thumb Code    20  stm32f1xx_hal_rcc.o(i.HAL_RCC_GetPCLK2Freq)
    HAL_RCC_GetSysClockFreq                  0x08000935   Thumb Code    58  stm32f1xx_hal_rcc.o(i.HAL_RCC_GetSysClockFreq)
    HAL_RCC_OscConfig                        0x08000981   Thumb Code   778  stm32f1xx_hal_rcc.o(i.HAL_RCC_OscConfig)
    HAL_SYSTICK_Config                       0x08000ca1   Thumb Code    40  stm32f1xx_hal_cortex.o(i.HAL_SYSTICK_Config)
    HAL_TIMEx_MasterConfigSynchronization    0x08000cc9   Thumb Code    92  stm32f1xx_hal_tim_ex.o(i.HAL_TIMEx_MasterConfigSynchronization)
    HAL_TIM_Base_Init                        0x08000d31   Thumb Code    90  stm32f1xx_hal_tim.o(i.HAL_TIM_Base_Init)
    HAL_TIM_Base_MspInit                     0x08000d8d   Thumb Code    74  tim.o(i.HAL_TIM_Base_MspInit)
    HAL_TIM_ConfigClockSource                0x08000de5   Thumb Code   220  stm32f1xx_hal_tim.o(i.HAL_TIM_ConfigClockSource)
    HAL_TIM_MspPostInit                      0x08000ec1   Thumb Code   166  tim.o(i.HAL_TIM_MspPostInit)
    HAL_TIM_PWM_ConfigChannel                0x08000f7d   Thumb Code   204  stm32f1xx_hal_tim.o(i.HAL_TIM_PWM_ConfigChannel)
    HAL_TIM_PWM_Init                         0x08001049   Thumb Code    90  stm32f1xx_hal_tim.o(i.HAL_TIM_PWM_Init)
    HAL_TIM_PWM_MspInit                      0x080010a3   Thumb Code     2  stm32f1xx_hal_tim.o(i.HAL_TIM_PWM_MspInit)
    HAL_TIM_PWM_Start                        0x080010a5   Thumb Code   144  stm32f1xx_hal_tim.o(i.HAL_TIM_PWM_Start)
    HAL_UARTEx_RxEventCallback               0x08001141   Thumb Code     2  stm32f1xx_hal_uart.o(i.HAL_UARTEx_RxEventCallback)
    HAL_UART_ErrorCallback                   0x08001143   Thumb Code     2  stm32f1xx_hal_uart.o(i.HAL_UART_ErrorCallback)
    HAL_UART_IRQHandler                      0x08001145   Thumb Code   616  stm32f1xx_hal_uart.o(i.HAL_UART_IRQHandler)
    HAL_UART_Init                            0x080013b1   Thumb Code   100  stm32f1xx_hal_uart.o(i.HAL_UART_Init)
    HAL_UART_MspInit                         0x08001415   Thumb Code   270  usart.o(i.HAL_UART_MspInit)
    HAL_UART_Receive_IT                      0x0800153d   Thumb Code    28  stm32f1xx_hal_uart.o(i.HAL_UART_Receive_IT)
    HAL_UART_RxCpltCallback                  0x08001559   Thumb Code   118  transmit2pi.o(i.HAL_UART_RxCpltCallback)
    HAL_UART_Transmit                        0x080015e1   Thumb Code   154  stm32f1xx_hal_uart.o(i.HAL_UART_Transmit)
    HAL_UART_TxCpltCallback                  0x0800167b   Thumb Code     2  stm32f1xx_hal_uart.o(i.HAL_UART_TxCpltCallback)
    HardFault_Handler                        0x0800167d   Thumb Code     2  stm32f1xx_it.o(i.HardFault_Handler)
    MX_GPIO_Init                             0x08001681   Thumb Code    54  gpio.o(i.MX_GPIO_Init)
    MX_TIM2_Init                             0x080016bd   Thumb Code   172  tim.o(i.MX_TIM2_Init)
    MX_TIM3_Init                             0x0800176d   Thumb Code   194  tim.o(i.MX_TIM3_Init)
    MX_TIM4_Init                             0x08001839   Thumb Code   194  tim.o(i.MX_TIM4_Init)
    MX_USART1_UART_Init                      0x08001905   Thumb Code    48  usart.o(i.MX_USART1_UART_Init)
    MX_USART2_UART_Init                      0x0800193d   Thumb Code    48  usart.o(i.MX_USART2_UART_Init)
    MX_USART3_UART_Init                      0x08001975   Thumb Code    48  usart.o(i.MX_USART3_UART_Init)
    MemManage_Handler                        0x080019ad   Thumb Code     2  stm32f1xx_it.o(i.MemManage_Handler)
    NMI_Handler                              0x080019af   Thumb Code     2  stm32f1xx_it.o(i.NMI_Handler)
    PendSV_Handler                           0x080019b1   Thumb Code     2  stm32f1xx_it.o(i.PendSV_Handler)
    SVC_Handler                              0x080019b3   Thumb Code     2  stm32f1xx_it.o(i.SVC_Handler)
    SysTick_Handler                          0x080019b5   Thumb Code     4  stm32f1xx_it.o(i.SysTick_Handler)
    SystemClock_Config                       0x080019b9   Thumb Code    94  main.o(i.SystemClock_Config)
    SystemInit                               0x08001a17   Thumb Code     2  system_stm32f1xx.o(i.SystemInit)
    TIM_Base_SetConfig                       0x08001a19   Thumb Code    94  stm32f1xx_hal_tim.o(i.TIM_Base_SetConfig)
    TIM_CCxChannelCmd                        0x08001a85   Thumb Code    26  stm32f1xx_hal_tim.o(i.TIM_CCxChannelCmd)
    TIM_ETR_SetConfig                        0x08001a9f   Thumb Code    20  stm32f1xx_hal_tim.o(i.TIM_ETR_SetConfig)
    TIM_OC2_SetConfig                        0x08001b15   Thumb Code    84  stm32f1xx_hal_tim.o(i.TIM_OC2_SetConfig)
    UART_Start_Receive_IT                    0x08001e29   Thumb Code    54  stm32f1xx_hal_uart.o(i.UART_Start_Receive_IT)
    USART1_IRQHandler                        0x08001ed9   Thumb Code     6  stm32f1xx_it.o(i.USART1_IRQHandler)
    USART2_IRQHandler                        0x08001ee5   Thumb Code     6  stm32f1xx_it.o(i.USART2_IRQHandler)
    UsageFault_Handler                       0x08001ef1   Thumb Code     2  stm32f1xx_it.o(i.UsageFault_Handler)
    arm_AngV_cmd                             0x08001f15   Thumb Code    70  armcamera.o(i.arm_AngV_cmd)
    back_Right_run2back                      0x08001f61   Thumb Code    14  carmotor.o(i.back_Right_run2back)
    back_Right_run2forward                   0x08001f75   Thumb Code    14  carmotor.o(i.back_Right_run2forward)
    back_left_run2back                       0x08001f89   Thumb Code    14  carmotor.o(i.back_left_run2back)
    back_left_run2forward                    0x08001f9d   Thumb Code    14  carmotor.o(i.back_left_run2forward)
    carMove2B                                0x08001fb1   Thumb Code    42  carmotor.o(i.carMove2B)
    carMove2F                                0x08001fe1   Thumb Code    42  carmotor.o(i.carMove2F)
    carMove2L                                0x08002011   Thumb Code    42  carmotor.o(i.carMove2L)
    carMove2R                                0x08002041   Thumb Code    42  carmotor.o(i.carMove2R)
    carRotate2L                              0x08002071   Thumb Code    42  carmotor.o(i.carRotate2L)
    carRotate2R                              0x080020a1   Thumb Code    42  carmotor.o(i.carRotate2R)
    carStop                                  0x080020d1   Thumb Code    40  carmotor.o(i.carStop)
    dataFromHMI_process                      0x08002101   Thumb Code    78  transmit2pi.o(i.dataFromHMI_process)
    dataFromPi_process                       0x080021bd   Thumb Code   218  transmit2pi.o(i.dataFromPi_process)
    joint1_cmd                               0x080022b5   Thumb Code    28  armcamera.o(i.joint1_cmd)
    joint2_cmd                               0x080022d5   Thumb Code    28  armcamera.o(i.joint2_cmd)
    main                                     0x080022f5   Thumb Code    86  main.o(i.main)
    my_uart_init                             0x08002361   Thumb Code    34  transmit2pi.o(i.my_uart_init)
    run                                      0x08002399   Thumb Code    56  main.o(i.run)
    u1_printf                                0x08002411   Thumb Code    30  usart.o(i.u1_printf)
    u2_printf                                0x08002435   Thumb Code    30  usart.o(i.u2_printf)
    velocity_b2f                             0x08002459   Thumb Code    60  transmit2pi.o(i.velocity_b2f)
    __aeabi_d2f                              0x0800249d   Thumb Code     0  d2f.o(x$fpl$d2f)
    _d2f                                     0x0800249d   Thumb Code    98  d2f.o(x$fpl$d2f)
    __aeabi_dadd                             0x08002501   Thumb Code     0  daddsub_clz.o(x$fpl$dadd)
    _dadd                                    0x08002501   Thumb Code   332  daddsub_clz.o(x$fpl$dadd)
    __aeabi_ui2d                             0x08002651   Thumb Code     0  dflt_clz.o(x$fpl$dfltu)
    _dfltu                                   0x08002651   Thumb Code    38  dflt_clz.o(x$fpl$dfltu)
    __aeabi_dmul                             0x08002679   Thumb Code     0  dmul.o(x$fpl$dmul)
    _dmul                                    0x08002679   Thumb Code   332  dmul.o(x$fpl$dmul)
    __fpl_dnaninf                            0x080027cd   Thumb Code   156  dnaninf.o(x$fpl$dnaninf)
    __fpl_dretinf                            0x08002869   Thumb Code    12  dretinf.o(x$fpl$dretinf)
    __aeabi_dsub                             0x08002875   Thumb Code     0  daddsub_clz.o(x$fpl$dsub)
    _dsub                                    0x08002875   Thumb Code   464  daddsub_clz.o(x$fpl$dsub)
    __aeabi_f2iz                             0x08002a49   Thumb Code     0  ffix.o(x$fpl$ffix)
    _ffix                                    0x08002a49   Thumb Code    54  ffix.o(x$fpl$ffix)
    __aeabi_f2uiz                            0x08002a81   Thumb Code     0  ffixu.o(x$fpl$ffixu)
    _ffixu                                   0x08002a81   Thumb Code    62  ffixu.o(x$fpl$ffixu)
    __aeabi_i2f                              0x08002ac1   Thumb Code     0  fflt_clz.o(x$fpl$fflt)
    _fflt                                    0x08002ac1   Thumb Code    48  fflt_clz.o(x$fpl$fflt)
    __aeabi_fmul                             0x08002af1   Thumb Code     0  fmul.o(x$fpl$fmul)
    _fmul                                    0x08002af1   Thumb Code   258  fmul.o(x$fpl$fmul)
    __fpl_fnaninf                            0x08002bf3   Thumb Code   140  fnaninf.o(x$fpl$fnaninf)
    __fpl_fretinf                            0x08002c7f   Thumb Code    10  fretinf.o(x$fpl$fretinf)
    __I$use$fp                               0x08002c88   Number         0  usenofp.o(x$fpl$usenofp)
    AHBPrescTable                            0x08002c9a   Data          16  system_stm32f1xx.o(.constdata)
    APBPrescTable                            0x08002caa   Data           8  system_stm32f1xx.o(.constdata)
    Region$$Table$$Base                      0x08002cb4   Number         0  anon$$obj.o(Region$$Table)
    Region$$Table$$Limit                     0x08002cd4   Number         0  anon$$obj.o(Region$$Table)
    Page_temp                                0x20000000   Data           1  transmit2pi.o(.data)
    aRxBuffer                                0x20000003   Data           1  transmit2pi.o(.data)
    aRxBuffer_u2                             0x20000004   Data           1  transmit2pi.o(.data)
    uwTickFreq                               0x20000010   Data           1  stm32f1xx_hal.o(.data)
    uwTickPrio                               0x20000014   Data           4  stm32f1xx_hal.o(.data)
    uwTick                                   0x20000018   Data           4  stm32f1xx_hal.o(.data)
    SystemCoreClock                          0x2000001c   Data           4  system_stm32f1xx.o(.data)
    RxBuffer                                 0x20000020   Data          30  transmit2pi.o(.bss)
    RxBuffer_u2                              0x2000003e   Data          30  transmit2pi.o(.bss)
    htim2                                    0x2000005c   Data          72  tim.o(.bss)
    htim3                                    0x200000a4   Data          72  tim.o(.bss)
    htim4                                    0x200000ec   Data          72  tim.o(.bss)
    huart1                                   0x20000134   Data          72  usart.o(.bss)
    huart2                                   0x2000017c   Data          72  usart.o(.bss)
    huart3                                   0x200001c4   Data          72  usart.o(.bss)
    __libspace_start                         0x2000020c   Data          96  libspace.o(.bss)
    __temporary_stack_top$libspace           0x2000026c   Data           0  libspace.o(.bss)



==============================================================================

Memory Map of the image

  Image Entry point : 0x080000ed

  Load Region LR_IROM1 (Base: 0x08000000, Size: 0x00002cf4, Max: 0x00010000, ABSOLUTE)

    Execution Region ER_IROM1 (Base: 0x08000000, Size: 0x00002cd4, Max: 0x00010000, ABSOLUTE)

    Base Addr    Size         Type   Attr      Idx    E Section Name        Object

    0x08000000   0x000000ec   Data   RO            3    RESET               startup_stm32f103xb.o
    0x080000ec   0x00000008   Code   RO         3128  * !!!main             c_w.l(__main.o)
    0x080000f4   0x00000034   Code   RO         3332    !!!scatter          c_w.l(__scatter.o)
    0x08000128   0x0000001a   Code   RO         3334    !!handler_copy      c_w.l(__scatter_copy.o)
    0x08000142   0x00000002   PAD
    0x08000144   0x0000001c   Code   RO         3336    !!handler_zi        c_w.l(__scatter_zi.o)
    0x08000160   0x00000002   Code   RO         3202    .ARM.Collect$$libinit$$00000000  c_w.l(libinit.o)
    0x08000162   0x00000000   Code   RO         3209    .ARM.Collect$$libinit$$00000002  c_w.l(libinit2.o)
    0x08000162   0x00000000   Code   RO         3211    .ARM.Collect$$libinit$$00000004  c_w.l(libinit2.o)
    0x08000162   0x00000000   Code   RO         3214    .ARM.Collect$$libinit$$0000000A  c_w.l(libinit2.o)
    0x08000162   0x00000000   Code   RO         3216    .ARM.Collect$$libinit$$0000000C  c_w.l(libinit2.o)
    0x08000162   0x00000000   Code   RO         3218    .ARM.Collect$$libinit$$0000000E  c_w.l(libinit2.o)
    0x08000162   0x00000000   Code   RO         3221    .ARM.Collect$$libinit$$00000011  c_w.l(libinit2.o)
    0x08000162   0x00000000   Code   RO         3223    .ARM.Collect$$libinit$$00000013  c_w.l(libinit2.o)
    0x08000162   0x00000000   Code   RO         3225    .ARM.Collect$$libinit$$00000015  c_w.l(libinit2.o)
    0x08000162   0x00000000   Code   RO         3227    .ARM.Collect$$libinit$$00000017  c_w.l(libinit2.o)
    0x08000162   0x00000000   Code   RO         3229    .ARM.Collect$$libinit$$00000019  c_w.l(libinit2.o)
    0x08000162   0x00000000   Code   RO         3231    .ARM.Collect$$libinit$$0000001B  c_w.l(libinit2.o)
    0x08000162   0x00000000   Code   RO         3233    .ARM.Collect$$libinit$$0000001D  c_w.l(libinit2.o)
    0x08000162   0x00000000   Code   RO         3235    .ARM.Collect$$libinit$$0000001F  c_w.l(libinit2.o)
    0x08000162   0x00000000   Code   RO         3237    .ARM.Collect$$libinit$$00000021  c_w.l(libinit2.o)
    0x08000162   0x00000000   Code   RO         3239    .ARM.Collect$$libinit$$00000023  c_w.l(libinit2.o)
    0x08000162   0x00000000   Code   RO         3241    .ARM.Collect$$libinit$$00000025  c_w.l(libinit2.o)
    0x08000162   0x00000000   Code   RO         3245    .ARM.Collect$$libinit$$0000002C  c_w.l(libinit2.o)
    0x08000162   0x00000000   Code   RO         3247    .ARM.Collect$$libinit$$0000002E  c_w.l(libinit2.o)
    0x08000162   0x00000000   Code   RO         3249    .ARM.Collect$$libinit$$00000030  c_w.l(libinit2.o)
    0x08000162   0x00000000   Code   RO         3251    .ARM.Collect$$libinit$$00000032  c_w.l(libinit2.o)
    0x08000162   0x00000002   Code   RO         3252    .ARM.Collect$$libinit$$00000033  c_w.l(libinit2.o)
    0x08000164   0x00000002   Code   RO         3272    .ARM.Collect$$libshutdown$$00000000  c_w.l(libshutdown.o)
    0x08000166   0x00000000   Code   RO         3285    .ARM.Collect$$libshutdown$$00000002  c_w.l(libshutdown2.o)
    0x08000166   0x00000000   Code   RO         3287    .ARM.Collect$$libshutdown$$00000004  c_w.l(libshutdown2.o)
    0x08000166   0x00000000   Code   RO         3290    .ARM.Collect$$libshutdown$$00000007  c_w.l(libshutdown2.o)
    0x08000166   0x00000000   Code   RO         3293    .ARM.Collect$$libshutdown$$0000000A  c_w.l(libshutdown2.o)
    0x08000166   0x00000000   Code   RO         3295    .ARM.Collect$$libshutdown$$0000000C  c_w.l(libshutdown2.o)
    0x08000166   0x00000000   Code   RO         3298    .ARM.Collect$$libshutdown$$0000000F  c_w.l(libshutdown2.o)
    0x08000166   0x00000002   Code   RO         3299    .ARM.Collect$$libshutdown$$00000010  c_w.l(libshutdown2.o)
    0x08000168   0x00000000   Code   RO         3168    .ARM.Collect$$rtentry$$00000000  c_w.l(__rtentry.o)
    0x08000168   0x00000000   Code   RO         3179    .ARM.Collect$$rtentry$$00000002  c_w.l(__rtentry2.o)
    0x08000168   0x00000006   Code   RO         3191    .ARM.Collect$$rtentry$$00000004  c_w.l(__rtentry4.o)
    0x0800016e   0x00000000   Code   RO         3181    .ARM.Collect$$rtentry$$00000009  c_w.l(__rtentry2.o)
    0x0800016e   0x00000004   Code   RO         3182    .ARM.Collect$$rtentry$$0000000A  c_w.l(__rtentry2.o)
    0x08000172   0x00000000   Code   RO         3184    .ARM.Collect$$rtentry$$0000000C  c_w.l(__rtentry2.o)
    0x08000172   0x00000008   Code   RO         3185    .ARM.Collect$$rtentry$$0000000D  c_w.l(__rtentry2.o)
    0x0800017a   0x00000002   Code   RO         3206    .ARM.Collect$$rtexit$$00000000  c_w.l(rtexit.o)
    0x0800017c   0x00000000   Code   RO         3254    .ARM.Collect$$rtexit$$00000002  c_w.l(rtexit2.o)
    0x0800017c   0x00000004   Code   RO         3255    .ARM.Collect$$rtexit$$00000003  c_w.l(rtexit2.o)
    0x08000180   0x00000006   Code   RO         3256    .ARM.Collect$$rtexit$$00000004  c_w.l(rtexit2.o)
    0x08000186   0x00000002   PAD
    0x08000188   0x00000040   Code   RO            4    .text               startup_stm32f103xb.o
    0x080001c8   0x00000044   Code   RO         3122    .text               c_w.l(rt_memclr.o)
    0x0800020c   0x0000004e   Code   RO         3124    .text               c_w.l(rt_memclr_w.o)
    0x0800025a   0x00000006   Code   RO         3126    .text               c_w.l(heapauxi.o)
    0x08000260   0x0000004a   Code   RO         3193    .text               c_w.l(sys_stackheap_outer.o)
    0x080002aa   0x00000012   Code   RO         3195    .text               c_w.l(exit.o)
    0x080002bc   0x00000008   Code   RO         3203    .text               c_w.l(libspace.o)
    0x080002c4   0x0000000c   Code   RO         3264    .text               c_w.l(sys_exit.o)
    0x080002d0   0x00000002   Code   RO         3275    .text               c_w.l(use_no_semi.o)
    0x080002d2   0x00000000   Code   RO         3277    .text               c_w.l(indicate_semi.o)
    0x080002d2   0x00000002   PAD
    0x080002d4   0x00000028   Code   RO          692    i.ArmCam_init       armcamera.o
    0x080002fc   0x00000002   Code   RO          580    i.BusFault_Handler  stm32f1xx_it.o
    0x080002fe   0x00000002   PAD
    0x08000300   0x00000050   Code   RO           13    i.CarMotor_init     carmotor.o
    0x08000350   0x00000002   Code   RO          581    i.DebugMon_Handler  stm32f1xx_it.o
    0x08000352   0x00000004   Code   RO          297    i.Error_Handler     main.o
    0x08000356   0x00000002   PAD
    0x08000358   0x00000014   Code   RO           14    i.Frontal_Right_run2back  carmotor.o
    0x0800036c   0x00000014   Code   RO           15    i.Frontal_Right_run2forward  carmotor.o
    0x08000380   0x00000014   Code   RO           16    i.Frontal_left_run2back  carmotor.o
    0x08000394   0x00000014   Code   RO           17    i.Frontal_left_run2forward  carmotor.o
    0x080003a8   0x00000046   Code   RO         2124    i.HAL_DMA_Abort     stm32f1xx_hal_dma.o
    0x080003ee   0x00000002   PAD
    0x080003f0   0x00000098   Code   RO         2125    i.HAL_DMA_Abort_IT  stm32f1xx_hal_dma.o
    0x08000488   0x00000024   Code   RO         1750    i.HAL_Delay         stm32f1xx_hal.o
    0x080004ac   0x000001e0   Code   RO         2060    i.HAL_GPIO_Init     stm32f1xx_hal_gpio.o
    0x0800068c   0x0000000c   Code   RO         1754    i.HAL_GetTick       stm32f1xx_hal.o
    0x08000698   0x00000010   Code   RO         1760    i.HAL_IncTick       stm32f1xx_hal.o
    0x080006a8   0x00000024   Code   RO         1761    i.HAL_Init          stm32f1xx_hal.o
    0x080006cc   0x00000040   Code   RO         1762    i.HAL_InitTick      stm32f1xx_hal.o
    0x0800070c   0x0000003c   Code   RO          668    i.HAL_MspInit       stm32f1xx_hal_msp.o
    0x08000748   0x0000001a   Code   RO         2220    i.HAL_NVIC_EnableIRQ  stm32f1xx_hal_cortex.o
    0x08000762   0x00000002   PAD
    0x08000764   0x00000040   Code   RO         2226    i.HAL_NVIC_SetPriority  stm32f1xx_hal_cortex.o
    0x080007a4   0x00000024   Code   RO         2227    i.HAL_NVIC_SetPriorityGrouping  stm32f1xx_hal_cortex.o
    0x080007c8   0x0000012c   Code   RO         1918    i.HAL_RCC_ClockConfig  stm32f1xx_hal_rcc.o
    0x080008f4   0x00000020   Code   RO         1925    i.HAL_RCC_GetPCLK1Freq  stm32f1xx_hal_rcc.o
    0x08000914   0x00000020   Code   RO         1926    i.HAL_RCC_GetPCLK2Freq  stm32f1xx_hal_rcc.o
    0x08000934   0x0000004c   Code   RO         1927    i.HAL_RCC_GetSysClockFreq  stm32f1xx_hal_rcc.o
    0x08000980   0x00000320   Code   RO         1930    i.HAL_RCC_OscConfig  stm32f1xx_hal_rcc.o
    0x08000ca0   0x00000028   Code   RO         2231    i.HAL_SYSTICK_Config  stm32f1xx_hal_cortex.o
    0x08000cc8   0x00000068   Code   RO         1495    i.HAL_TIMEx_MasterConfigSynchronization  stm32f1xx_hal_tim_ex.o
    0x08000d30   0x0000005a   Code   RO          772    i.HAL_TIM_Base_Init  stm32f1xx_hal_tim.o
    0x08000d8a   0x00000002   PAD
    0x08000d8c   0x00000058   Code   RO          455    i.HAL_TIM_Base_MspInit  tim.o
    0x08000de4   0x000000dc   Code   RO          781    i.HAL_TIM_ConfigClockSource  stm32f1xx_hal_tim.o
    0x08000ec0   0x000000bc   Code   RO          456    i.HAL_TIM_MspPostInit  tim.o
    0x08000f7c   0x000000cc   Code   RO          844    i.HAL_TIM_PWM_ConfigChannel  stm32f1xx_hal_tim.o
    0x08001048   0x0000005a   Code   RO          847    i.HAL_TIM_PWM_Init  stm32f1xx_hal_tim.o
    0x080010a2   0x00000002   Code   RO          849    i.HAL_TIM_PWM_MspInit  stm32f1xx_hal_tim.o
    0x080010a4   0x0000009c   Code   RO          852    i.HAL_TIM_PWM_Start  stm32f1xx_hal_tim.o
    0x08001140   0x00000002   Code   RO         2732    i.HAL_UARTEx_RxEventCallback  stm32f1xx_hal_uart.o
    0x08001142   0x00000002   Code   RO         2746    i.HAL_UART_ErrorCallback  stm32f1xx_hal_uart.o
    0x08001144   0x0000026c   Code   RO         2749    i.HAL_UART_IRQHandler  stm32f1xx_hal_uart.o
    0x080013b0   0x00000064   Code   RO         2750    i.HAL_UART_Init     stm32f1xx_hal_uart.o
    0x08001414   0x00000128   Code   RO          515    i.HAL_UART_MspInit  usart.o
    0x0800153c   0x0000001c   Code   RO         2755    i.HAL_UART_Receive_IT  stm32f1xx_hal_uart.o
    0x08001558   0x00000088   Code   RO          215    i.HAL_UART_RxCpltCallback  transmit2pi.o
    0x080015e0   0x0000009a   Code   RO         2758    i.HAL_UART_Transmit  stm32f1xx_hal_uart.o
    0x0800167a   0x00000002   Code   RO         2761    i.HAL_UART_TxCpltCallback  stm32f1xx_hal_uart.o
    0x0800167c   0x00000002   Code   RO          582    i.HardFault_Handler  stm32f1xx_it.o
    0x0800167e   0x00000002   PAD
    0x08001680   0x0000003c   Code   RO          346    i.MX_GPIO_Init      gpio.o
    0x080016bc   0x000000b0   Code   RO          457    i.MX_TIM2_Init      tim.o
    0x0800176c   0x000000cc   Code   RO          458    i.MX_TIM3_Init      tim.o
    0x08001838   0x000000cc   Code   RO          459    i.MX_TIM4_Init      tim.o
    0x08001904   0x00000038   Code   RO          516    i.MX_USART1_UART_Init  usart.o
    0x0800193c   0x00000038   Code   RO          517    i.MX_USART2_UART_Init  usart.o
    0x08001974   0x00000038   Code   RO          518    i.MX_USART3_UART_Init  usart.o
    0x080019ac   0x00000002   Code   RO          583    i.MemManage_Handler  stm32f1xx_it.o
    0x080019ae   0x00000002   Code   RO          584    i.NMI_Handler       stm32f1xx_it.o
    0x080019b0   0x00000002   Code   RO          585    i.PendSV_Handler    stm32f1xx_it.o
    0x080019b2   0x00000002   Code   RO          586    i.SVC_Handler       stm32f1xx_it.o
    0x080019b4   0x00000004   Code   RO          587    i.SysTick_Handler   stm32f1xx_it.o
    0x080019b8   0x0000005e   Code   RO          298    i.SystemClock_Config  main.o
    0x08001a16   0x00000002   Code   RO         3084    i.SystemInit        system_stm32f1xx.o
    0x08001a18   0x0000006c   Code   RO          865    i.TIM_Base_SetConfig  stm32f1xx_hal_tim.o
    0x08001a84   0x0000001a   Code   RO          866    i.TIM_CCxChannelCmd  stm32f1xx_hal_tim.o
    0x08001a9e   0x00000014   Code   RO          876    i.TIM_ETR_SetConfig  stm32f1xx_hal_tim.o
    0x08001ab2   0x00000010   Code   RO          877    i.TIM_ITRx_SetConfig  stm32f1xx_hal_tim.o
    0x08001ac2   0x00000002   PAD
    0x08001ac4   0x00000050   Code   RO          878    i.TIM_OC1_SetConfig  stm32f1xx_hal_tim.o
    0x08001b14   0x00000058   Code   RO          879    i.TIM_OC2_SetConfig  stm32f1xx_hal_tim.o
    0x08001b6c   0x00000058   Code   RO          880    i.TIM_OC3_SetConfig  stm32f1xx_hal_tim.o
    0x08001bc4   0x00000044   Code   RO          881    i.TIM_OC4_SetConfig  stm32f1xx_hal_tim.o
    0x08001c08   0x00000022   Code   RO          883    i.TIM_TI1_ConfigInputStage  stm32f1xx_hal_tim.o
    0x08001c2a   0x00000024   Code   RO          885    i.TIM_TI2_ConfigInputStage  stm32f1xx_hal_tim.o
    0x08001c4e   0x00000010   Code   RO         2763    i.UART_DMAAbortOnError  stm32f1xx_hal_uart.o
    0x08001c5e   0x0000004e   Code   RO         2773    i.UART_EndRxTransfer  stm32f1xx_hal_uart.o
    0x08001cac   0x000000c2   Code   RO         2775    i.UART_Receive_IT   stm32f1xx_hal_uart.o
    0x08001d6e   0x00000002   PAD
    0x08001d70   0x000000b8   Code   RO         2776    i.UART_SetConfig    stm32f1xx_hal_uart.o
    0x08001e28   0x00000036   Code   RO         2778    i.UART_Start_Receive_IT  stm32f1xx_hal_uart.o
    0x08001e5e   0x00000078   Code   RO         2779    i.UART_WaitOnFlagUntilTimeout  stm32f1xx_hal_uart.o
    0x08001ed6   0x00000002   PAD
    0x08001ed8   0x0000000c   Code   RO          588    i.USART1_IRQHandler  stm32f1xx_it.o
    0x08001ee4   0x0000000c   Code   RO          589    i.USART2_IRQHandler  stm32f1xx_it.o
    0x08001ef0   0x00000002   Code   RO          590    i.UsageFault_Handler  stm32f1xx_it.o
    0x08001ef2   0x00000020   Code   RO         2233    i.__NVIC_SetPriority  stm32f1xx_hal_cortex.o
    0x08001f12   0x00000002   PAD
    0x08001f14   0x0000004c   Code   RO          693    i.arm_AngV_cmd      armcamera.o
    0x08001f60   0x00000014   Code   RO           18    i.back_Right_run2back  carmotor.o
    0x08001f74   0x00000014   Code   RO           19    i.back_Right_run2forward  carmotor.o
    0x08001f88   0x00000014   Code   RO           20    i.back_left_run2back  carmotor.o
    0x08001f9c   0x00000014   Code   RO           21    i.back_left_run2forward  carmotor.o
    0x08001fb0   0x00000030   Code   RO           22    i.carMove2B         carmotor.o
    0x08001fe0   0x00000030   Code   RO           23    i.carMove2F         carmotor.o
    0x08002010   0x00000030   Code   RO           24    i.carMove2L         carmotor.o
    0x08002040   0x00000030   Code   RO           25    i.carMove2R         carmotor.o
    0x08002070   0x00000030   Code   RO           26    i.carRotate2L       carmotor.o
    0x080020a0   0x00000030   Code   RO           27    i.carRotate2R       carmotor.o
    0x080020d0   0x00000030   Code   RO           28    i.carStop           carmotor.o
    0x08002100   0x000000bc   Code   RO          217    i.dataFromHMI_process  transmit2pi.o
    0x080021bc   0x000000f8   Code   RO          218    i.dataFromPi_process  transmit2pi.o
    0x080022b4   0x00000020   Code   RO          694    i.joint1_cmd        armcamera.o
    0x080022d4   0x00000020   Code   RO          695    i.joint2_cmd        armcamera.o
    0x080022f4   0x0000006c   Code   RO          299    i.main              main.o
    0x08002360   0x00000038   Code   RO          219    i.my_uart_init      transmit2pi.o
    0x08002398   0x00000078   Code   RO          300    i.run               main.o
    0x08002410   0x00000024   Code   RO          519    i.u1_printf         usart.o
    0x08002434   0x00000024   Code   RO          520    i.u2_printf         usart.o
    0x08002458   0x00000044   Code   RO          220    i.velocity_b2f      transmit2pi.o
    0x0800249c   0x00000062   Code   RO         3130    x$fpl$d2f           fz_ws.l(d2f.o)
    0x080024fe   0x00000002   PAD
    0x08002500   0x00000150   Code   RO         3132    x$fpl$dadd          fz_ws.l(daddsub_clz.o)
    0x08002650   0x00000026   Code   RO         3138    x$fpl$dfltu         fz_ws.l(dflt_clz.o)
    0x08002676   0x00000002   PAD
    0x08002678   0x00000154   Code   RO         3144    x$fpl$dmul          fz_ws.l(dmul.o)
    0x080027cc   0x0000009c   Code   RO         3169    x$fpl$dnaninf       fz_ws.l(dnaninf.o)
    0x08002868   0x0000000c   Code   RO         3171    x$fpl$dretinf       fz_ws.l(dretinf.o)
    0x08002874   0x000001d4   Code   RO         3134    x$fpl$dsub          fz_ws.l(daddsub_clz.o)
    0x08002a48   0x00000036   Code   RO         3152    x$fpl$ffix          fz_ws.l(ffix.o)
    0x08002a7e   0x00000002   PAD
    0x08002a80   0x0000003e   Code   RO         3156    x$fpl$ffixu         fz_ws.l(ffixu.o)
    0x08002abe   0x00000002   PAD
    0x08002ac0   0x00000030   Code   RO         3161    x$fpl$fflt          fz_ws.l(fflt_clz.o)
    0x08002af0   0x00000102   Code   RO         3166    x$fpl$fmul          fz_ws.l(fmul.o)
    0x08002bf2   0x0000008c   Code   RO         3173    x$fpl$fnaninf       fz_ws.l(fnaninf.o)
    0x08002c7e   0x0000000a   Code   RO         3175    x$fpl$fretinf       fz_ws.l(fretinf.o)
    0x08002c88   0x00000000   Code   RO         3177    x$fpl$usenofp       fz_ws.l(usenofp.o)
    0x08002c88   0x00000012   Data   RO         1931    .constdata          stm32f1xx_hal_rcc.o
    0x08002c9a   0x00000010   Data   RO         3085    .constdata          system_stm32f1xx.o
    0x08002caa   0x00000008   Data   RO         3086    .constdata          system_stm32f1xx.o
    0x08002cb2   0x00000002   PAD
    0x08002cb4   0x00000020   Data   RO         3330    Region$$Table       anon$$obj.o


    Execution Region RW_IRAM1 (Base: 0x20000000, Size: 0x00000870, Max: 0x00005000, ABSOLUTE)

    Base Addr    Size         Type   Attr      Idx    E Section Name        Object

    0x20000000   0x00000005   Data   RW          224    .data               transmit2pi.o
    0x20000005   0x00000003   PAD
    0x20000008   0x00000008   Data   RW          696    .data               armcamera.o
    0x20000010   0x0000000c   Data   RW         1768    .data               stm32f1xx_hal.o
    0x2000001c   0x00000004   Data   RW         3087    .data               system_stm32f1xx.o
    0x20000020   0x0000003c   Zero   RW          222    .bss                transmit2pi.o
    0x2000005c   0x000000d8   Zero   RW          460    .bss                tim.o
    0x20000134   0x000000d8   Zero   RW          521    .bss                usart.o
    0x2000020c   0x00000060   Zero   RW         3204    .bss                c_w.l(libspace.o)
    0x2000026c   0x00000004   PAD
    0x20000270   0x00000200   Zero   RW            2    HEAP                startup_stm32f103xb.o
    0x20000470   0x00000400   Zero   RW            1    STACK               startup_stm32f103xb.o


==============================================================================

Image component sizes


      Code (inc. data)   RO Data    RW Data    ZI Data      Debug   Object Name

       180         20          0          8          0       2349   armcamera.o
       576        102          0          0          0     398836   carmotor.o
        60          6          0          0          0     421655   gpio.o
       326         92          0          0          0       2482   main.o
        64         26        236          0       1536        800   startup_stm32f103xb.o
       164         28          0         12          0       5717   stm32f1xx_hal.o
       198         14          0          0          0      28807   stm32f1xx_hal_cortex.o
       222          4          0          0          0       1699   stm32f1xx_hal_dma.o
       480         34          0          0          0       2216   stm32f1xx_hal_gpio.o
        60          8          0          0          0        826   stm32f1xx_hal_msp.o
      1240         84         18          0          0       4972   stm32f1xx_hal_rcc.o
      1326         46          0          0          0      11924   stm32f1xx_hal_tim.o
       104         12          0          0          0       1312   stm32f1xx_hal_tim_ex.o
      1554         10          0          0          0      10568   stm32f1xx_hal_uart.o
        44         12          0          0          0       4606   stm32f1xx_it.o
         2          0         24          4          0       1047   system_stm32f1xx.o
       860         60          0          0        216       3874   tim.o
       696        188          0          5         60       4341   transmit2pi.o
       536         62          0          0        216       3976   usart.o

    ----------------------------------------------------------------------
      8712        808        312         32       2028     912007   Object Totals
         0          0         32          0          0          0   (incl. Generated)
        20          0          2          3          0          0   (incl. Padding)

    ----------------------------------------------------------------------

      Code (inc. data)   RO Data    RW Data    ZI Data      Debug   Library Member Name

         8          0          0          0          0         68   __main.o
         0          0          0          0          0          0   __rtentry.o
        12          0          0          0          0          0   __rtentry2.o
         6          0          0          0          0          0   __rtentry4.o
        52          8          0          0          0          0   __scatter.o
        26          0          0          0          0          0   __scatter_copy.o
        28          0          0          0          0          0   __scatter_zi.o
        18          0          0          0          0         80   exit.o
         6          0          0          0          0        152   heapauxi.o
         0          0          0          0          0          0   indicate_semi.o
         2          0          0          0          0          0   libinit.o
         2          0          0          0          0          0   libinit2.o
         2          0          0          0          0          0   libshutdown.o
         2          0          0          0          0          0   libshutdown2.o
         8          4          0          0         96         68   libspace.o
        68          0          0          0          0         68   rt_memclr.o
        78          0          0          0          0         80   rt_memclr_w.o
         2          0          0          0          0          0   rtexit.o
        10          0          0          0          0          0   rtexit2.o
        12          4          0          0          0         68   sys_exit.o
        74          0          0          0          0         80   sys_stackheap_outer.o
         2          0          0          0          0         68   use_no_semi.o
        98          4          0          0          0         92   d2f.o
       804         16          0          0          0        272   daddsub_clz.o
        38          0          0          0          0         68   dflt_clz.o
       340         12          0          0          0        104   dmul.o
       156          4          0          0          0         92   dnaninf.o
        12          0          0          0          0         68   dretinf.o
        54          4          0          0          0         84   ffix.o
        62          4          0          0          0         84   ffixu.o
        48          0          0          0          0         68   fflt_clz.o
       258          4          0          0          0         84   fmul.o
       140          4          0          0          0         84   fnaninf.o
        10          0          0          0          0         68   fretinf.o
         0          0          0          0          0          0   usenofp.o

    ----------------------------------------------------------------------
      2452         68          0          0        100       1900   Library Totals
        14          0          0          0          4          0   (incl. Padding)

    ----------------------------------------------------------------------

      Code (inc. data)   RO Data    RW Data    ZI Data      Debug   Library Name

       418         16          0          0         96        732   c_w.l
      2020         52          0          0          0       1168   fz_ws.l

    ----------------------------------------------------------------------
      2452         68          0          0        100       1900   Library Totals

    ----------------------------------------------------------------------

==============================================================================


      Code (inc. data)   RO Data    RW Data    ZI Data      Debug   

     11164        876        312         32       2128     907923   Grand Totals
     11164        876        312         32       2128     907923   ELF Image Totals
     11164        876        312         32          0          0   ROM Totals

==============================================================================

    Total RO  Size (Code + RO Data)                11476 (  11.21kB)
    Total RW  Size (RW Data + ZI Data)              2160 (   2.11kB)
    Total ROM Size (Code + RO Data + RW Data)      11508 (  11.24kB)

==============================================================================

